******************************************************************************
                  TI ARM Linker Unix v20.2.7                   
******************************************************************************
>> Linked Fri Feb  6 00:39:08 2026

OUTPUT FILE NAME:   <IoT_project.out>
ENTRY POINT SYMBOL: "_c_int00_noargs"  address: 00006ead


MEMORY CONFIGURATION

         name            origin    length      used     unused   attr    fill
----------------------  --------  ---------  --------  --------  ----  --------
  MAIN                  00000000   00040000  0000845c  00037ba4  R  X
  INFO                  00200000   00004000  00000000  00004000  R  X
  SRAM_CODE             01000000   00010000  0000031a  0000fce6  RW X
  SRAM_DATA             20000000   00010000  0000031a  0000fce6  RW  


SEGMENT ALLOCATION MAP

run origin  load origin   length   init length attrs members
----------  ----------- ---------- ----------- ----- -------
00000000    00000000    00008460   00008460    r-x
  00000000    00000000    000000e4   000000e4    r-- .intvecs
  000000e4    000000e4    00007338   00007338    r-x .text
  00007420    00007420    00000f90   00000f90    r-- .const
  000083b0    000083b0    000000b0   000000b0    r-- .cinit
20000000    20000000    0000011a   00000000    rw-
  20000000    20000000    000000e8   00000000    rw- .data
  200000e8    200000e8    00000032   00000000    rw- .bss
2000fe00    2000fe00    00000200   00000000    rw-
  2000fe00    2000fe00    00000200   00000000    rw- .stack


SECTION ALLOCATION MAP

 output                                  attributes/
section   page    origin      length       input sections
--------  ----  ----------  ----------   ----------------
.intvecs   0    00000000    000000e4     
                  00000000    000000e4     startup_msp432p401r_ccs.obj (.intvecs:retain)

.text      0    000000e4    00007338     
                  000000e4    00001080     main_IoT_project.obj (.text)
                  00001164    00000a4e     rtsv7M4_T_le_v4SPD16_eabi.lib : _printfi.c.obj (.text:__TI_printfi)
                  00001bb2    00000002                                   : div0.asm.obj (.text)
                  00001bb4    000009d0                                   : e_pow.c.obj (.text:pow)
                  00002584    00000680     Crystalfontz128x128_ST7735.obj (.text)
                  00002c04    0000047e     grlib.a : string.obj (.text:Graphics_drawString)
                  00003082    00000002     --HOLE-- [fill = 0]
                  00003084    00000408     HAL_TMP006.obj (.text)
                  0000348c    00000334     system_msp432p401r.obj (.text)
                  000037c0    00000288     msp432p4xx_driverlib.lib : flash.o (.text:FlashCtl_verifyMemory)
                  00003a48    00000270     rtsv7M4_T_le_v4SPD16_eabi.lib : _printfi.c.obj (.text:_pconv_a)
                  00003cb8    000001ec     msp432p4xx_driverlib.lib : flash.o (.text:_FlashCtl_ProgramBurst)
                  00003ea4    000001d0     rtsv7M4_T_le_v4SPD16_eabi.lib : _printfi.c.obj (.text:_pconv_g)
                  00004074    000001b6                                   : fd_add_t2.asm.obj (.text)
                  0000422a    00000162     msp432p4xx_driverlib.lib : flash.o (.text:FlashCtl_programMemory)
                  0000438c    00000160                              : adc14.o (.text:_getIndexForMemRegister)
                  000044ec    00000158     rtsv7M4_T_le_v4SPD16_eabi.lib : e_sqrt.c.obj (.text:sqrt)
                  00004644    00000144     msp432p4xx_driverlib.lib : timer_a.o (.text:privateTimer_AProcessClockSourceDivider)
                  00004788    0000013c     HAL_OPT3001.obj (.text)
                  000048c4    0000013c     rtsv7M4_T_le_v4SPD16_eabi.lib : _printfi.c.obj (.text:_pconv_e)
                  00004a00    00000138     msp432p4xx_driverlib.lib : flash.o (.text:FlashCtl_eraseSector)
                  00004b38    00000136     rtsv7M4_T_le_v4SPD16_eabi.lib : fd_div_t2.asm.obj (.text)
                  00004c6e    00000002     --HOLE-- [fill = 0]
                  00004c70    00000134     msp432p4xx_driverlib.lib : flash.o (.text:__FlashCtl_remaskBurstDataPre)
                  00004da4    00000130                              : cs.o (.text:CS_initClockSignal)
                  00004ed4    00000130                              : flash.o (.text:__FlashCtl_remaskBurstDataPost)
                  00005004    00000124     rtsv7M4_T_le_v4SPD16_eabi.lib : _printfi.c.obj (.text:fcvt)
                  00005128    00000118     HAL_I2C.obj (.text)
                  00005240    00000112     grlib.a : rectangle.obj (.text:Graphics_fillRectangle)
                  00005352    00000002     --HOLE-- [fill = 0]
                  00005354    00000110     rtsv7M4_T_le_v4SPD16_eabi.lib : s_scalbn.c.obj (.text:scalbn)
                  00005464    000000fc                                   : fd_mul_t2.asm.obj (.text)
                  00005560    000000fa     grlib.a : string.obj (.text:Graphics_getStringWidth)
                  0000565a    00000002     --HOLE-- [fill = 0]
                  0000565c    000000d8     msp432p4xx_driverlib.lib : flash.o (.text:__FlashCtl_remaskData32Pre)
                  00005734    000000d4                              : flash.o (.text:__FlashCtl_remaskData32Post)
                  00005808    000000cc     HAL_MSP_EXP432P401R_Crystalfontz128x128_ST7735.obj (.text)
                  000058d4    000000c8     msp432p4xx_driverlib.lib : flash.o (.text:_FlashCtl_Program8)
                  0000599c    000000bc                              : flash.o (.text:_FlashCtl_Program32)
                  00005a58    000000b4                              : adc14.o (.text:ADC14_configureConversionMemory)
                  00005b0c    000000b4                              : adc14.o (.text:ADC14_configureMultiSequenceMode)
                  00005bc0    000000b1     rtsv7M4_T_le_v4SPD16_eabi.lib : _printfi.c.obj (.text:_ltostr)
                  00005c71    00000001     --HOLE-- [fill = 0]
                  00005c72    000000b0     msp432p4xx_driverlib.lib : spi.o (.text:SPI_initMaster)
                  00005d22    0000009c     grlib.a : line.obj (.text:Graphics_drawLineH)
                  00005dbe    0000009c     rtsv7M4_T_le_v4SPD16_eabi.lib : memcpy_t2.asm.obj (.text)
                  00005e5a    00000096                                   : ull_div_t2.asm.obj (.text)
                  00005ef0    0000008c     msp432p4xx_driverlib.lib : flash.o (.text:__FlashCtl_remaskData8Pre)
                  00005f7c    00000088                              : gpio.o (.text:GPIO_setAsPeripheralModuleFunctionInputPin)
                  00006004    00000088                              : gpio.o (.text:GPIO_setAsPeripheralModuleFunctionOutputPin)
                  0000608c    00000086     rtsv7M4_T_le_v4SPD16_eabi.lib : fd_cmp_t2.asm.obj (.text:__aeabi_cdcmple)
                  00006112    00000086                                   : fd_cmp_t2.asm.obj (.text:__aeabi_cdrcmple)
                  00006198    00000084     msp432p4xx_driverlib.lib : flash.o (.text:__FlashCtl_remaskData8Post)
                  0000621c    00000080                              : sysctl.o (.text:SysCtl_getTLVInfo)
                  0000629c    0000007a     rtsv7M4_T_le_v4SPD16_eabi.lib : memset_t2.asm.obj (.text)
                  00006316    00000002     --HOLE-- [fill = 0]
                  00006318    00000078     msp432p4xx_driverlib.lib : flash.o (.text:FlashCtl_isSectorProtected)
                  00006390    00000078                              : flash.o (.text:FlashCtl_setReadMode)
                  00006408    00000078                              : flash.o (.text:FlashCtl_unprotectSector)
                  00006480    00000074                              : timer_a.o (.text:Timer_A_generatePWM)
                  000064f4    0000006e     rtsv7M4_T_le_v4SPD16_eabi.lib : _printfi.c.obj (.text:_mcpy)
                  00006562    00000002     --HOLE-- [fill = 0]
                  00006564    0000006c     msp432p4xx_driverlib.lib : i2c.o (.text:I2C_masterSendMultiByteFinish)
                  000065d0    00000068                              : i2c.o (.text:I2C_masterSendMultiByteStart)
                  00006638    00000068     rtsv7M4_T_le_v4SPD16_eabi.lib : copy_decompress_lzss.c.obj (.text:decompress:lzss:__TI_decompress_lzss)
                  000066a0    00000064     msp432p4xx_driverlib.lib : flash.o (.text:FlashCtl_protectSector)
                  00006704    00000064     rtsv7M4_T_le_v4SPD16_eabi.lib : s_frexp.c.obj (.text:frexp)
                  00006768    00000062     msp432p4xx_driverlib.lib : i2c.o (.text:I2C_initMaster)
                  000067ca    00000056     rtsv7M4_T_le_v4SPD16_eabi.lib : _printfi.c.obj (.text:_pconv_f)
                  00006820    00000054     msp432p4xx_driverlib.lib : adc14.o (.text:ADC14_initModule)
                  00006874    00000054     rtsv7M4_T_le_v4SPD16_eabi.lib : _ltoa.c.obj (.text:__TI_ltoa)
                  000068c8    00000052     grlib.a : context.obj (.text:Graphics_initContext)
                  0000691a    00000052     rtsv7M4_T_le_v4SPD16_eabi.lib : _printfi.c.obj (.text:_ecpy)
                  0000696c    0000004c     msp432p4xx_driverlib.lib : flash.o (.text:FlashCtl_clearProgramVerification)
                  000069b8    0000004c                              : flash.o (.text:FlashCtl_setProgramVerification)
                  00006a04    0000004c     rtsv7M4_T_le_v4SPD16_eabi.lib : atoi.c.obj (.text:atoi)
                  00006a50    0000004c                                   : snprintf.c.obj (.text:snprintf)
                  00006a9c    00000048     msp432p4xx_driverlib.lib : flash.o (.text:FlashCtl_setWaitState)
                  00006ae4    00000048     grlib.a : string.obj (.text:Graphics_drawStringCentered)
                  00006b2c    00000048     rtsv7M4_T_le_v4SPD16_eabi.lib : fd_toi_t2.asm.obj (.text)
                  00006b74    00000044                                   : autoinit.c.obj (.text:__TI_auto_init_nobinit_nopinit:__TI_auto_init_nobinit_nopinit)
                  00006bb8    00000040     msp432p4xx_driverlib.lib : gpio.o (.text:GPIO_setAsOutputPin)
                  00006bf8    00000040     grlib.a : string.obj (.text:Graphics_getNumberOfLeadingZeros)
                  00006c38    00000040     msp432p4xx_driverlib.lib : i2c.o (.text:I2C_masterReceiveMultiByteFinish)
                  00006c78    00000040                              : spi.o (.text:is_A_Module)
                  00006cb8    0000003e     rtsv7M4_T_le_v4SPD16_eabi.lib : _printfi.c.obj (.text:_fcpy)
                  00006cf6    00000002     --HOLE-- [fill = 0]
                  00006cf8    00000038     msp432p4xx_driverlib.lib : flash.o (.text:FlashCtl_enableWordProgramming)
                  00006d30    00000038                              : flash.o (.text:FlashCtl_getReadMode)
                  00006d68    00000038                              : flash.o (.text:FlashCtl_getWaitState)
                  00006da0    00000038                              : i2c.o (.text:I2C_masterSendMultiByteStop)
                  00006dd8    00000036     grlib.a : display.obj (.text:Graphics_drawHorizontalLineOnDisplay)
                  00006e0e    00000002     --HOLE-- [fill = 0]
                  00006e10    00000034     msp432p4xx_driverlib.lib : adc14.o (.text:ADC14_enableSampleTimer)
                  00006e44    00000034                              : cs.o (.text:CS_setDCOCenteredFrequency)
                  00006e78    00000034                              : i2c.o (.text:I2C_masterSendMultiByteNext)
                  00006eac    00000034     rtsv7M4_T_le_v4SPD16_eabi.lib : boot_cortex_m.c.obj (.text:_c_int00_noargs:_c_int00_noargs)
                  00006ee0    00000030     msp432p4xx_driverlib.lib : gpio.o (.text:GPIO_getInputPinValue)
                  00006f10    00000030     rtsv7M4_T_le_v4SPD16_eabi.lib : snprintf.c.obj (.text:_outs)
                  00006f40    0000002e                                   : i_tofd_t2.asm.obj (.text)
                  00006f6e    00000002     --HOLE-- [fill = 0]
                  00006f70    0000002c     msp432p4xx_driverlib.lib : adc14.o (.text:ADC14_toggleConversionTrigger)
                  00006f9c    0000002c     grlib.a : display.obj (.text:Graphics_drawPixelOnDisplay)
                  00006fc8    00000028     msp432p4xx_driverlib.lib : adc14.o (.text:ADC14_enableConversion)
                  00006ff0    00000028                              : adc14.o (.text:ADC14_getResult)
                  00007018    00000028                              : gpio.o (.text:GPIO_setOutputHighOnPin)
                  00007040    00000028                              : gpio.o (.text:GPIO_setOutputLowOnPin)
                  00007068    00000028                              : gpio.o (.text:GPIO_toggleOutputOnPin)
                  00007090    00000028                              : timer_a.o (.text:Timer_A_setCompareValue)
                  000070b8    00000024                              : wdt_a.o (.text:WDT_A_holdTimer)
                  000070dc    0000001e     grlib.a : display.obj (.text:Graphics_fillRectangleOnDisplay)
                  000070fa    0000001c     msp432p4xx_driverlib.lib : i2c.o (.text:I2C_setMode)
                  00007116    0000001c                              : spi.o (.text:SPI_enableModule)
                  00007132    0000001c     rtsv7M4_T_le_v4SPD16_eabi.lib : copy_zero_init.c.obj (.text:decompress:ZI:__TI_zero_init_nomemset:__TI_zero_init_nomemset)
                  0000714e    0000001c                                   : memccpy.c.obj (.text:memccpy)
                  0000716a    0000001a     grlib.a : display.obj (.text:Graphics_clearDisplayOnDisplay)
                  00007184    0000001a             : context.obj (.text:Graphics_setBackgroundColor)
                  0000719e    0000001a             : context.obj (.text:Graphics_setFont)
                  000071b8    0000001a     msp432p4xx_driverlib.lib : i2c.o (.text:I2C_masterReceiveStart)
                  000071d2    0000001a     rtsv7M4_T_le_v4SPD16_eabi.lib : s_copysign.c.obj (.text:copysign)
                  000071ec    00000018     msp432p4xx_driverlib.lib : i2c.o (.text:I2C_getInterruptStatus)
                  00007204    00000018                              : i2c.o (.text:I2C_isBusBusy)
                  0000721c    00000018     rtsv7M4_T_le_v4SPD16_eabi.lib : snprintf.c.obj (.text:_outc)
                  00007234    00000018                                   : strcmp.c.obj (.text:strcmp)
                  0000724c    00000016     msp432p4xx_driverlib.lib : spi.o (.text:EUSCI_A_SPI_enable)
                  00007262    00000016                              : spi.o (.text:EUSCI_B_SPI_enable)
                  00007278    00000016     grlib.a : context.obj (.text:Graphics_setForegroundColor)
                  0000728e    00000016             : display.obj (.text:Graphics_translateColorOnDisplay)
                  000072a4    00000016     msp432p4xx_driverlib.lib : i2c.o (.text:I2C_clearInterruptFlag)
                  000072ba    00000016                              : i2c.o (.text:I2C_disableModule)
                  000072d0    00000016                              : i2c.o (.text:I2C_enableModule)
                  000072e6    00000016     rtsv7M4_T_le_v4SPD16_eabi.lib : strchr.c.obj (.text:strchr)
                  000072fc    00000014     msp432p4xx_driverlib.lib : i2c.o (.text:I2C_masterReceiveMultiByteNext)
                  00007310    00000014                              : i2c.o (.text:I2C_setSlaveAddress)
                  00007324    00000014     rtsv7M4_T_le_v4SPD16_eabi.lib : strlen.c.obj (.text:strlen)
                  00007338    00000012     grlib.a : context.obj (.text:Graphics_clearDisplay)
                  0000734a    00000012     rtsv7M4_T_le_v4SPD16_eabi.lib : wcslen.c.obj (.text:wcslen)
                  0000735c    00000010     msp432p4xx_driverlib.lib : adc14.o (.text:ADC14_isBusy)
                  0000736c    00000010                              : adc14.o (.text:ADCIsConversionRunning)
                  0000737c    00000010                              : interrupt.o (.text:Interrupt_disableMaster)
                  0000738c    00000010                              : interrupt.o (.text:Interrupt_enableMaster)
                  0000739c    0000000e     rtsv7M4_T_le_v4SPD16_eabi.lib : copy_decompress_none.c.obj (.text:decompress:none:__TI_decompress_none)
                  000073aa    0000000e     startup_msp432p401r_ccs.obj (.text)
                  000073b8    0000000c     msp432p4xx_driverlib.lib : adc14.o (.text:ADC14_enableModule)
                  000073c4    0000000c                              : cpu.o (.text:CPU_cpsid)
                  000073d0    0000000c                              : cpu.o (.text:CPU_cpsie)
                  000073dc    0000000c                              : flash.o (.text:FlashCtl_disableWordProgramming)
                  000073e8    0000000c                              : flash.o (.text:FlashCtl_getInterruptStatus)
                  000073f4    0000000c                              : sysctl.o (.text:SysCtl_getFlashSize)
                  00007400    0000000a                              : cpu.o (.text:CPU_primask)
                  0000740a    00000002     --HOLE-- [fill = 0]
                  0000740c    00000008     rtsv7M4_T_le_v4SPD16_eabi.lib : errno.c.obj (.text:__aeabi_errno_addr)
                  00007414    00000004                                   : pre_init.c.obj (.text:_system_pre_init)
                  00007418    00000004                                   : exit.c.obj (.text:abort:abort)

.const     0    00007420    00000f90     
                  00007420    00000890     grlib.a : fontcmss20b.obj (.const:.string:g_pucCmss20bData)
                  00007cb0    000002f8             : fontfixed6x8.obj (.const:.string:g_pucFontFixed6x8Data)
                  00007fa8    00000101     rtsv7M4_T_le_v4SPD16_eabi.lib : ctype.c.obj (.const:.string:_ctypes_)
                  000080a9    00000002     main_IoT_project.obj (.const:.string:correctPIN)
                  000080ab    00000001     --HOLE-- [fill = 0]
                  000080ac    000000c8     grlib.a : fontcmss20b.obj (.const:g_sFontCmss20b)
                  00008174    000000c8             : fontfixed6x8.obj (.const:g_sFontFixed6x8)
                  0000823c    00000080     msp432p4xx_driverlib.lib : adc14.o (.const:_ctlRegs)
                  000082bc    00000004     --HOLE-- [fill = 0]
                  000082c0    00000030     rtsv7M4_T_le_v4SPD16_eabi.lib : e_pow.c.obj (.const:$O1$$)
                  000082f0    00000030     msp432p4xx_driverlib.lib : gpio.o (.const:GPIO_PORT_TO_BASE)
                  00008320    00000020     Crystalfontz128x128_ST7735.obj (.const:g_sCrystalfontz128x128_funcs)
                  00008340    0000001c     HAL_MSP_EXP432P401R_Crystalfontz128x128_ST7735.obj (.const:$P$T0$1)
                  0000835c    00000018     main_IoT_project.obj (.const:$P$T0$1)
                  00008374    00000014     HAL_I2C.obj (.const:i2cConfig)
                  00008388    00000008     Crystalfontz128x128_ST7735.obj (.const:$P$T0$1)
                  00008390    00000008     main_IoT_project.obj (.const:$P$T2$3)
                  00008398    00000008     main_IoT_project.obj (.const:$P$T4$4)
                  000083a0    00000008     main_IoT_project.obj (.const:$P$T6$5)
                  000083a8    00000008     main_IoT_project.obj (.const:$P$T8$6)

.cinit     0    000083b0    000000b0     
                  000083b0    0000008c     (.cinit..data.load) [load image, compression = lzss]
                  0000843c    0000000c     (__TI_handler_table)
                  00008448    00000008     (.cinit..bss.load) [load image, compression = zero_init]
                  00008450    00000010     (__TI_cinit_table)

.init_array 
*          0    00000000    00000000     UNINITIALIZED

.binit     0    00000000    00000000     

.data      0    20000000    000000e8     UNINITIALIZED
                  20000000    00000060     main_IoT_project.obj (.data)
                  20000060    00000040     msp432p4xx_driverlib.lib : flash.o (.data:__getBurstProgramRegs)
                  200000a0    00000010     Crystalfontz128x128_ST7735.obj (.data:g_sCrystalfontz128x128)
                  200000b0    00000010     main_IoT_project.obj (.data:keyY)
                  200000c0    0000000c     main_IoT_project.obj (.data:keyX)
                  200000cc    0000000c     main_IoT_project.obj (.data:keys)
                  200000d8    00000008     HAL_TMP006.obj (.data)
                  200000e0    00000004     rtsv7M4_T_le_v4SPD16_eabi.lib : errno.c.obj (.data)
                  200000e4    00000004     system_msp432p401r.obj (.data)

.bss       0    200000e8    00000032     UNINITIALIZED
                  200000e8    0000001c     (.common:g_sContext)
                  20000104    00000008     (.common:enteredPIN)
                  2000010c    00000002     (.common:Lcd_ScreenHeigth)
                  2000010e    00000002     (.common:Lcd_ScreenWidth)
                  20000110    00000002     (.common:Lcd_TouchTrim)
                  20000112    00000002     (.common:xValue)
                  20000114    00000002     (.common:yValue)
                  20000116    00000001     (.common:Lcd_FlagRead)
                  20000117    00000001     (.common:Lcd_FontSolid)
                  20000118    00000001     (.common:Lcd_Orientation)
                  20000119    00000001     (.common:Lcd_PenSolid)

.stack     0    2000fe00    00000200     UNINITIALIZED
                  2000fe00    00000004     rtsv7M4_T_le_v4SPD16_eabi.lib : boot_cortex_m.c.obj (.stack)
                  2000fe04    000001fc     --HOLE--

__llvm_prf_cnts 
*          0    20000000    00000000     UNINITIALIZED

MODULE SUMMARY

       Module                                               code    ro data   rw data
       ------                                               ----    -------   -------
    ./
       main_IoT_project.obj                                 4224    58        352    
       HAL_TMP006.obj                                       1032    0         16     
       system_msp432p401r.obj                               820     0         8      
       HAL_OPT3001.obj                                      316     0         0      
       HAL_I2C.obj                                          280     20        0      
       startup_msp432p401r_ccs.obj                          14      228       0      
    +--+----------------------------------------------------+-------+---------+---------+
       Total:                                               6686    306       376    
                                                                                     
    ./LcdDriver/
       Crystalfontz128x128_ST7735.obj                       1664    40        52     
       HAL_MSP_EXP432P401R_Crystalfontz128x128_ST7735.obj   204     28        0      
    +--+----------------------------------------------------+-------+---------+---------+
       Total:                                               1868    68        52     
                                                                                     
    /Applications/ti/ccs1281/ccs/tools/compiler/ti-cgt-arm_20.2.7.LTS/lib/rtsv7M4_T_le_v4SPD16_eabi.lib
       _printfi.c.obj                                       4851    0         0      
       e_pow.c.obj                                          2512    48        0      
       fd_add_t2.asm.obj                                    438     0         0      
       e_sqrt.c.obj                                         344     0         0      
       fd_div_t2.asm.obj                                    310     0         0      
       s_scalbn.c.obj                                       272     0         0      
       fd_cmp_t2.asm.obj                                    268     0         0      
       ctype.c.obj                                          0       257       0      
       fd_mul_t2.asm.obj                                    252     0         0      
       memcpy_t2.asm.obj                                    156     0         0      
       ull_div_t2.asm.obj                                   150     0         0      
       snprintf.c.obj                                       148     0         0      
       memset_t2.asm.obj                                    122     0         0      
       copy_decompress_lzss.c.obj                           104     0         0      
       s_frexp.c.obj                                        100     0         0      
       _ltoa.c.obj                                          84      0         0      
       atoi.c.obj                                           76      0         0      
       fd_toi_t2.asm.obj                                    72      0         0      
       autoinit.c.obj                                       68      0         0      
       boot_cortex_m.c.obj                                  52      0         0      
       i_tofd_t2.asm.obj                                    46      0         0      
       copy_zero_init.c.obj                                 28      0         0      
       memccpy.c.obj                                        28      0         0      
       s_copysign.c.obj                                     26      0         0      
       strcmp.c.obj                                         24      0         0      
       strchr.c.obj                                         22      0         0      
       strlen.c.obj                                         20      0         0      
       wcslen.c.obj                                         18      0         0      
       errno.c.obj                                          8       0         8      
       copy_decompress_none.c.obj                           14      0         0      
       exit.c.obj                                           4       0         0      
       pre_init.c.obj                                       4       0         0      
       div0.asm.obj                                         2       0         0      
    +--+----------------------------------------------------+-------+---------+---------+
       Total:                                               10623   305       8      
                                                                                     
    /Users/nicolobelle/ti/simplelink_msp432p4_sdk_3_40_01_02/source/ti/devices/msp432p4xx/driverlib/ccs/msp432p4xx_driverlib.lib
       flash.o                                              4382    0         128    
       adc14.o                                              1016    128       0      
       i2c.o                                                690     0         0      
       gpio.o                                               504     48        0      
       timer_a.o                                            480     0         0      
       cs.o                                                 356     0         0      
       spi.o                                                312     0         0      
       sysctl.o                                             140     0         0      
       wdt_a.o                                              36      0         0      
       cpu.o                                                34      0         0      
       interrupt.o                                          32      0         0      
    +--+----------------------------------------------------+-------+---------+---------+
       Total:                                               7982    176       128    
                                                                                     
    /Users/nicolobelle/ti/simplelink_msp432p4_sdk_3_40_01_02/source/ti/grlib/lib/ccs/m4/grlib.a
       fontcmss20b.obj                                      0       2392      0      
       string.obj                                           1536    0         0      
       fontfixed6x8.obj                                     0       960       0      
       rectangle.obj                                        274     0         0      
       display.obj                                          176     0         0      
       context.obj                                          174     0         0      
       line.obj                                             156     0         0      
    +--+----------------------------------------------------+-------+---------+---------+
       Total:                                               2316    3352      0      
                                                                                     
       Stack:                                               0       0         1024   
       Linker Generated:                                    0       176       0      
    +--+----------------------------------------------------+-------+---------+---------+
       Grand Total:                                         29475   4383      1588   


LINKER GENERATED COPY TABLES

__TI_cinit_table @ 00008450 records: 2, size/record: 8, table size: 16
	.data: load addr=000083b0, load size=0000008c bytes, run addr=20000000, run size=000000e8 bytes, compression=lzss
	.bss: load addr=00008448, load size=00000008 bytes, run addr=200000e8, run size=00000032 bytes, compression=zero_init


LINKER GENERATED HANDLER TABLE

__TI_handler_table @ 0000843c records: 3, size/record: 4, table size: 12
	index: 0, handler: __TI_decompress_lzss
	index: 1, handler: __TI_decompress_none
	index: 2, handler: __TI_zero_init


GLOBAL SYMBOLS: SORTED ALPHABETICALLY BY Name 

address   name                                       
-------   ----                                       
000073b7  ADC14_IRQHandler                           
00005a59  ADC14_configureConversionMemory            
00005b0d  ADC14_configureMultiSequenceMode           
00006fc9  ADC14_enableConversion                     
000073b9  ADC14_enableModule                         
00006e11  ADC14_enableSampleTimer                    
00006ff1  ADC14_getResult                            
00006821  ADC14_initModule                           
0000735d  ADC14_isBusy                               
00006f71  ADC14_toggleConversionTrigger              
000073b7  AES256_IRQHandler                          
000073b7  BusFault_Handler                           
00007419  C$$EXIT                                    
000073b7  COMP_E0_IRQHandler                         
000073b7  COMP_E1_IRQHandler                         
000073c5  CPU_cpsid                                  
000073d1  CPU_cpsie                                  
00007401  CPU_primask                                
000073b7  CS_IRQHandler                              
00004da5  CS_initClockSignal                         
00006e45  CS_setDCOCenteredFrequency                 
00002585  Crystalfontz128x128_Init                   
00002699  Crystalfontz128x128_SetDrawFrame           
000027c7  Crystalfontz128x128_SetOrientation         
000073b7  DMA_ERR_IRQHandler                         
000073b7  DMA_INT0_IRQHandler                        
000073b7  DMA_INT1_IRQHandler                        
000073b7  DMA_INT2_IRQHandler                        
000073b7  DMA_INT3_IRQHandler                        
000073b7  DebugMon_Handler                           
000073b7  Default_Handler                            
000073b7  EUSCIA0_IRQHandler                         
000073b7  EUSCIA1_IRQHandler                         
000073b7  EUSCIA2_IRQHandler                         
000073b7  EUSCIA3_IRQHandler                         
000073b7  EUSCIB0_IRQHandler                         
000073b7  EUSCIB1_IRQHandler                         
000073b7  EUSCIB2_IRQHandler                         
000073b7  EUSCIB3_IRQHandler                         
0000724d  EUSCI_A_SPI_enable                         
00007263  EUSCI_B_SPI_enable                         
000073b7  FLCTL_IRQHandler                           
000073b7  FPU_IRQHandler                             
0000696d  FlashCtl_clearProgramVerification          
000073dd  FlashCtl_disableWordProgramming            
00006cf9  FlashCtl_enableWordProgramming             
00004a01  FlashCtl_eraseSector                       
000073e9  FlashCtl_getInterruptStatus                
00006d31  FlashCtl_getReadMode                       
00006d69  FlashCtl_getWaitState                      
00006319  FlashCtl_isSectorProtected                 
0000422b  FlashCtl_programMemory                     
000066a1  FlashCtl_protectSector                     
000069b9  FlashCtl_setProgramVerification            
00006391  FlashCtl_setReadMode                       
00006a9d  FlashCtl_setWaitState                      
00006409  FlashCtl_unprotectSector                   
000037c1  FlashCtl_verifyMemory                      
00006ee1  GPIO_getInputPinValue                      
00006bb9  GPIO_setAsOutputPin                        
00005f7d  GPIO_setAsPeripheralModuleFunctionInputPin 
00006005  GPIO_setAsPeripheralModuleFunctionOutputPin
00007019  GPIO_setOutputHighOnPin                    
00007041  GPIO_setOutputLowOnPin                     
00007069  GPIO_toggleOutputOnPin                     
00007339  Graphics_clearDisplay                      
0000716b  Graphics_clearDisplayOnDisplay             
00006dd9  Graphics_drawHorizontalLineOnDisplay       
00005d23  Graphics_drawLineH                         
00006f9d  Graphics_drawPixelOnDisplay                
00002c05  Graphics_drawString                        
00006ae5  Graphics_drawStringCentered                
00005241  Graphics_fillRectangle                     
000070dd  Graphics_fillRectangleOnDisplay            
00005561  Graphics_getStringWidth                    
000068c9  Graphics_initContext                       
00007185  Graphics_setBackgroundColor                
0000719f  Graphics_setFont                           
00007279  Graphics_setForegroundColor                
0000728f  Graphics_translateColorOnDisplay           
00005809  HAL_LCD_PortInit                           
00005839  HAL_LCD_SpiInit                            
0000586f  HAL_LCD_writeCommand                       
0000589f  HAL_LCD_writeData                          
000073b7  HardFault_Handler                          
000072a5  I2C_clearInterruptFlag                     
000072bb  I2C_disableModule                          
000072d1  I2C_enableModule                           
000071ed  I2C_getInterruptStatus                     
00005141  I2C_init                                   
00006769  I2C_initMaster                             
00007205  I2C_isBusBusy                              
00006c39  I2C_masterReceiveMultiByteFinish           
000072fd  I2C_masterReceiveMultiByteNext             
000071b9  I2C_masterReceiveStart                     
00006565  I2C_masterSendMultiByteFinish              
00006e79  I2C_masterSendMultiByteNext                
000065d1  I2C_masterSendMultiByteStart               
00006da1  I2C_masterSendMultiByteStop                
00005159  I2C_read16                                 
000070fb  I2C_setMode                                
00007311  I2C_setSlaveAddress                        
00005223  I2C_setslave                               
000051df  I2C_write16                                
00005129  Init_I2C_GPIO                              
0000737d  Interrupt_disableMaster                    
0000738d  Interrupt_enableMaster                     
20000116  Lcd_FlagRead                               
20000117  Lcd_FontSolid                              
20000118  Lcd_Orientation                            
20000119  Lcd_PenSolid                               
2000010c  Lcd_ScreenHeigth                           
2000010e  Lcd_ScreenWidth                            
20000110  Lcd_TouchTrim                              
000073b7  MemManage_Handler                          
000073b7  NMI_Handler                                
000047ed  OPT3001_getLux                             
00004789  OPT3001_init                               
000047bd  OPT3001_readConfigReg                      
000047ad  OPT3001_readDeviceId                       
000047dd  OPT3001_readHighLimitReg                   
000047cd  OPT3001_readLowLimitReg                    
0000479d  OPT3001_readManufacturerId                 
000073b7  PCM_IRQHandler                             
000073b7  PORT1_IRQHandler                           
000073b7  PORT2_IRQHandler                           
000073b7  PORT3_IRQHandler                           
000073b7  PORT4_IRQHandler                           
000073b7  PORT5_IRQHandler                           
000073b7  PORT6_IRQHandler                           
000073b7  PSS_IRQHandler                             
000073b7  PendSV_Handler                             
000073b7  RTC_C_IRQHandler                           
000073ab  Reset_Handler                              
00007117  SPI_enableModule                           
00005c73  SPI_initMaster                             
000073b7  SVC_Handler                                
000073f5  SysCtl_getFlashSize                        
0000621d  SysCtl_getTLVInfo                          
00000425  SysTick_Handler                            
00000425  SysTick_Handler                            
200000e4  SystemCoreClock                            
0000348d  SystemCoreClockUpdate                      
00003705  SystemInit                                 
000073b7  T32_INT1_IRQHandler                        
000073b7  T32_INT2_IRQHandler                        
000073b7  T32_INTC_IRQHandler                        
000073b7  TA0_0_IRQHandler                           
000073b7  TA0_N_IRQHandler                           
000073b7  TA1_0_IRQHandler                           
000073b7  TA1_N_IRQHandler                           
000073b7  TA2_0_IRQHandler                           
000073b7  TA2_N_IRQHandler                           
000073b7  TA3_0_IRQHandler                           
000073b7  TA3_N_IRQHandler                           
000030eb  TMP006_getTemp                             
00003085  TMP006_init                                
000030db  TMP006_readAmbientTemperature              
000030bb  TMP006_readDeviceId                        
000030cb  TMP006_readObjectVoltage                   
00006481  Timer_A_generatePWM                        
00007091  Timer_A_setCompareValue                    
000073b7  UsageFault_Handler                         
4000480c  WDTCTL_SYM                                 
000073b7  WDT_A_IRQHandler                           
000070b9  WDT_A_holdTimer                            
00004ed5  __FlashCtl_remaskBurstDataPost             
00004c71  __FlashCtl_remaskBurstDataPre              
00005735  __FlashCtl_remaskData32Post                
0000565d  __FlashCtl_remaskData32Pre                 
00006199  __FlashCtl_remaskData8Post                 
00005ef1  __FlashCtl_remaskData8Pre                  
20010000  __STACK_END                                
00000200  __STACK_SIZE                               
00008450  __TI_CINIT_Base                            
00008460  __TI_CINIT_Limit                           
0000843c  __TI_Handler_Table_Base                    
00008448  __TI_Handler_Table_Limit                   
00006b75  __TI_auto_init_nobinit_nopinit             
00006639  __TI_decompress_lzss                       
0000739d  __TI_decompress_none                       
00006875  __TI_ltoa                                  
ffffffff  __TI_pprof_out_hndl                        
00001165  __TI_printfi                               
ffffffff  __TI_prof_data_size                        
ffffffff  __TI_prof_data_start                       
00000000  __TI_static_base__                         
00007133  __TI_zero_init_nomemset                    
0000608d  __aeabi_cdcmpeq                            
0000608d  __aeabi_cdcmple                            
00006113  __aeabi_cdrcmple                           
00006b2d  __aeabi_d2iz                               
0000407f  __aeabi_dadd                               
00004b39  __aeabi_ddiv                               
00005465  __aeabi_dmul                               
00004075  __aeabi_dsub                               
0000740d  __aeabi_errno_addr                         
00006f41  __aeabi_i2d                                
00001bb3  __aeabi_idiv0                              
00001bb3  __aeabi_ldiv0                              
0000629d  __aeabi_memclr                             
0000629d  __aeabi_memclr4                            
0000629d  __aeabi_memclr8                            
00005dbf  __aeabi_memcpy                             
00005dbf  __aeabi_memcpy4                            
00005dbf  __aeabi_memcpy8                            
0000629f  __aeabi_memset                             
0000629f  __aeabi_memset4                            
0000629f  __aeabi_memset8                            
00005e5b  __aeabi_uldivmod                           
ffffffff  __binit__                                  
ffffffff  __c_args__                                 
UNDEFED   __mpu_init                                 
2000fe00  __stack                                    
20000000  __start___llvm_prf_cnts                    
20000000  __stop___llvm_prf_cnts                     
00006ead  _c_int00_noargs                            
00007fa8  _ctypes_                                   
UNDEFED   _system_post_cinit                         
00007415  _system_pre_init                           
00007419  abort                                      
00006a05  atoi                                       
20000044  attemptCount                               
20000028  backGroundColor                            
ffffffff  binit                                      
00000c01  brightnessSensor                           
00000a31  checkPIN                                   
000008e1  clearFeedback                              
000071d3  copysign                                   
000071d3  copysignl                                  
20000048  currentState                               
00000637  drawInitialScreen                          
000006d1  drawKeyAt                                  
00000679  drawKeypad                                 
20000104  enteredPIN                                 
200000e0  errno                                      
00006705  frexp                                      
00006705  frexpl                                     
200000e8  g_sContext                                 
200000a0  g_sCrystalfontz128x128                     
00008320  g_sCrystalfontz128x128_funcs               
000080ac  g_sFontCmss20b                             
00008174  g_sFontFixed6x8                            
000005e5  getJoystickDirection                       
00000981  handleSelectedChar                         
00008374  i2cConfig                                  
00000323  initADC                                    
000003cb  initButton                                 
000002e9  initDisplay                                
000002cd  initSystem                                 
00000cd5  inputAvailable                             
00000000  interruptVectors                           
200000c0  keyX                                       
200000b0  keyY                                       
200000cc  keys                                       
2000004c  lastFeedbackShown                          
00005355  ldexp                                      
00005355  ldexpl                                     
000000ff  main                                       
0000714f  memccpy                                    
00005dbf  memcpy                                     
000062a5  memset                                     
20000040  pinIndex                                   
00001bb5  pow                                        
00001bb5  powl                                       
2000003c  prevDirection                              
20000030  prevIsDay                                  
00000d49  processInputDuringFeedback                 
000003eb  readJoystick                               
00000c79  resetPIN                                   
00000ca3  returnToInitial                            
00005355  scalbn                                     
00005355  scalbnl                                    
20000038  selectedCol                                
20000034  selectedRow                                
00000881  showFeedback                               
0000080d  showPin                                    
000007a1  showPinLabel                               
00006a51  snprintf                                   
000044ed  sqrt                                       
000044ed  sqrtl                                      
000072e7  strchr                                     
00007235  strcmp                                     
00007325  strlen                                     
2000002c  textColor                                  
0000075d  updateSelectedKey                          
0000734b  wcslen                                     
20000112  xValue                                     
20000114  yValue                                     


GLOBAL SYMBOLS: SORTED BY Symbol Address 

address   name                                       
-------   ----                                       
00000000  __TI_static_base__                         
00000000  interruptVectors                           
000000ff  main                                       
00000200  __STACK_SIZE                               
000002cd  initSystem                                 
000002e9  initDisplay                                
00000323  initADC                                    
000003cb  initButton                                 
000003eb  readJoystick                               
00000425  SysTick_Handler                            
00000425  SysTick_Handler                            
000005e5  getJoystickDirection                       
00000637  drawInitialScreen                          
00000679  drawKeypad                                 
000006d1  drawKeyAt                                  
0000075d  updateSelectedKey                          
000007a1  showPinLabel                               
0000080d  showPin                                    
00000881  showFeedback                               
000008e1  clearFeedback                              
00000981  handleSelectedChar                         
00000a31  checkPIN                                   
00000c01  brightnessSensor                           
00000c79  resetPIN                                   
00000ca3  returnToInitial                            
00000cd5  inputAvailable                             
00000d49  processInputDuringFeedback                 
00001165  __TI_printfi                               
00001bb3  __aeabi_idiv0                              
00001bb3  __aeabi_ldiv0                              
00001bb5  pow                                        
00001bb5  powl                                       
00002585  Crystalfontz128x128_Init                   
00002699  Crystalfontz128x128_SetDrawFrame           
000027c7  Crystalfontz128x128_SetOrientation         
00002c05  Graphics_drawString                        
00003085  TMP006_init                                
000030bb  TMP006_readDeviceId                        
000030cb  TMP006_readObjectVoltage                   
000030db  TMP006_readAmbientTemperature              
000030eb  TMP006_getTemp                             
0000348d  SystemCoreClockUpdate                      
00003705  SystemInit                                 
000037c1  FlashCtl_verifyMemory                      
00004075  __aeabi_dsub                               
0000407f  __aeabi_dadd                               
0000422b  FlashCtl_programMemory                     
000044ed  sqrt                                       
000044ed  sqrtl                                      
00004789  OPT3001_init                               
0000479d  OPT3001_readManufacturerId                 
000047ad  OPT3001_readDeviceId                       
000047bd  OPT3001_readConfigReg                      
000047cd  OPT3001_readLowLimitReg                    
000047dd  OPT3001_readHighLimitReg                   
000047ed  OPT3001_getLux                             
00004a01  FlashCtl_eraseSector                       
00004b39  __aeabi_ddiv                               
00004c71  __FlashCtl_remaskBurstDataPre              
00004da5  CS_initClockSignal                         
00004ed5  __FlashCtl_remaskBurstDataPost             
00005129  Init_I2C_GPIO                              
00005141  I2C_init                                   
00005159  I2C_read16                                 
000051df  I2C_write16                                
00005223  I2C_setslave                               
00005241  Graphics_fillRectangle                     
00005355  ldexp                                      
00005355  ldexpl                                     
00005355  scalbn                                     
00005355  scalbnl                                    
00005465  __aeabi_dmul                               
00005561  Graphics_getStringWidth                    
0000565d  __FlashCtl_remaskData32Pre                 
00005735  __FlashCtl_remaskData32Post                
00005809  HAL_LCD_PortInit                           
00005839  HAL_LCD_SpiInit                            
0000586f  HAL_LCD_writeCommand                       
0000589f  HAL_LCD_writeData                          
00005a59  ADC14_configureConversionMemory            
00005b0d  ADC14_configureMultiSequenceMode           
00005c73  SPI_initMaster                             
00005d23  Graphics_drawLineH                         
00005dbf  __aeabi_memcpy                             
00005dbf  __aeabi_memcpy4                            
00005dbf  __aeabi_memcpy8                            
00005dbf  memcpy                                     
00005e5b  __aeabi_uldivmod                           
00005ef1  __FlashCtl_remaskData8Pre                  
00005f7d  GPIO_setAsPeripheralModuleFunctionInputPin 
00006005  GPIO_setAsPeripheralModuleFunctionOutputPin
0000608d  __aeabi_cdcmpeq                            
0000608d  __aeabi_cdcmple                            
00006113  __aeabi_cdrcmple                           
00006199  __FlashCtl_remaskData8Post                 
0000621d  SysCtl_getTLVInfo                          
0000629d  __aeabi_memclr                             
0000629d  __aeabi_memclr4                            
0000629d  __aeabi_memclr8                            
0000629f  __aeabi_memset                             
0000629f  __aeabi_memset4                            
0000629f  __aeabi_memset8                            
000062a5  memset                                     
00006319  FlashCtl_isSectorProtected                 
00006391  FlashCtl_setReadMode                       
00006409  FlashCtl_unprotectSector                   
00006481  Timer_A_generatePWM                        
00006565  I2C_masterSendMultiByteFinish              
000065d1  I2C_masterSendMultiByteStart               
00006639  __TI_decompress_lzss                       
000066a1  FlashCtl_protectSector                     
00006705  frexp                                      
00006705  frexpl                                     
00006769  I2C_initMaster                             
00006821  ADC14_initModule                           
00006875  __TI_ltoa                                  
000068c9  Graphics_initContext                       
0000696d  FlashCtl_clearProgramVerification          
000069b9  FlashCtl_setProgramVerification            
00006a05  atoi                                       
00006a51  snprintf                                   
00006a9d  FlashCtl_setWaitState                      
00006ae5  Graphics_drawStringCentered                
00006b2d  __aeabi_d2iz                               
00006b75  __TI_auto_init_nobinit_nopinit             
00006bb9  GPIO_setAsOutputPin                        
00006c39  I2C_masterReceiveMultiByteFinish           
00006cf9  FlashCtl_enableWordProgramming             
00006d31  FlashCtl_getReadMode                       
00006d69  FlashCtl_getWaitState                      
00006da1  I2C_masterSendMultiByteStop                
00006dd9  Graphics_drawHorizontalLineOnDisplay       
00006e11  ADC14_enableSampleTimer                    
00006e45  CS_setDCOCenteredFrequency                 
00006e79  I2C_masterSendMultiByteNext                
00006ead  _c_int00_noargs                            
00006ee1  GPIO_getInputPinValue                      
00006f41  __aeabi_i2d                                
00006f71  ADC14_toggleConversionTrigger              
00006f9d  Graphics_drawPixelOnDisplay                
00006fc9  ADC14_enableConversion                     
00006ff1  ADC14_getResult                            
00007019  GPIO_setOutputHighOnPin                    
00007041  GPIO_setOutputLowOnPin                     
00007069  GPIO_toggleOutputOnPin                     
00007091  Timer_A_setCompareValue                    
000070b9  WDT_A_holdTimer                            
000070dd  Graphics_fillRectangleOnDisplay            
000070fb  I2C_setMode                                
00007117  SPI_enableModule                           
00007133  __TI_zero_init_nomemset                    
0000714f  memccpy                                    
0000716b  Graphics_clearDisplayOnDisplay             
00007185  Graphics_setBackgroundColor                
0000719f  Graphics_setFont                           
000071b9  I2C_masterReceiveStart                     
000071d3  copysign                                   
000071d3  copysignl                                  
000071ed  I2C_getInterruptStatus                     
00007205  I2C_isBusBusy                              
00007235  strcmp                                     
0000724d  EUSCI_A_SPI_enable                         
00007263  EUSCI_B_SPI_enable                         
00007279  Graphics_setForegroundColor                
0000728f  Graphics_translateColorOnDisplay           
000072a5  I2C_clearInterruptFlag                     
000072bb  I2C_disableModule                          
000072d1  I2C_enableModule                           
000072e7  strchr                                     
000072fd  I2C_masterReceiveMultiByteNext             
00007311  I2C_setSlaveAddress                        
00007325  strlen                                     
00007339  Graphics_clearDisplay                      
0000734b  wcslen                                     
0000735d  ADC14_isBusy                               
0000737d  Interrupt_disableMaster                    
0000738d  Interrupt_enableMaster                     
0000739d  __TI_decompress_none                       
000073ab  Reset_Handler                              
000073b7  ADC14_IRQHandler                           
000073b7  AES256_IRQHandler                          
000073b7  BusFault_Handler                           
000073b7  COMP_E0_IRQHandler                         
000073b7  COMP_E1_IRQHandler                         
000073b7  CS_IRQHandler                              
000073b7  DMA_ERR_IRQHandler                         
000073b7  DMA_INT0_IRQHandler                        
000073b7  DMA_INT1_IRQHandler                        
000073b7  DMA_INT2_IRQHandler                        
000073b7  DMA_INT3_IRQHandler                        
000073b7  DebugMon_Handler                           
000073b7  Default_Handler                            
000073b7  EUSCIA0_IRQHandler                         
000073b7  EUSCIA1_IRQHandler                         
000073b7  EUSCIA2_IRQHandler                         
000073b7  EUSCIA3_IRQHandler                         
000073b7  EUSCIB0_IRQHandler                         
000073b7  EUSCIB1_IRQHandler                         
000073b7  EUSCIB2_IRQHandler                         
000073b7  EUSCIB3_IRQHandler                         
000073b7  FLCTL_IRQHandler                           
000073b7  FPU_IRQHandler                             
000073b7  HardFault_Handler                          
000073b7  MemManage_Handler                          
000073b7  NMI_Handler                                
000073b7  PCM_IRQHandler                             
000073b7  PORT1_IRQHandler                           
000073b7  PORT2_IRQHandler                           
000073b7  PORT3_IRQHandler                           
000073b7  PORT4_IRQHandler                           
000073b7  PORT5_IRQHandler                           
000073b7  PORT6_IRQHandler                           
000073b7  PSS_IRQHandler                             
000073b7  PendSV_Handler                             
000073b7  RTC_C_IRQHandler                           
000073b7  SVC_Handler                                
000073b7  T32_INT1_IRQHandler                        
000073b7  T32_INT2_IRQHandler                        
000073b7  T32_INTC_IRQHandler                        
000073b7  TA0_0_IRQHandler                           
000073b7  TA0_N_IRQHandler                           
000073b7  TA1_0_IRQHandler                           
000073b7  TA1_N_IRQHandler                           
000073b7  TA2_0_IRQHandler                           
000073b7  TA2_N_IRQHandler                           
000073b7  TA3_0_IRQHandler                           
000073b7  TA3_N_IRQHandler                           
000073b7  UsageFault_Handler                         
000073b7  WDT_A_IRQHandler                           
000073b9  ADC14_enableModule                         
000073c5  CPU_cpsid                                  
000073d1  CPU_cpsie                                  
000073dd  FlashCtl_disableWordProgramming            
000073e9  FlashCtl_getInterruptStatus                
000073f5  SysCtl_getFlashSize                        
00007401  CPU_primask                                
0000740d  __aeabi_errno_addr                         
00007415  _system_pre_init                           
00007419  C$$EXIT                                    
00007419  abort                                      
00007fa8  _ctypes_                                   
000080ac  g_sFontCmss20b                             
00008174  g_sFontFixed6x8                            
00008320  g_sCrystalfontz128x128_funcs               
00008374  i2cConfig                                  
0000843c  __TI_Handler_Table_Base                    
00008448  __TI_Handler_Table_Limit                   
00008450  __TI_CINIT_Base                            
00008460  __TI_CINIT_Limit                           
20000000  __start___llvm_prf_cnts                    
20000000  __stop___llvm_prf_cnts                     
20000028  backGroundColor                            
2000002c  textColor                                  
20000030  prevIsDay                                  
20000034  selectedRow                                
20000038  selectedCol                                
2000003c  prevDirection                              
20000040  pinIndex                                   
20000044  attemptCount                               
20000048  currentState                               
2000004c  lastFeedbackShown                          
200000a0  g_sCrystalfontz128x128                     
200000b0  keyY                                       
200000c0  keyX                                       
200000cc  keys                                       
200000e0  errno                                      
200000e4  SystemCoreClock                            
200000e8  g_sContext                                 
20000104  enteredPIN                                 
2000010c  Lcd_ScreenHeigth                           
2000010e  Lcd_ScreenWidth                            
20000110  Lcd_TouchTrim                              
20000112  xValue                                     
20000114  yValue                                     
20000116  Lcd_FlagRead                               
20000117  Lcd_FontSolid                              
20000118  Lcd_Orientation                            
20000119  Lcd_PenSolid                               
2000fe00  __stack                                    
20010000  __STACK_END                                
4000480c  WDTCTL_SYM                                 
ffffffff  __TI_pprof_out_hndl                        
ffffffff  __TI_prof_data_size                        
ffffffff  __TI_prof_data_start                       
ffffffff  __binit__                                  
ffffffff  __c_args__                                 
ffffffff  binit                                      
UNDEFED   __mpu_init                                 
UNDEFED   _system_post_cinit                         

[289 symbols]
