<?xml version="1.0" encoding="ISO-8859-1" ?>
<link_info>
   <banner>TI ARM Linker Unix v20.2.7.LTS</banner>
   <copyright>Copyright (c) 1996-2018 Texas Instruments Incorporated</copyright>
   <link_time>0x69852a1c</link_time>
   <link_errors>0x0</link_errors>
   <output_file>IoT_project.out</output_file>
   <entry_point>
      <name>_c_int00_noargs</name>
      <address>0x6ead</address>
   </entry_point>
   <input_file_list>
      <input_file id="fl-2">
         <path>./</path>
         <kind>object</kind>
         <file>HAL_I2C.obj</file>
         <name>HAL_I2C.obj</name>
      </input_file>
      <input_file id="fl-3">
         <path>./</path>
         <kind>object</kind>
         <file>HAL_OPT3001.obj</file>
         <name>HAL_OPT3001.obj</name>
      </input_file>
      <input_file id="fl-4">
         <path>./</path>
         <kind>object</kind>
         <file>HAL_TMP006.obj</file>
         <name>HAL_TMP006.obj</name>
      </input_file>
      <input_file id="fl-5">
         <path>./</path>
         <kind>object</kind>
         <file>main_IoT_project.obj</file>
         <name>main_IoT_project.obj</name>
      </input_file>
      <input_file id="fl-6">
         <path>./</path>
         <kind>object</kind>
         <file>startup_msp432p401r_ccs.obj</file>
         <name>startup_msp432p401r_ccs.obj</name>
      </input_file>
      <input_file id="fl-7">
         <path>./</path>
         <kind>object</kind>
         <file>system_msp432p401r.obj</file>
         <name>system_msp432p401r.obj</name>
      </input_file>
      <input_file id="fl-8">
         <path>./LcdDriver/</path>
         <kind>object</kind>
         <file>Crystalfontz128x128_ST7735.obj</file>
         <name>Crystalfontz128x128_ST7735.obj</name>
      </input_file>
      <input_file id="fl-9">
         <path>./LcdDriver/</path>
         <kind>object</kind>
         <file>HAL_MSP_EXP432P401R_Crystalfontz128x128_ST7735.obj</file>
         <name>HAL_MSP_EXP432P401R_Crystalfontz128x128_ST7735.obj</name>
      </input_file>
      <input_file id="fl-f">
         <kind>object</kind>
         <file>&lt;internal&gt;</file>
         <name>&lt;internal&gt;</name>
      </input_file>
      <input_file id="fl-10">
         <path>/Users/nicolobelle/ti/simplelink_msp432p4_sdk_3_40_01_02/source/ti/grlib/lib/ccs/m4/</path>
         <kind>archive</kind>
         <file>grlib.a</file>
         <name>context.obj</name>
      </input_file>
      <input_file id="fl-11">
         <path>/Users/nicolobelle/ti/simplelink_msp432p4_sdk_3_40_01_02/source/ti/grlib/lib/ccs/m4/</path>
         <kind>archive</kind>
         <file>grlib.a</file>
         <name>display.obj</name>
      </input_file>
      <input_file id="fl-12">
         <path>/Users/nicolobelle/ti/simplelink_msp432p4_sdk_3_40_01_02/source/ti/grlib/lib/ccs/m4/</path>
         <kind>archive</kind>
         <file>grlib.a</file>
         <name>fontcmss20b.obj</name>
      </input_file>
      <input_file id="fl-13">
         <path>/Users/nicolobelle/ti/simplelink_msp432p4_sdk_3_40_01_02/source/ti/grlib/lib/ccs/m4/</path>
         <kind>archive</kind>
         <file>grlib.a</file>
         <name>fontfixed6x8.obj</name>
      </input_file>
      <input_file id="fl-14">
         <path>/Users/nicolobelle/ti/simplelink_msp432p4_sdk_3_40_01_02/source/ti/grlib/lib/ccs/m4/</path>
         <kind>archive</kind>
         <file>grlib.a</file>
         <name>line.obj</name>
      </input_file>
      <input_file id="fl-15">
         <path>/Users/nicolobelle/ti/simplelink_msp432p4_sdk_3_40_01_02/source/ti/grlib/lib/ccs/m4/</path>
         <kind>archive</kind>
         <file>grlib.a</file>
         <name>rectangle.obj</name>
      </input_file>
      <input_file id="fl-16">
         <path>/Users/nicolobelle/ti/simplelink_msp432p4_sdk_3_40_01_02/source/ti/grlib/lib/ccs/m4/</path>
         <kind>archive</kind>
         <file>grlib.a</file>
         <name>string.obj</name>
      </input_file>
      <input_file id="fl-17">
         <path>/Users/nicolobelle/ti/simplelink_msp432p4_sdk_3_40_01_02/source/ti/devices/msp432p4xx/driverlib/ccs/</path>
         <kind>archive</kind>
         <file>msp432p4xx_driverlib.lib</file>
         <name>adc14.o</name>
      </input_file>
      <input_file id="fl-18">
         <path>/Users/nicolobelle/ti/simplelink_msp432p4_sdk_3_40_01_02/source/ti/devices/msp432p4xx/driverlib/ccs/</path>
         <kind>archive</kind>
         <file>msp432p4xx_driverlib.lib</file>
         <name>cs.o</name>
      </input_file>
      <input_file id="fl-19">
         <path>/Users/nicolobelle/ti/simplelink_msp432p4_sdk_3_40_01_02/source/ti/devices/msp432p4xx/driverlib/ccs/</path>
         <kind>archive</kind>
         <file>msp432p4xx_driverlib.lib</file>
         <name>flash.o</name>
      </input_file>
      <input_file id="fl-1a">
         <path>/Users/nicolobelle/ti/simplelink_msp432p4_sdk_3_40_01_02/source/ti/devices/msp432p4xx/driverlib/ccs/</path>
         <kind>archive</kind>
         <file>msp432p4xx_driverlib.lib</file>
         <name>gpio.o</name>
      </input_file>
      <input_file id="fl-1b">
         <path>/Users/nicolobelle/ti/simplelink_msp432p4_sdk_3_40_01_02/source/ti/devices/msp432p4xx/driverlib/ccs/</path>
         <kind>archive</kind>
         <file>msp432p4xx_driverlib.lib</file>
         <name>i2c.o</name>
      </input_file>
      <input_file id="fl-1c">
         <path>/Users/nicolobelle/ti/simplelink_msp432p4_sdk_3_40_01_02/source/ti/devices/msp432p4xx/driverlib/ccs/</path>
         <kind>archive</kind>
         <file>msp432p4xx_driverlib.lib</file>
         <name>interrupt.o</name>
      </input_file>
      <input_file id="fl-1d">
         <path>/Users/nicolobelle/ti/simplelink_msp432p4_sdk_3_40_01_02/source/ti/devices/msp432p4xx/driverlib/ccs/</path>
         <kind>archive</kind>
         <file>msp432p4xx_driverlib.lib</file>
         <name>spi.o</name>
      </input_file>
      <input_file id="fl-1e">
         <path>/Users/nicolobelle/ti/simplelink_msp432p4_sdk_3_40_01_02/source/ti/devices/msp432p4xx/driverlib/ccs/</path>
         <kind>archive</kind>
         <file>msp432p4xx_driverlib.lib</file>
         <name>sysctl.o</name>
      </input_file>
      <input_file id="fl-1f">
         <path>/Users/nicolobelle/ti/simplelink_msp432p4_sdk_3_40_01_02/source/ti/devices/msp432p4xx/driverlib/ccs/</path>
         <kind>archive</kind>
         <file>msp432p4xx_driverlib.lib</file>
         <name>sysctl_a.o</name>
      </input_file>
      <input_file id="fl-20">
         <path>/Users/nicolobelle/ti/simplelink_msp432p4_sdk_3_40_01_02/source/ti/devices/msp432p4xx/driverlib/ccs/</path>
         <kind>archive</kind>
         <file>msp432p4xx_driverlib.lib</file>
         <name>timer_a.o</name>
      </input_file>
      <input_file id="fl-21">
         <path>/Users/nicolobelle/ti/simplelink_msp432p4_sdk_3_40_01_02/source/ti/devices/msp432p4xx/driverlib/ccs/</path>
         <kind>archive</kind>
         <file>msp432p4xx_driverlib.lib</file>
         <name>wdt_a.o</name>
      </input_file>
      <input_file id="fl-22">
         <path>/Users/nicolobelle/ti/simplelink_msp432p4_sdk_3_40_01_02/source/ti/devices/msp432p4xx/driverlib/ccs/</path>
         <kind>archive</kind>
         <file>msp432p4xx_driverlib.lib</file>
         <name>cpu.o</name>
      </input_file>
      <input_file id="fl-d8">
         <path>/Applications/ti/ccs1281/ccs/tools/compiler/ti-cgt-arm_20.2.7.LTS/lib/</path>
         <kind>archive</kind>
         <file>rtsv7M4_T_le_v4SPD16_eabi.lib</file>
         <name>e_pow.c.obj</name>
      </input_file>
      <input_file id="fl-d9">
         <path>/Applications/ti/ccs1281/ccs/tools/compiler/ti-cgt-arm_20.2.7.LTS/lib/</path>
         <kind>archive</kind>
         <file>rtsv7M4_T_le_v4SPD16_eabi.lib</file>
         <name>e_sqrt.c.obj</name>
      </input_file>
      <input_file id="fl-da">
         <path>/Applications/ti/ccs1281/ccs/tools/compiler/ti-cgt-arm_20.2.7.LTS/lib/</path>
         <kind>archive</kind>
         <file>rtsv7M4_T_le_v4SPD16_eabi.lib</file>
         <name>s_scalbn.c.obj</name>
      </input_file>
      <input_file id="fl-db">
         <path>/Applications/ti/ccs1281/ccs/tools/compiler/ti-cgt-arm_20.2.7.LTS/lib/</path>
         <kind>archive</kind>
         <file>rtsv7M4_T_le_v4SPD16_eabi.lib</file>
         <name>snprintf.c.obj</name>
      </input_file>
      <input_file id="fl-dc">
         <path>/Applications/ti/ccs1281/ccs/tools/compiler/ti-cgt-arm_20.2.7.LTS/lib/</path>
         <kind>archive</kind>
         <file>rtsv7M4_T_le_v4SPD16_eabi.lib</file>
         <name>fd_add_t2.asm.obj</name>
      </input_file>
      <input_file id="fl-dd">
         <path>/Applications/ti/ccs1281/ccs/tools/compiler/ti-cgt-arm_20.2.7.LTS/lib/</path>
         <kind>archive</kind>
         <file>rtsv7M4_T_le_v4SPD16_eabi.lib</file>
         <name>fd_cmp_t2.asm.obj</name>
      </input_file>
      <input_file id="fl-de">
         <path>/Applications/ti/ccs1281/ccs/tools/compiler/ti-cgt-arm_20.2.7.LTS/lib/</path>
         <kind>archive</kind>
         <file>rtsv7M4_T_le_v4SPD16_eabi.lib</file>
         <name>fd_div_t2.asm.obj</name>
      </input_file>
      <input_file id="fl-df">
         <path>/Applications/ti/ccs1281/ccs/tools/compiler/ti-cgt-arm_20.2.7.LTS/lib/</path>
         <kind>archive</kind>
         <file>rtsv7M4_T_le_v4SPD16_eabi.lib</file>
         <name>fd_mul_t2.asm.obj</name>
      </input_file>
      <input_file id="fl-e0">
         <path>/Applications/ti/ccs1281/ccs/tools/compiler/ti-cgt-arm_20.2.7.LTS/lib/</path>
         <kind>archive</kind>
         <file>rtsv7M4_T_le_v4SPD16_eabi.lib</file>
         <name>i_tofd_t2.asm.obj</name>
      </input_file>
      <input_file id="fl-e1">
         <path>/Applications/ti/ccs1281/ccs/tools/compiler/ti-cgt-arm_20.2.7.LTS/lib/</path>
         <kind>archive</kind>
         <file>rtsv7M4_T_le_v4SPD16_eabi.lib</file>
         <name>memcpy_t2.asm.obj</name>
      </input_file>
      <input_file id="fl-e2">
         <path>/Applications/ti/ccs1281/ccs/tools/compiler/ti-cgt-arm_20.2.7.LTS/lib/</path>
         <kind>archive</kind>
         <file>rtsv7M4_T_le_v4SPD16_eabi.lib</file>
         <name>memset_t2.asm.obj</name>
      </input_file>
      <input_file id="fl-e3">
         <path>/Applications/ti/ccs1281/ccs/tools/compiler/ti-cgt-arm_20.2.7.LTS/lib/</path>
         <kind>archive</kind>
         <file>rtsv7M4_T_le_v4SPD16_eabi.lib</file>
         <name>copy_zero_init.c.obj</name>
      </input_file>
      <input_file id="fl-e4">
         <path>/Applications/ti/ccs1281/ccs/tools/compiler/ti-cgt-arm_20.2.7.LTS/lib/</path>
         <kind>archive</kind>
         <file>rtsv7M4_T_le_v4SPD16_eabi.lib</file>
         <name>copy_decompress_none.c.obj</name>
      </input_file>
      <input_file id="fl-e5">
         <path>/Applications/ti/ccs1281/ccs/tools/compiler/ti-cgt-arm_20.2.7.LTS/lib/</path>
         <kind>archive</kind>
         <file>rtsv7M4_T_le_v4SPD16_eabi.lib</file>
         <name>copy_decompress_lzss.c.obj</name>
      </input_file>
      <input_file id="fl-e6">
         <path>/Applications/ti/ccs1281/ccs/tools/compiler/ti-cgt-arm_20.2.7.LTS/lib/</path>
         <kind>archive</kind>
         <file>rtsv7M4_T_le_v4SPD16_eabi.lib</file>
         <name>strcmp.c.obj</name>
      </input_file>
      <input_file id="fl-e7">
         <path>/Applications/ti/ccs1281/ccs/tools/compiler/ti-cgt-arm_20.2.7.LTS/lib/</path>
         <kind>archive</kind>
         <file>rtsv7M4_T_le_v4SPD16_eabi.lib</file>
         <name>boot_cortex_m.c.obj</name>
      </input_file>
      <input_file id="fl-e8">
         <path>/Applications/ti/ccs1281/ccs/tools/compiler/ti-cgt-arm_20.2.7.LTS/lib/</path>
         <kind>archive</kind>
         <file>rtsv7M4_T_le_v4SPD16_eabi.lib</file>
         <name>errno.c.obj</name>
      </input_file>
      <input_file id="fl-e9">
         <path>/Applications/ti/ccs1281/ccs/tools/compiler/ti-cgt-arm_20.2.7.LTS/lib/</path>
         <kind>archive</kind>
         <file>rtsv7M4_T_le_v4SPD16_eabi.lib</file>
         <name>s_copysign.c.obj</name>
      </input_file>
      <input_file id="fl-ea">
         <path>/Applications/ti/ccs1281/ccs/tools/compiler/ti-cgt-arm_20.2.7.LTS/lib/</path>
         <kind>archive</kind>
         <file>rtsv7M4_T_le_v4SPD16_eabi.lib</file>
         <name>_printfi.c.obj</name>
      </input_file>
      <input_file id="fl-eb">
         <path>/Applications/ti/ccs1281/ccs/tools/compiler/ti-cgt-arm_20.2.7.LTS/lib/</path>
         <kind>archive</kind>
         <file>rtsv7M4_T_le_v4SPD16_eabi.lib</file>
         <name>fd_toi_t2.asm.obj</name>
      </input_file>
      <input_file id="fl-ec">
         <path>/Applications/ti/ccs1281/ccs/tools/compiler/ti-cgt-arm_20.2.7.LTS/lib/</path>
         <kind>archive</kind>
         <file>rtsv7M4_T_le_v4SPD16_eabi.lib</file>
         <name>ull_div_t2.asm.obj</name>
      </input_file>
      <input_file id="fl-ed">
         <path>/Applications/ti/ccs1281/ccs/tools/compiler/ti-cgt-arm_20.2.7.LTS/lib/</path>
         <kind>archive</kind>
         <file>rtsv7M4_T_le_v4SPD16_eabi.lib</file>
         <name>autoinit.c.obj</name>
      </input_file>
      <input_file id="fl-ee">
         <path>/Applications/ti/ccs1281/ccs/tools/compiler/ti-cgt-arm_20.2.7.LTS/lib/</path>
         <kind>archive</kind>
         <file>rtsv7M4_T_le_v4SPD16_eabi.lib</file>
         <name>pre_init.c.obj</name>
      </input_file>
      <input_file id="fl-ef">
         <path>/Applications/ti/ccs1281/ccs/tools/compiler/ti-cgt-arm_20.2.7.LTS/lib/</path>
         <kind>archive</kind>
         <file>rtsv7M4_T_le_v4SPD16_eabi.lib</file>
         <name>cpy_tbl.c.obj</name>
      </input_file>
      <input_file id="fl-f0">
         <path>/Applications/ti/ccs1281/ccs/tools/compiler/ti-cgt-arm_20.2.7.LTS/lib/</path>
         <kind>archive</kind>
         <file>rtsv7M4_T_le_v4SPD16_eabi.lib</file>
         <name>exit.c.obj</name>
      </input_file>
      <input_file id="fl-f1">
         <path>/Applications/ti/ccs1281/ccs/tools/compiler/ti-cgt-arm_20.2.7.LTS/lib/</path>
         <kind>archive</kind>
         <file>rtsv7M4_T_le_v4SPD16_eabi.lib</file>
         <name>_lock.c.obj</name>
      </input_file>
      <input_file id="fl-f2">
         <path>/Applications/ti/ccs1281/ccs/tools/compiler/ti-cgt-arm_20.2.7.LTS/lib/</path>
         <kind>archive</kind>
         <file>rtsv7M4_T_le_v4SPD16_eabi.lib</file>
         <name>_ltoa.c.obj</name>
      </input_file>
      <input_file id="fl-f3">
         <path>/Applications/ti/ccs1281/ccs/tools/compiler/ti-cgt-arm_20.2.7.LTS/lib/</path>
         <kind>archive</kind>
         <file>rtsv7M4_T_le_v4SPD16_eabi.lib</file>
         <name>args_main.c.obj</name>
      </input_file>
      <input_file id="fl-f4">
         <path>/Applications/ti/ccs1281/ccs/tools/compiler/ti-cgt-arm_20.2.7.LTS/lib/</path>
         <kind>archive</kind>
         <file>rtsv7M4_T_le_v4SPD16_eabi.lib</file>
         <name>atoi.c.obj</name>
      </input_file>
      <input_file id="fl-f5">
         <path>/Applications/ti/ccs1281/ccs/tools/compiler/ti-cgt-arm_20.2.7.LTS/lib/</path>
         <kind>archive</kind>
         <file>rtsv7M4_T_le_v4SPD16_eabi.lib</file>
         <name>ctype.c.obj</name>
      </input_file>
      <input_file id="fl-f6">
         <path>/Applications/ti/ccs1281/ccs/tools/compiler/ti-cgt-arm_20.2.7.LTS/lib/</path>
         <kind>archive</kind>
         <file>rtsv7M4_T_le_v4SPD16_eabi.lib</file>
         <name>memccpy.c.obj</name>
      </input_file>
      <input_file id="fl-f7">
         <path>/Applications/ti/ccs1281/ccs/tools/compiler/ti-cgt-arm_20.2.7.LTS/lib/</path>
         <kind>archive</kind>
         <file>rtsv7M4_T_le_v4SPD16_eabi.lib</file>
         <name>strchr.c.obj</name>
      </input_file>
      <input_file id="fl-f8">
         <path>/Applications/ti/ccs1281/ccs/tools/compiler/ti-cgt-arm_20.2.7.LTS/lib/</path>
         <kind>archive</kind>
         <file>rtsv7M4_T_le_v4SPD16_eabi.lib</file>
         <name>strlen.c.obj</name>
      </input_file>
      <input_file id="fl-f9">
         <path>/Applications/ti/ccs1281/ccs/tools/compiler/ti-cgt-arm_20.2.7.LTS/lib/</path>
         <kind>archive</kind>
         <file>rtsv7M4_T_le_v4SPD16_eabi.lib</file>
         <name>wcslen.c.obj</name>
      </input_file>
      <input_file id="fl-fa">
         <path>/Applications/ti/ccs1281/ccs/tools/compiler/ti-cgt-arm_20.2.7.LTS/lib/</path>
         <kind>archive</kind>
         <file>rtsv7M4_T_le_v4SPD16_eabi.lib</file>
         <name>s_frexp.c.obj</name>
      </input_file>
      <input_file id="fl-fb">
         <path>/Applications/ti/ccs1281/ccs/tools/compiler/ti-cgt-arm_20.2.7.LTS/lib/</path>
         <kind>archive</kind>
         <file>rtsv7M4_T_le_v4SPD16_eabi.lib</file>
         <name>div0.asm.obj</name>
      </input_file>
   </input_file_list>
   <object_component_list>
      <object_component id="oc-26">
         <name>.intvecs:retain</name>
         <load_address>0x0</load_address>
         <run_address>0x0</run_address>
         <size>0xe4</size>
         <input_file_ref idref="fl-6"/>
      </object_component>
      <object_component id="oc-6d">
         <name>.text</name>
         <load_address>0xe4</load_address>
         <run_address>0xe4</run_address>
         <size>0x1080</size>
         <input_file_ref idref="fl-5"/>
      </object_component>
      <object_component id="oc-365">
         <name>.text:__TI_printfi</name>
         <load_address>0x1164</load_address>
         <run_address>0x1164</run_address>
         <size>0xa4e</size>
         <input_file_ref idref="fl-ea"/>
      </object_component>
      <object_component id="oc-67a">
         <name>.text</name>
         <load_address>0x1bb2</load_address>
         <run_address>0x1bb2</run_address>
         <size>0x2</size>
         <input_file_ref idref="fl-fb"/>
      </object_component>
      <object_component id="oc-307">
         <name>.text:pow</name>
         <load_address>0x1bb4</load_address>
         <run_address>0x1bb4</run_address>
         <size>0x9d0</size>
         <input_file_ref idref="fl-d8"/>
      </object_component>
      <object_component id="oc-ee">
         <name>.text</name>
         <load_address>0x2584</load_address>
         <run_address>0x2584</run_address>
         <size>0x680</size>
         <input_file_ref idref="fl-8"/>
      </object_component>
      <object_component id="oc-171">
         <name>.text:Graphics_drawString</name>
         <load_address>0x2c04</load_address>
         <run_address>0x2c04</run_address>
         <size>0x47e</size>
         <input_file_ref idref="fl-16"/>
      </object_component>
      <object_component id="oc-142">
         <name>.text</name>
         <load_address>0x3084</load_address>
         <run_address>0x3084</run_address>
         <size>0x408</size>
         <input_file_ref idref="fl-4"/>
      </object_component>
      <object_component id="oc-a5">
         <name>.text</name>
         <load_address>0x348c</load_address>
         <run_address>0x348c</run_address>
         <size>0x334</size>
         <input_file_ref idref="fl-7"/>
      </object_component>
      <object_component id="oc-3bf">
         <name>.text:FlashCtl_verifyMemory</name>
         <load_address>0x37c0</load_address>
         <run_address>0x37c0</run_address>
         <size>0x288</size>
         <input_file_ref idref="fl-19"/>
      </object_component>
      <object_component id="oc-4dc">
         <name>.text:_pconv_a</name>
         <load_address>0x3a48</load_address>
         <run_address>0x3a48</run_address>
         <size>0x270</size>
         <input_file_ref idref="fl-ea"/>
      </object_component>
      <object_component id="oc-3df">
         <name>.text:_FlashCtl_ProgramBurst</name>
         <load_address>0x3cb8</load_address>
         <run_address>0x3cb8</run_address>
         <size>0x1ec</size>
         <input_file_ref idref="fl-19"/>
      </object_component>
      <object_component id="oc-4ca">
         <name>.text:_pconv_g</name>
         <load_address>0x3ea4</load_address>
         <run_address>0x3ea4</run_address>
         <size>0x1d0</size>
         <input_file_ref idref="fl-ea"/>
      </object_component>
      <object_component id="oc-302">
         <name>.text</name>
         <load_address>0x4074</load_address>
         <run_address>0x4074</run_address>
         <size>0x1b6</size>
         <input_file_ref idref="fl-dc"/>
      </object_component>
      <object_component id="oc-1b4">
         <name>.text:FlashCtl_programMemory</name>
         <load_address>0x422a</load_address>
         <run_address>0x422a</run_address>
         <size>0x162</size>
         <input_file_ref idref="fl-19"/>
      </object_component>
      <object_component id="oc-253">
         <name>.text:_getIndexForMemRegister</name>
         <load_address>0x438c</load_address>
         <run_address>0x438c</run_address>
         <size>0x160</size>
         <input_file_ref idref="fl-17"/>
      </object_component>
      <object_component id="oc-47b">
         <name>.text:sqrt</name>
         <load_address>0x44ec</load_address>
         <run_address>0x44ec</run_address>
         <size>0x158</size>
         <input_file_ref idref="fl-d9"/>
      </object_component>
      <object_component id="oc-249">
         <name>.text:privateTimer_AProcessClockSourceDivider</name>
         <load_address>0x4644</load_address>
         <run_address>0x4644</run_address>
         <size>0x144</size>
         <input_file_ref idref="fl-20"/>
      </object_component>
      <object_component id="oc-d6">
         <name>.text</name>
         <load_address>0x4788</load_address>
         <run_address>0x4788</run_address>
         <size>0x13c</size>
         <input_file_ref idref="fl-3"/>
      </object_component>
      <object_component id="oc-4d6">
         <name>.text:_pconv_e</name>
         <load_address>0x48c4</load_address>
         <run_address>0x48c4</run_address>
         <size>0x13c</size>
         <input_file_ref idref="fl-ea"/>
      </object_component>
      <object_component id="oc-1ae">
         <name>.text:FlashCtl_eraseSector</name>
         <load_address>0x4a00</load_address>
         <run_address>0x4a00</run_address>
         <size>0x138</size>
         <input_file_ref idref="fl-19"/>
      </object_component>
      <object_component id="oc-30d">
         <name>.text</name>
         <load_address>0x4b38</load_address>
         <run_address>0x4b38</run_address>
         <size>0x136</size>
         <input_file_ref idref="fl-de"/>
      </object_component>
      <object_component id="oc-564">
         <name>.text:__FlashCtl_remaskBurstDataPre</name>
         <load_address>0x4c70</load_address>
         <run_address>0x4c70</run_address>
         <size>0x134</size>
         <input_file_ref idref="fl-19"/>
      </object_component>
      <object_component id="oc-b2">
         <name>.text:CS_initClockSignal</name>
         <load_address>0x4da4</load_address>
         <run_address>0x4da4</run_address>
         <size>0x130</size>
         <input_file_ref idref="fl-18"/>
      </object_component>
      <object_component id="oc-56a">
         <name>.text:__FlashCtl_remaskBurstDataPost</name>
         <load_address>0x4ed4</load_address>
         <run_address>0x4ed4</run_address>
         <size>0x130</size>
         <input_file_ref idref="fl-19"/>
      </object_component>
      <object_component id="oc-607">
         <name>.text:fcvt</name>
         <load_address>0x5004</load_address>
         <run_address>0x5004</run_address>
         <size>0x124</size>
         <input_file_ref idref="fl-ea"/>
      </object_component>
      <object_component id="oc-13c">
         <name>.text</name>
         <load_address>0x5128</load_address>
         <run_address>0x5128</run_address>
         <size>0x118</size>
         <input_file_ref idref="fl-2"/>
      </object_component>
      <object_component id="oc-16b">
         <name>.text:Graphics_fillRectangle</name>
         <load_address>0x5240</load_address>
         <run_address>0x5240</run_address>
         <size>0x112</size>
         <input_file_ref idref="fl-15"/>
      </object_component>
      <object_component id="oc-494">
         <name>.text:scalbn</name>
         <load_address>0x5354</load_address>
         <run_address>0x5354</run_address>
         <size>0x110</size>
         <input_file_ref idref="fl-da"/>
      </object_component>
      <object_component id="oc-2fd">
         <name>.text</name>
         <load_address>0x5464</load_address>
         <run_address>0x5464</run_address>
         <size>0xfc</size>
         <input_file_ref idref="fl-df"/>
      </object_component>
      <object_component id="oc-343">
         <name>.text:Graphics_getStringWidth</name>
         <load_address>0x5560</load_address>
         <run_address>0x5560</run_address>
         <size>0xfa</size>
         <input_file_ref idref="fl-16"/>
      </object_component>
      <object_component id="oc-557">
         <name>.text:__FlashCtl_remaskData32Pre</name>
         <load_address>0x565c</load_address>
         <run_address>0x565c</run_address>
         <size>0xd8</size>
         <input_file_ref idref="fl-19"/>
      </object_component>
      <object_component id="oc-55d">
         <name>.text:__FlashCtl_remaskData32Post</name>
         <load_address>0x5734</load_address>
         <run_address>0x5734</run_address>
         <size>0xd4</size>
         <input_file_ref idref="fl-19"/>
      </object_component>
      <object_component id="oc-261">
         <name>.text</name>
         <load_address>0x5808</load_address>
         <run_address>0x5808</run_address>
         <size>0xcc</size>
         <input_file_ref idref="fl-9"/>
      </object_component>
      <object_component id="oc-3d3">
         <name>.text:_FlashCtl_Program8</name>
         <load_address>0x58d4</load_address>
         <run_address>0x58d4</run_address>
         <size>0xc8</size>
         <input_file_ref idref="fl-19"/>
      </object_component>
      <object_component id="oc-3d9">
         <name>.text:_FlashCtl_Program32</name>
         <load_address>0x599c</load_address>
         <run_address>0x599c</run_address>
         <size>0xbc</size>
         <input_file_ref idref="fl-19"/>
      </object_component>
      <object_component id="oc-12a">
         <name>.text:ADC14_configureConversionMemory</name>
         <load_address>0x5a58</load_address>
         <run_address>0x5a58</run_address>
         <size>0xb4</size>
         <input_file_ref idref="fl-17"/>
      </object_component>
      <object_component id="oc-124">
         <name>.text:ADC14_configureMultiSequenceMode</name>
         <load_address>0x5b0c</load_address>
         <run_address>0x5b0c</run_address>
         <size>0xb4</size>
         <input_file_ref idref="fl-17"/>
      </object_component>
      <object_component id="oc-4c4">
         <name>.text:_ltostr</name>
         <load_address>0x5bc0</load_address>
         <run_address>0x5bc0</run_address>
         <size>0xb1</size>
         <input_file_ref idref="fl-ea"/>
      </object_component>
      <object_component id="oc-43f">
         <name>.text:SPI_initMaster</name>
         <load_address>0x5c72</load_address>
         <run_address>0x5c72</run_address>
         <size>0xb0</size>
         <input_file_ref idref="fl-1d"/>
      </object_component>
      <object_component id="oc-1c0">
         <name>.text:Graphics_drawLineH</name>
         <load_address>0x5d22</load_address>
         <run_address>0x5d22</run_address>
         <size>0x9c</size>
         <input_file_ref idref="fl-14"/>
      </object_component>
      <object_component id="oc-37">
         <name>.text</name>
         <load_address>0x5dbe</load_address>
         <run_address>0x5dbe</run_address>
         <size>0x9c</size>
         <input_file_ref idref="fl-e1"/>
      </object_component>
      <object_component id="oc-5e9">
         <name>.text</name>
         <load_address>0x5e5a</load_address>
         <run_address>0x5e5a</run_address>
         <size>0x96</size>
         <input_file_ref idref="fl-ec"/>
      </object_component>
      <object_component id="oc-54a">
         <name>.text:__FlashCtl_remaskData8Pre</name>
         <load_address>0x5ef0</load_address>
         <run_address>0x5ef0</run_address>
         <size>0x8c</size>
         <input_file_ref idref="fl-19"/>
      </object_component>
      <object_component id="oc-112">
         <name>.text:GPIO_setAsPeripheralModuleFunctionInputPin</name>
         <load_address>0x5f7c</load_address>
         <run_address>0x5f7c</run_address>
         <size>0x88</size>
         <input_file_ref idref="fl-1a"/>
      </object_component>
      <object_component id="oc-b8">
         <name>.text:GPIO_setAsPeripheralModuleFunctionOutputPin</name>
         <load_address>0x6004</load_address>
         <run_address>0x6004</run_address>
         <size>0x88</size>
         <input_file_ref idref="fl-1a"/>
      </object_component>
      <object_component id="oc-48a">
         <name>.text:__aeabi_cdcmple</name>
         <load_address>0x608c</load_address>
         <run_address>0x608c</run_address>
         <size>0x86</size>
         <input_file_ref idref="fl-dd"/>
      </object_component>
      <object_component id="oc-48f">
         <name>.text:__aeabi_cdrcmple</name>
         <load_address>0x6112</load_address>
         <run_address>0x6112</run_address>
         <size>0x86</size>
         <input_file_ref idref="fl-dd"/>
      </object_component>
      <object_component id="oc-550">
         <name>.text:__FlashCtl_remaskData8Post</name>
         <load_address>0x6198</load_address>
         <run_address>0x6198</run_address>
         <size>0x84</size>
         <input_file_ref idref="fl-19"/>
      </object_component>
      <object_component id="oc-3b9">
         <name>.text:SysCtl_getTLVInfo</name>
         <load_address>0x621c</load_address>
         <run_address>0x621c</run_address>
         <size>0x80</size>
         <input_file_ref idref="fl-1e"/>
      </object_component>
      <object_component id="oc-8d">
         <name>.text</name>
         <load_address>0x629c</load_address>
         <run_address>0x629c</run_address>
         <size>0x7a</size>
         <input_file_ref idref="fl-e2"/>
      </object_component>
      <object_component id="oc-3a0">
         <name>.text:FlashCtl_isSectorProtected</name>
         <load_address>0x6318</load_address>
         <run_address>0x6318</run_address>
         <size>0x78</size>
         <input_file_ref idref="fl-19"/>
      </object_component>
      <object_component id="oc-522">
         <name>.text:FlashCtl_setReadMode</name>
         <load_address>0x6390</load_address>
         <run_address>0x6390</run_address>
         <size>0x78</size>
         <input_file_ref idref="fl-19"/>
      </object_component>
      <object_component id="oc-1a8">
         <name>.text:FlashCtl_unprotectSector</name>
         <load_address>0x6408</load_address>
         <run_address>0x6408</run_address>
         <size>0x78</size>
         <input_file_ref idref="fl-19"/>
      </object_component>
      <object_component id="oc-be">
         <name>.text:Timer_A_generatePWM</name>
         <load_address>0x6480</load_address>
         <run_address>0x6480</run_address>
         <size>0x74</size>
         <input_file_ref idref="fl-20"/>
      </object_component>
      <object_component id="oc-600">
         <name>.text:_mcpy</name>
         <load_address>0x64f4</load_address>
         <run_address>0x64f4</run_address>
         <size>0x6e</size>
         <input_file_ref idref="fl-ea"/>
      </object_component>
      <object_component id="oc-2e8">
         <name>.text:I2C_masterSendMultiByteFinish</name>
         <load_address>0x6564</load_address>
         <run_address>0x6564</run_address>
         <size>0x6c</size>
         <input_file_ref idref="fl-1b"/>
      </object_component>
      <object_component id="oc-2be">
         <name>.text:I2C_masterSendMultiByteStart</name>
         <load_address>0x65d0</load_address>
         <run_address>0x65d0</run_address>
         <size>0x68</size>
         <input_file_ref idref="fl-1b"/>
      </object_component>
      <object_component id="oc-17">
         <name>.text:decompress:lzss:__TI_decompress_lzss</name>
         <load_address>0x6638</load_address>
         <run_address>0x6638</run_address>
         <size>0x68</size>
         <input_file_ref idref="fl-e5"/>
      </object_component>
      <object_component id="oc-1ba">
         <name>.text:FlashCtl_protectSector</name>
         <load_address>0x66a0</load_address>
         <run_address>0x66a0</run_address>
         <size>0x64</size>
         <input_file_ref idref="fl-19"/>
      </object_component>
      <object_component id="oc-615">
         <name>.text:frexp</name>
         <load_address>0x6704</load_address>
         <run_address>0x6704</run_address>
         <size>0x64</size>
         <input_file_ref idref="fl-fa"/>
      </object_component>
      <object_component id="oc-29a">
         <name>.text:I2C_initMaster</name>
         <load_address>0x6768</load_address>
         <run_address>0x6768</run_address>
         <size>0x62</size>
         <input_file_ref idref="fl-1b"/>
      </object_component>
      <object_component id="oc-4d0">
         <name>.text:_pconv_f</name>
         <load_address>0x67ca</load_address>
         <run_address>0x67ca</run_address>
         <size>0x56</size>
         <input_file_ref idref="fl-ea"/>
      </object_component>
      <object_component id="oc-11e">
         <name>.text:ADC14_initModule</name>
         <load_address>0x6820</load_address>
         <run_address>0x6820</run_address>
         <size>0x54</size>
         <input_file_ref idref="fl-17"/>
      </object_component>
      <object_component id="oc-5f4">
         <name>.text:__TI_ltoa</name>
         <load_address>0x6874</load_address>
         <run_address>0x6874</run_address>
         <size>0x54</size>
         <input_file_ref idref="fl-f2"/>
      </object_component>
      <object_component id="oc-f4">
         <name>.text:Graphics_initContext</name>
         <load_address>0x68c8</load_address>
         <run_address>0x68c8</run_address>
         <size>0x52</size>
         <input_file_ref idref="fl-10"/>
      </object_component>
      <object_component id="oc-5fa">
         <name>.text:_ecpy</name>
         <load_address>0x691a</load_address>
         <run_address>0x691a</run_address>
         <size>0x52</size>
         <input_file_ref idref="fl-ea"/>
      </object_component>
      <object_component id="oc-53e">
         <name>.text:FlashCtl_clearProgramVerification</name>
         <load_address>0x696c</load_address>
         <run_address>0x696c</run_address>
         <size>0x4c</size>
         <input_file_ref idref="fl-19"/>
      </object_component>
      <object_component id="oc-538">
         <name>.text:FlashCtl_setProgramVerification</name>
         <load_address>0x69b8</load_address>
         <run_address>0x69b8</run_address>
         <size>0x4c</size>
         <input_file_ref idref="fl-19"/>
      </object_component>
      <object_component id="oc-4be">
         <name>.text:atoi</name>
         <load_address>0x6a04</load_address>
         <run_address>0x6a04</run_address>
         <size>0x4c</size>
         <input_file_ref idref="fl-f4"/>
      </object_component>
      <object_component id="oc-177">
         <name>.text:snprintf</name>
         <load_address>0x6a50</load_address>
         <run_address>0x6a50</run_address>
         <size>0x4c</size>
         <input_file_ref idref="fl-db"/>
      </object_component>
      <object_component id="oc-51c">
         <name>.text:FlashCtl_setWaitState</name>
         <load_address>0x6a9c</load_address>
         <run_address>0x6a9c</run_address>
         <size>0x48</size>
         <input_file_ref idref="fl-19"/>
      </object_component>
      <object_component id="oc-165">
         <name>.text:Graphics_drawStringCentered</name>
         <load_address>0x6ae4</load_address>
         <run_address>0x6ae4</run_address>
         <size>0x48</size>
         <input_file_ref idref="fl-16"/>
      </object_component>
      <object_component id="oc-5ef">
         <name>.text</name>
         <load_address>0x6b2c</load_address>
         <run_address>0x6b2c</run_address>
         <size>0x48</size>
         <input_file_ref idref="fl-eb"/>
      </object_component>
      <object_component id="oc-203">
         <name>.text:__TI_auto_init_nobinit_nopinit:__TI_auto_init_nobinit_nopinit</name>
         <load_address>0x6b74</load_address>
         <run_address>0x6b74</run_address>
         <size>0x44</size>
         <input_file_ref idref="fl-ed"/>
      </object_component>
      <object_component id="oc-e2">
         <name>.text:GPIO_setAsOutputPin</name>
         <load_address>0x6bb8</load_address>
         <run_address>0x6bb8</run_address>
         <size>0x40</size>
         <input_file_ref idref="fl-1a"/>
      </object_component>
      <object_component id="oc-358">
         <name>.text:Graphics_getNumberOfLeadingZeros</name>
         <load_address>0x6bf8</load_address>
         <run_address>0x6bf8</run_address>
         <size>0x40</size>
         <input_file_ref idref="fl-16"/>
      </object_component>
      <object_component id="oc-2dc">
         <name>.text:I2C_masterReceiveMultiByteFinish</name>
         <load_address>0x6c38</load_address>
         <run_address>0x6c38</run_address>
         <size>0x40</size>
         <input_file_ref idref="fl-1b"/>
      </object_component>
      <object_component id="oc-5a2">
         <name>.text:is_A_Module</name>
         <load_address>0x6c78</load_address>
         <run_address>0x6c78</run_address>
         <size>0x40</size>
         <input_file_ref idref="fl-1d"/>
      </object_component>
      <object_component id="oc-60d">
         <name>.text:_fcpy</name>
         <load_address>0x6cb8</load_address>
         <run_address>0x6cb8</run_address>
         <size>0x3e</size>
         <input_file_ref idref="fl-ea"/>
      </object_component>
      <object_component id="oc-3cd">
         <name>.text:FlashCtl_enableWordProgramming</name>
         <load_address>0x6cf8</load_address>
         <run_address>0x6cf8</run_address>
         <size>0x38</size>
         <input_file_ref idref="fl-19"/>
      </object_component>
      <object_component id="oc-516">
         <name>.text:FlashCtl_getReadMode</name>
         <load_address>0x6d30</load_address>
         <run_address>0x6d30</run_address>
         <size>0x38</size>
         <input_file_ref idref="fl-19"/>
      </object_component>
      <object_component id="oc-510">
         <name>.text:FlashCtl_getWaitState</name>
         <load_address>0x6d68</load_address>
         <run_address>0x6d68</run_address>
         <size>0x38</size>
         <input_file_ref idref="fl-19"/>
      </object_component>
      <object_component id="oc-2ca">
         <name>.text:I2C_masterSendMultiByteStop</name>
         <load_address>0x6da0</load_address>
         <run_address>0x6da0</run_address>
         <size>0x38</size>
         <input_file_ref idref="fl-1b"/>
      </object_component>
      <object_component id="oc-3ed">
         <name>.text:Graphics_drawHorizontalLineOnDisplay</name>
         <load_address>0x6dd8</load_address>
         <run_address>0x6dd8</run_address>
         <size>0x36</size>
         <input_file_ref idref="fl-11"/>
      </object_component>
      <object_component id="oc-130">
         <name>.text:ADC14_enableSampleTimer</name>
         <load_address>0x6e10</load_address>
         <run_address>0x6e10</run_address>
         <size>0x34</size>
         <input_file_ref idref="fl-17"/>
      </object_component>
      <object_component id="oc-ac">
         <name>.text:CS_setDCOCenteredFrequency</name>
         <load_address>0x6e44</load_address>
         <run_address>0x6e44</run_address>
         <size>0x34</size>
         <input_file_ref idref="fl-18"/>
      </object_component>
      <object_component id="oc-2e2">
         <name>.text:I2C_masterSendMultiByteNext</name>
         <load_address>0x6e78</load_address>
         <run_address>0x6e78</run_address>
         <size>0x34</size>
         <input_file_ref idref="fl-1b"/>
      </object_component>
      <object_component id="oc-55">
         <name>.text:_c_int00_noargs:_c_int00_noargs</name>
         <load_address>0x6eac</load_address>
         <run_address>0x6eac</run_address>
         <size>0x34</size>
         <input_file_ref idref="fl-e7"/>
      </object_component>
      <object_component id="oc-1a2">
         <name>.text:GPIO_getInputPinValue</name>
         <load_address>0x6ee0</load_address>
         <run_address>0x6ee0</run_address>
         <size>0x30</size>
         <input_file_ref idref="fl-1a"/>
      </object_component>
      <object_component id="oc-36b">
         <name>.text:_outs</name>
         <load_address>0x6f10</load_address>
         <run_address>0x6f10</run_address>
         <size>0x30</size>
         <input_file_ref idref="fl-db"/>
      </object_component>
      <object_component id="oc-2f8">
         <name>.text</name>
         <load_address>0x6f40</load_address>
         <run_address>0x6f40</run_address>
         <size>0x2e</size>
         <input_file_ref idref="fl-e0"/>
      </object_component>
      <object_component id="oc-c4">
         <name>.text:ADC14_toggleConversionTrigger</name>
         <load_address>0x6f70</load_address>
         <run_address>0x6f70</run_address>
         <size>0x2c</size>
         <input_file_ref idref="fl-17"/>
      </object_component>
      <object_component id="oc-35e">
         <name>.text:Graphics_drawPixelOnDisplay</name>
         <load_address>0x6f9c</load_address>
         <run_address>0x6f9c</run_address>
         <size>0x2c</size>
         <input_file_ref idref="fl-11"/>
      </object_component>
      <object_component id="oc-136">
         <name>.text:ADC14_enableConversion</name>
         <load_address>0x6fc8</load_address>
         <run_address>0x6fc8</run_address>
         <size>0x28</size>
         <input_file_ref idref="fl-17"/>
      </object_component>
      <object_component id="oc-d0">
         <name>.text:ADC14_getResult</name>
         <load_address>0x6ff0</load_address>
         <run_address>0x6ff0</run_address>
         <size>0x28</size>
         <input_file_ref idref="fl-17"/>
      </object_component>
      <object_component id="oc-267">
         <name>.text:GPIO_setOutputHighOnPin</name>
         <load_address>0x7018</load_address>
         <run_address>0x7018</run_address>
         <size>0x28</size>
         <input_file_ref idref="fl-1a"/>
      </object_component>
      <object_component id="oc-e8">
         <name>.text:GPIO_setOutputLowOnPin</name>
         <load_address>0x7040</load_address>
         <run_address>0x7040</run_address>
         <size>0x28</size>
         <input_file_ref idref="fl-1a"/>
      </object_component>
      <object_component id="oc-152">
         <name>.text:GPIO_toggleOutputOnPin</name>
         <load_address>0x7068</load_address>
         <run_address>0x7068</run_address>
         <size>0x28</size>
         <input_file_ref idref="fl-1a"/>
      </object_component>
      <object_component id="oc-19c">
         <name>.text:Timer_A_setCompareValue</name>
         <load_address>0x7090</load_address>
         <run_address>0x7090</run_address>
         <size>0x28</size>
         <input_file_ref idref="fl-20"/>
      </object_component>
      <object_component id="oc-dc">
         <name>.text:WDT_A_holdTimer</name>
         <load_address>0x70b8</load_address>
         <run_address>0x70b8</run_address>
         <size>0x24</size>
         <input_file_ref idref="fl-21"/>
      </object_component>
      <object_component id="oc-34b">
         <name>.text:Graphics_fillRectangleOnDisplay</name>
         <load_address>0x70dc</load_address>
         <run_address>0x70dc</run_address>
         <size>0x1e</size>
         <input_file_ref idref="fl-11"/>
      </object_component>
      <object_component id="oc-2ac">
         <name>.text:I2C_setMode</name>
         <load_address>0x70fa</load_address>
         <run_address>0x70fa</run_address>
         <size>0x1c</size>
         <input_file_ref idref="fl-1b"/>
      </object_component>
      <object_component id="oc-445">
         <name>.text:SPI_enableModule</name>
         <load_address>0x7116</load_address>
         <run_address>0x7116</run_address>
         <size>0x1c</size>
         <input_file_ref idref="fl-1d"/>
      </object_component>
      <object_component id="oc-43">
         <name>.text:decompress:ZI:__TI_zero_init_nomemset:__TI_zero_init_nomemset</name>
         <load_address>0x7132</load_address>
         <run_address>0x7132</run_address>
         <size>0x1c</size>
         <input_file_ref idref="fl-e3"/>
      </object_component>
      <object_component id="oc-4e2">
         <name>.text:memccpy</name>
         <load_address>0x714e</load_address>
         <run_address>0x714e</run_address>
         <size>0x1c</size>
         <input_file_ref idref="fl-f6"/>
      </object_component>
      <object_component id="oc-285">
         <name>.text:Graphics_clearDisplayOnDisplay</name>
         <load_address>0x716a</load_address>
         <run_address>0x716a</run_address>
         <size>0x1a</size>
         <input_file_ref idref="fl-11"/>
      </object_component>
      <object_component id="oc-100">
         <name>.text:Graphics_setBackgroundColor</name>
         <load_address>0x7184</load_address>
         <run_address>0x7184</run_address>
         <size>0x1a</size>
         <input_file_ref idref="fl-10"/>
      </object_component>
      <object_component id="oc-106">
         <name>.text:Graphics_setFont</name>
         <load_address>0x719e</load_address>
         <run_address>0x719e</run_address>
         <size>0x1a</size>
         <input_file_ref idref="fl-10"/>
      </object_component>
      <object_component id="oc-2d0">
         <name>.text:I2C_masterReceiveStart</name>
         <load_address>0x71b8</load_address>
         <run_address>0x71b8</run_address>
         <size>0x1a</size>
         <input_file_ref idref="fl-1b"/>
      </object_component>
      <object_component id="oc-5ce">
         <name>.text:copysign</name>
         <load_address>0x71d2</load_address>
         <run_address>0x71d2</run_address>
         <size>0x1a</size>
         <input_file_ref idref="fl-e9"/>
      </object_component>
      <object_component id="oc-2c4">
         <name>.text:I2C_getInterruptStatus</name>
         <load_address>0x71ec</load_address>
         <run_address>0x71ec</run_address>
         <size>0x18</size>
         <input_file_ref idref="fl-1b"/>
      </object_component>
      <object_component id="oc-2b8">
         <name>.text:I2C_isBusBusy</name>
         <load_address>0x7204</load_address>
         <run_address>0x7204</run_address>
         <size>0x18</size>
         <input_file_ref idref="fl-1b"/>
      </object_component>
      <object_component id="oc-371">
         <name>.text:_outc</name>
         <load_address>0x721c</load_address>
         <run_address>0x721c</run_address>
         <size>0x18</size>
         <input_file_ref idref="fl-db"/>
      </object_component>
      <object_component id="oc-189">
         <name>.text:strcmp</name>
         <load_address>0x7234</load_address>
         <run_address>0x7234</run_address>
         <size>0x18</size>
         <input_file_ref idref="fl-e6"/>
      </object_component>
      <object_component id="oc-5aa">
         <name>.text:EUSCI_A_SPI_enable</name>
         <load_address>0x724c</load_address>
         <run_address>0x724c</run_address>
         <size>0x16</size>
         <input_file_ref idref="fl-1d"/>
      </object_component>
      <object_component id="oc-5b0">
         <name>.text:EUSCI_B_SPI_enable</name>
         <load_address>0x7262</load_address>
         <run_address>0x7262</run_address>
         <size>0x16</size>
         <input_file_ref idref="fl-1d"/>
      </object_component>
      <object_component id="oc-fa">
         <name>.text:Graphics_setForegroundColor</name>
         <load_address>0x7278</load_address>
         <run_address>0x7278</run_address>
         <size>0x16</size>
         <input_file_ref idref="fl-10"/>
      </object_component>
      <object_component id="oc-27c">
         <name>.text:Graphics_translateColorOnDisplay</name>
         <load_address>0x728e</load_address>
         <run_address>0x728e</run_address>
         <size>0x16</size>
         <input_file_ref idref="fl-11"/>
      </object_component>
      <object_component id="oc-2b2">
         <name>.text:I2C_clearInterruptFlag</name>
         <load_address>0x72a4</load_address>
         <run_address>0x72a4</run_address>
         <size>0x16</size>
         <input_file_ref idref="fl-1b"/>
      </object_component>
      <object_component id="oc-2a0">
         <name>.text:I2C_disableModule</name>
         <load_address>0x72ba</load_address>
         <run_address>0x72ba</run_address>
         <size>0x16</size>
         <input_file_ref idref="fl-1b"/>
      </object_component>
      <object_component id="oc-2a6">
         <name>.text:I2C_enableModule</name>
         <load_address>0x72d0</load_address>
         <run_address>0x72d0</run_address>
         <size>0x16</size>
         <input_file_ref idref="fl-1b"/>
      </object_component>
      <object_component id="oc-61b">
         <name>.text:strchr</name>
         <load_address>0x72e6</load_address>
         <run_address>0x72e6</run_address>
         <size>0x16</size>
         <input_file_ref idref="fl-f7"/>
      </object_component>
      <object_component id="oc-2d6">
         <name>.text:I2C_masterReceiveMultiByteNext</name>
         <load_address>0x72fc</load_address>
         <run_address>0x72fc</run_address>
         <size>0x14</size>
         <input_file_ref idref="fl-1b"/>
      </object_component>
      <object_component id="oc-2ee">
         <name>.text:I2C_setSlaveAddress</name>
         <load_address>0x7310</load_address>
         <run_address>0x7310</run_address>
         <size>0x14</size>
         <input_file_ref idref="fl-1b"/>
      </object_component>
      <object_component id="oc-4b8">
         <name>.text:strlen</name>
         <load_address>0x7324</load_address>
         <run_address>0x7324</run_address>
         <size>0x14</size>
         <input_file_ref idref="fl-f8"/>
      </object_component>
      <object_component id="oc-10c">
         <name>.text:Graphics_clearDisplay</name>
         <load_address>0x7338</load_address>
         <run_address>0x7338</run_address>
         <size>0x12</size>
         <input_file_ref idref="fl-10"/>
      </object_component>
      <object_component id="oc-4e8">
         <name>.text:wcslen</name>
         <load_address>0x734a</load_address>
         <run_address>0x734a</run_address>
         <size>0x12</size>
         <input_file_ref idref="fl-f9"/>
      </object_component>
      <object_component id="oc-ca">
         <name>.text:ADC14_isBusy</name>
         <load_address>0x735c</load_address>
         <run_address>0x735c</run_address>
         <size>0x10</size>
         <input_file_ref idref="fl-17"/>
      </object_component>
      <object_component id="oc-28e">
         <name>.text:ADCIsConversionRunning</name>
         <load_address>0x736c</load_address>
         <run_address>0x736c</run_address>
         <size>0x10</size>
         <input_file_ref idref="fl-17"/>
      </object_component>
      <object_component id="oc-3ad">
         <name>.text:Interrupt_disableMaster</name>
         <load_address>0x737c</load_address>
         <run_address>0x737c</run_address>
         <size>0x10</size>
         <input_file_ref idref="fl-1c"/>
      </object_component>
      <object_component id="oc-3c5">
         <name>.text:Interrupt_enableMaster</name>
         <load_address>0x738c</load_address>
         <run_address>0x738c</run_address>
         <size>0x10</size>
         <input_file_ref idref="fl-1c"/>
      </object_component>
      <object_component id="oc-1d">
         <name>.text:decompress:none:__TI_decompress_none</name>
         <load_address>0x739c</load_address>
         <run_address>0x739c</run_address>
         <size>0xe</size>
         <input_file_ref idref="fl-e4"/>
      </object_component>
      <object_component id="oc-67">
         <name>.text</name>
         <load_address>0x73aa</load_address>
         <run_address>0x73aa</run_address>
         <size>0xe</size>
         <input_file_ref idref="fl-6"/>
      </object_component>
      <object_component id="oc-118">
         <name>.text:ADC14_enableModule</name>
         <load_address>0x73b8</load_address>
         <run_address>0x73b8</run_address>
         <size>0xc</size>
         <input_file_ref idref="fl-17"/>
      </object_component>
      <object_component id="oc-506">
         <name>.text:CPU_cpsid</name>
         <load_address>0x73c4</load_address>
         <run_address>0x73c4</run_address>
         <size>0xc</size>
         <input_file_ref idref="fl-22"/>
      </object_component>
      <object_component id="oc-529">
         <name>.text:CPU_cpsie</name>
         <load_address>0x73d0</load_address>
         <run_address>0x73d0</run_address>
         <size>0xc</size>
         <input_file_ref idref="fl-22"/>
      </object_component>
      <object_component id="oc-3e5">
         <name>.text:FlashCtl_disableWordProgramming</name>
         <load_address>0x73dc</load_address>
         <run_address>0x73dc</run_address>
         <size>0xc</size>
         <input_file_ref idref="fl-19"/>
      </object_component>
      <object_component id="oc-544">
         <name>.text:FlashCtl_getInterruptStatus</name>
         <load_address>0x73e8</load_address>
         <run_address>0x73e8</run_address>
         <size>0xc</size>
         <input_file_ref idref="fl-19"/>
      </object_component>
      <object_component id="oc-3b3">
         <name>.text:SysCtl_getFlashSize</name>
         <load_address>0x73f4</load_address>
         <run_address>0x73f4</run_address>
         <size>0xc</size>
         <input_file_ref idref="fl-1e"/>
      </object_component>
      <object_component id="oc-3a7">
         <name>.text:CPU_primask</name>
         <load_address>0x7400</load_address>
         <run_address>0x7400</run_address>
         <size>0xa</size>
         <input_file_ref idref="fl-22"/>
      </object_component>
      <object_component id="oc-481">
         <name>.text:__aeabi_errno_addr</name>
         <load_address>0x740c</load_address>
         <run_address>0x740c</run_address>
         <size>0x8</size>
         <input_file_ref idref="fl-e8"/>
      </object_component>
      <object_component id="oc-93">
         <name>.text:_system_pre_init</name>
         <load_address>0x7414</load_address>
         <run_address>0x7414</run_address>
         <size>0x4</size>
         <input_file_ref idref="fl-ee"/>
      </object_component>
      <object_component id="oc-1f7">
         <name>.text:abort:abort</name>
         <load_address>0x7418</load_address>
         <run_address>0x7418</run_address>
         <size>0x4</size>
         <input_file_ref idref="fl-f0"/>
      </object_component>
      <object_component id="oc-388">
         <name>.const:.string:g_pucCmss20bData</name>
         <load_address>0x7420</load_address>
         <run_address>0x7420</run_address>
         <size>0x890</size>
         <input_file_ref idref="fl-12"/>
      </object_component>
      <object_component id="oc-33d">
         <name>.const:.string:g_pucFontFixed6x8Data</name>
         <load_address>0x7cb0</load_address>
         <run_address>0x7cb0</run_address>
         <size>0x2f8</size>
         <input_file_ref idref="fl-13"/>
      </object_component>
      <object_component id="oc-5e4">
         <name>.const:.string:_ctypes_</name>
         <load_address>0x7fa8</load_address>
         <run_address>0x7fa8</run_address>
         <size>0x101</size>
         <input_file_ref idref="fl-f5"/>
      </object_component>
      <object_component id="oc-199">
         <name>.const:.string:correctPIN</name>
         <load_address>0x80a9</load_address>
         <run_address>0x80a9</run_address>
         <size>0x2</size>
         <input_file_ref idref="fl-5"/>
      </object_component>
      <object_component id="oc-17d">
         <name>.const:g_sFontCmss20b</name>
         <load_address>0x80ac</load_address>
         <run_address>0x80ac</run_address>
         <size>0xc8</size>
         <input_file_ref idref="fl-12"/>
      </object_component>
      <object_component id="oc-162">
         <name>.const:g_sFontFixed6x8</name>
         <load_address>0x8174</load_address>
         <run_address>0x8174</run_address>
         <size>0xc8</size>
         <input_file_ref idref="fl-13"/>
      </object_component>
      <object_component id="oc-259">
         <name>.const:_ctlRegs</name>
         <load_address>0x823c</load_address>
         <run_address>0x823c</run_address>
         <size>0x80</size>
         <input_file_ref idref="fl-17"/>
      </object_component>
      <object_component id="oc-487">
         <name>.const:$O1$$</name>
         <load_address>0x82c0</load_address>
         <run_address>0x82c0</run_address>
         <size>0x30</size>
         <input_file_ref idref="fl-d8"/>
      </object_component>
      <object_component id="oc-240">
         <name>.const:GPIO_PORT_TO_BASE</name>
         <load_address>0x82f0</load_address>
         <run_address>0x82f0</run_address>
         <size>0x30</size>
         <input_file_ref idref="fl-1a"/>
      </object_component>
      <object_component id="oc-15f">
         <name>.const:g_sCrystalfontz128x128_funcs</name>
         <load_address>0x8320</load_address>
         <run_address>0x8320</run_address>
         <size>0x20</size>
         <input_file_ref idref="fl-8"/>
      </object_component>
      <object_component id="oc-44b">
         <name>.const:$P$T0$1</name>
         <load_address>0x8340</load_address>
         <run_address>0x8340</run_address>
         <size>0x1c</size>
         <input_file_ref idref="fl-9"/>
      </object_component>
      <object_component id="oc-148">
         <name>.const:$P$T0$1</name>
         <load_address>0x835c</load_address>
         <run_address>0x835c</run_address>
         <size>0x18</size>
         <input_file_ref idref="fl-5"/>
      </object_component>
      <object_component id="oc-2f4">
         <name>.const:i2cConfig</name>
         <load_address>0x8374</load_address>
         <run_address>0x8374</run_address>
         <size>0x14</size>
         <input_file_ref idref="fl-2"/>
      </object_component>
      <object_component id="oc-276">
         <name>.const:$P$T0$1</name>
         <load_address>0x8388</load_address>
         <run_address>0x8388</run_address>
         <size>0x8</size>
         <input_file_ref idref="fl-8"/>
      </object_component>
      <object_component id="oc-186">
         <name>.const:$P$T2$3</name>
         <load_address>0x8390</load_address>
         <run_address>0x8390</run_address>
         <size>0x8</size>
         <input_file_ref idref="fl-5"/>
      </object_component>
      <object_component id="oc-18f">
         <name>.const:$P$T4$4</name>
         <load_address>0x8398</load_address>
         <run_address>0x8398</run_address>
         <size>0x8</size>
         <input_file_ref idref="fl-5"/>
      </object_component>
      <object_component id="oc-193">
         <name>.const:$P$T6$5</name>
         <load_address>0x83a0</load_address>
         <run_address>0x83a0</run_address>
         <size>0x8</size>
         <input_file_ref idref="fl-5"/>
      </object_component>
      <object_component id="oc-196">
         <name>.const:$P$T8$6</name>
         <load_address>0x83a8</load_address>
         <run_address>0x83a8</run_address>
         <size>0x8</size>
         <input_file_ref idref="fl-5"/>
      </object_component>
      <object_component id="oc-6d3">
         <name>.cinit..data.load</name>
         <load_address>0x83b0</load_address>
         <run_address>0x83b0</run_address>
         <size>0x8c</size>
      </object_component>
      <object_component id="oc-6d1">
         <name>__TI_handler_table</name>
         <load_address>0x843c</load_address>
         <run_address>0x843c</run_address>
         <size>0xc</size>
      </object_component>
      <object_component id="oc-6d4">
         <name>.cinit..bss.load</name>
         <load_address>0x8448</load_address>
         <run_address>0x8448</run_address>
         <size>0x8</size>
      </object_component>
      <object_component id="oc-6d2">
         <name>__TI_cinit_table</name>
         <load_address>0x8450</load_address>
         <run_address>0x8450</run_address>
         <size>0x10</size>
      </object_component>
      <object_component id="oc-6a5">
         <name>.binit</name>
         <load_address>0x0</load_address>
         <run_address>0x0</run_address>
         <size>0x0</size>
      </object_component>
      <object_component id="oc-312">
         <name>.data</name>
         <load_address>0x200000d8</load_address>
         <run_address>0x200000d8</run_address>
         <size>0x8</size>
         <input_file_ref idref="fl-4"/>
      </object_component>
      <object_component id="oc-14f">
         <name>.data</name>
         <load_address>0x20000000</load_address>
         <run_address>0x20000000</run_address>
         <size>0x60</size>
         <input_file_ref idref="fl-5"/>
      </object_component>
      <object_component id="oc-180">
         <name>.data:keyX</name>
         <load_address>0x200000c0</load_address>
         <run_address>0x200000c0</run_address>
         <size>0xc</size>
         <input_file_ref idref="fl-5"/>
      </object_component>
      <object_component id="oc-183">
         <name>.data:keyY</name>
         <load_address>0x200000b0</load_address>
         <run_address>0x200000b0</run_address>
         <size>0x10</size>
         <input_file_ref idref="fl-5"/>
      </object_component>
      <object_component id="oc-158">
         <name>.data:keys</name>
         <load_address>0x200000cc</load_address>
         <run_address>0x200000cc</run_address>
         <size>0xc</size>
         <input_file_ref idref="fl-5"/>
      </object_component>
      <object_component id="oc-235">
         <name>.data</name>
         <load_address>0x200000e4</load_address>
         <run_address>0x200000e4</run_address>
         <size>0x4</size>
         <input_file_ref idref="fl-7"/>
      </object_component>
      <object_component id="oc-15c">
         <name>.data:g_sCrystalfontz128x128</name>
         <load_address>0x200000a0</load_address>
         <run_address>0x200000a0</run_address>
         <size>0x10</size>
         <input_file_ref idref="fl-8"/>
      </object_component>
      <object_component id="oc-570">
         <name>.data:__getBurstProgramRegs</name>
         <load_address>0x20000060</load_address>
         <run_address>0x20000060</run_address>
         <size>0x40</size>
         <input_file_ref idref="fl-19"/>
      </object_component>
      <object_component id="oc-5c5">
         <name>.data</name>
         <load_address>0x200000e0</load_address>
         <run_address>0x200000e0</run_address>
         <size>0x4</size>
         <input_file_ref idref="fl-e8"/>
      </object_component>
      <object_component id="oc-15b">
         <name>.common:g_sContext</name>
         <uninitialized>true</uninitialized>
         <run_address>0x200000e8</run_address>
         <size>0x1c</size>
      </object_component>
      <object_component id="oc-14b">
         <name>.common:xValue</name>
         <uninitialized>true</uninitialized>
         <run_address>0x20000112</run_address>
         <size>0x2</size>
      </object_component>
      <object_component id="oc-14e">
         <name>.common:yValue</name>
         <uninitialized>true</uninitialized>
         <run_address>0x20000114</run_address>
         <size>0x2</size>
      </object_component>
      <object_component id="oc-192">
         <name>.common:enteredPIN</name>
         <uninitialized>true</uninitialized>
         <run_address>0x20000104</run_address>
         <size>0x8</size>
      </object_component>
      <object_component id="oc-275">
         <name>.common:Lcd_Orientation</name>
         <uninitialized>true</uninitialized>
         <run_address>0x20000118</run_address>
         <size>0x1</size>
      </object_component>
      <object_component id="oc-26d">
         <name>.common:Lcd_ScreenWidth</name>
         <uninitialized>true</uninitialized>
         <run_address>0x2000010e</run_address>
         <size>0x2</size>
      </object_component>
      <object_component id="oc-270">
         <name>.common:Lcd_ScreenHeigth</name>
         <uninitialized>true</uninitialized>
         <run_address>0x2000010c</run_address>
         <size>0x2</size>
      </object_component>
      <object_component id="oc-271">
         <name>.common:Lcd_PenSolid</name>
         <uninitialized>true</uninitialized>
         <run_address>0x20000119</run_address>
         <size>0x1</size>
      </object_component>
      <object_component id="oc-272">
         <name>.common:Lcd_FontSolid</name>
         <uninitialized>true</uninitialized>
         <run_address>0x20000117</run_address>
         <size>0x1</size>
      </object_component>
      <object_component id="oc-273">
         <name>.common:Lcd_FlagRead</name>
         <uninitialized>true</uninitialized>
         <run_address>0x20000116</run_address>
         <size>0x1</size>
      </object_component>
      <object_component id="oc-274">
         <name>.common:Lcd_TouchTrim</name>
         <uninitialized>true</uninitialized>
         <run_address>0x20000110</run_address>
         <size>0x2</size>
      </object_component>
      <object_component id="oc-29">
         <name>.stack</name>
         <uninitialized>true</uninitialized>
         <run_address>0x2000fe00</run_address>
         <size>0x4</size>
         <input_file_ref idref="fl-e7"/>
      </object_component>
      <object_component id="oc-6d6">
         <name>.stack</name>
         <uninitialized>true</uninitialized>
         <run_address>0x2000fe00</run_address>
         <size>0x0</size>
      </object_component>
      <object_component id="oc-3fa">
         <name>.debug_info</name>
         <load_address>0x0</load_address>
         <run_address>0x0</run_address>
         <size>0x9a0</size>
         <input_file_ref idref="fl-2"/>
      </object_component>
      <object_component id="oc-2f5">
         <name>.debug_info</name>
         <load_address>0x9a0</load_address>
         <run_address>0x9a0</run_address>
         <size>0xd9</size>
         <input_file_ref idref="fl-2"/>
      </object_component>
      <object_component id="oc-13d">
         <name>.debug_info</name>
         <load_address>0xa79</load_address>
         <run_address>0xa79</run_address>
         <size>0x61c</size>
         <input_file_ref idref="fl-2"/>
      </object_component>
      <object_component id="oc-57a">
         <name>.debug_info</name>
         <load_address>0x1095</load_address>
         <run_address>0x1095</run_address>
         <size>0x9a</size>
         <input_file_ref idref="fl-2"/>
      </object_component>
      <object_component id="oc-1e2">
         <name>.debug_info</name>
         <load_address>0x112f</load_address>
         <run_address>0x112f</run_address>
         <size>0x26b</size>
         <input_file_ref idref="fl-2"/>
      </object_component>
      <object_component id="oc-320">
         <name>.debug_info</name>
         <load_address>0x139a</load_address>
         <run_address>0x139a</run_address>
         <size>0x1055</size>
         <input_file_ref idref="fl-2"/>
      </object_component>
      <object_component id="oc-4a7">
         <name>.debug_info</name>
         <load_address>0x23ef</load_address>
         <run_address>0x23ef</run_address>
         <size>0x37e2</size>
         <input_file_ref idref="fl-2"/>
      </object_component>
      <object_component id="oc-1cc">
         <name>.debug_info</name>
         <load_address>0x5bd1</load_address>
         <run_address>0x5bd1</run_address>
         <size>0x341</size>
         <input_file_ref idref="fl-2"/>
      </object_component>
      <object_component id="oc-1c7">
         <name>.debug_info</name>
         <load_address>0x5f12</load_address>
         <run_address>0x5f12</run_address>
         <size>0x8b</size>
         <input_file_ref idref="fl-2"/>
      </object_component>
      <object_component id="oc-3f5">
         <name>.debug_info</name>
         <load_address>0x5f9d</load_address>
         <run_address>0x5f9d</run_address>
         <size>0x2a4</size>
         <input_file_ref idref="fl-2"/>
      </object_component>
      <object_component id="oc-32f">
         <name>.debug_info</name>
         <load_address>0x6241</load_address>
         <run_address>0x6241</run_address>
         <size>0xef</size>
         <input_file_ref idref="fl-2"/>
      </object_component>
      <object_component id="oc-1d1">
         <name>.debug_info</name>
         <load_address>0x6330</load_address>
         <run_address>0x6330</run_address>
         <size>0xbb</size>
         <input_file_ref idref="fl-2"/>
      </object_component>
      <object_component id="oc-44f">
         <name>.debug_info</name>
         <load_address>0x63eb</load_address>
         <run_address>0x63eb</run_address>
         <size>0x131</size>
         <input_file_ref idref="fl-2"/>
      </object_component>
      <object_component id="oc-d8">
         <name>.debug_info</name>
         <load_address>0x651c</load_address>
         <run_address>0x651c</run_address>
         <size>0x4f6</size>
         <input_file_ref idref="fl-3"/>
      </object_component>
      <object_component id="oc-32">
         <name>.debug_info</name>
         <load_address>0x6a12</load_address>
         <run_address>0x6a12</run_address>
         <size>0x84</size>
         <input_file_ref idref="fl-3"/>
      </object_component>
      <object_component id="oc-316">
         <name>.debug_info</name>
         <load_address>0x6a96</load_address>
         <run_address>0x6a96</run_address>
         <size>0x5e9</size>
         <input_file_ref idref="fl-4"/>
      </object_component>
      <object_component id="oc-313">
         <name>.debug_info</name>
         <load_address>0x707f</load_address>
         <run_address>0x707f</run_address>
         <size>0xcd</size>
         <input_file_ref idref="fl-4"/>
      </object_component>
      <object_component id="oc-143">
         <name>.debug_info</name>
         <load_address>0x714c</load_address>
         <run_address>0x714c</run_address>
         <size>0x7b2</size>
         <input_file_ref idref="fl-4"/>
      </object_component>
      <object_component id="oc-14c">
         <name>.debug_info</name>
         <load_address>0x78fe</load_address>
         <run_address>0x78fe</run_address>
         <size>0x13fc</size>
         <input_file_ref idref="fl-5"/>
      </object_component>
      <object_component id="oc-150">
         <name>.debug_info</name>
         <load_address>0x8cfa</load_address>
         <run_address>0x8cfa</run_address>
         <size>0x41d</size>
         <input_file_ref idref="fl-5"/>
      </object_component>
      <object_component id="oc-19a">
         <name>.debug_info</name>
         <load_address>0x9117</load_address>
         <run_address>0x9117</run_address>
         <size>0xe3</size>
         <input_file_ref idref="fl-5"/>
      </object_component>
      <object_component id="oc-181">
         <name>.debug_info</name>
         <load_address>0x91fa</load_address>
         <run_address>0x91fa</run_address>
         <size>0xd8</size>
         <input_file_ref idref="fl-5"/>
      </object_component>
      <object_component id="oc-184">
         <name>.debug_info</name>
         <load_address>0x92d2</load_address>
         <run_address>0x92d2</run_address>
         <size>0xd8</size>
         <input_file_ref idref="fl-5"/>
      </object_component>
      <object_component id="oc-159">
         <name>.debug_info</name>
         <load_address>0x93aa</load_address>
         <run_address>0x93aa</run_address>
         <size>0xd8</size>
         <input_file_ref idref="fl-5"/>
      </object_component>
      <object_component id="oc-149">
         <name>.debug_info</name>
         <load_address>0x9482</load_address>
         <run_address>0x9482</run_address>
         <size>0xdd</size>
         <input_file_ref idref="fl-5"/>
      </object_component>
      <object_component id="oc-187">
         <name>.debug_info</name>
         <load_address>0x955f</load_address>
         <run_address>0x955f</run_address>
         <size>0xde</size>
         <input_file_ref idref="fl-5"/>
      </object_component>
      <object_component id="oc-190">
         <name>.debug_info</name>
         <load_address>0x963d</load_address>
         <run_address>0x963d</run_address>
         <size>0xde</size>
         <input_file_ref idref="fl-5"/>
      </object_component>
      <object_component id="oc-194">
         <name>.debug_info</name>
         <load_address>0x971b</load_address>
         <run_address>0x971b</run_address>
         <size>0xde</size>
         <input_file_ref idref="fl-5"/>
      </object_component>
      <object_component id="oc-197">
         <name>.debug_info</name>
         <load_address>0x97f9</load_address>
         <run_address>0x97f9</run_address>
         <size>0xde</size>
         <input_file_ref idref="fl-5"/>
      </object_component>
      <object_component id="oc-71">
         <name>.debug_info</name>
         <load_address>0x98d7</load_address>
         <run_address>0x98d7</run_address>
         <size>0x2957</size>
         <input_file_ref idref="fl-5"/>
      </object_component>
      <object_component id="oc-1d6">
         <name>.debug_info</name>
         <load_address>0xc22e</load_address>
         <run_address>0xc22e</run_address>
         <size>0x187</size>
         <input_file_ref idref="fl-5"/>
      </object_component>
      <object_component id="oc-31b">
         <name>.debug_info</name>
         <load_address>0xc3b5</load_address>
         <run_address>0xc3b5</run_address>
         <size>0x37e2</size>
         <input_file_ref idref="fl-5"/>
      </object_component>
      <object_component id="oc-1db">
         <name>.debug_info</name>
         <load_address>0xfb97</load_address>
         <run_address>0xfb97</run_address>
         <size>0x439</size>
         <input_file_ref idref="fl-5"/>
      </object_component>
      <object_component id="oc-32a">
         <name>.debug_info</name>
         <load_address>0xffd0</load_address>
         <run_address>0xffd0</run_address>
         <size>0xcc</size>
         <input_file_ref idref="fl-5"/>
      </object_component>
      <object_component id="oc-383">
         <name>.debug_info</name>
         <load_address>0x1009c</load_address>
         <run_address>0x1009c</run_address>
         <size>0x2c</size>
         <input_file_ref idref="fl-5"/>
      </object_component>
      <object_component id="oc-325">
         <name>.debug_info</name>
         <load_address>0x100c8</load_address>
         <run_address>0x100c8</run_address>
         <size>0x35</size>
         <input_file_ref idref="fl-5"/>
      </object_component>
      <object_component id="oc-75">
         <name>.debug_info</name>
         <load_address>0x100fd</load_address>
         <run_address>0x100fd</run_address>
         <size>0x2cb</size>
         <input_file_ref idref="fl-6"/>
      </object_component>
      <object_component id="oc-27">
         <name>.debug_info</name>
         <load_address>0x103c8</load_address>
         <run_address>0x103c8</run_address>
         <size>0xf7</size>
         <input_file_ref idref="fl-6"/>
      </object_component>
      <object_component id="oc-68">
         <name>.debug_info</name>
         <load_address>0x104bf</load_address>
         <run_address>0x104bf</run_address>
         <size>0x1be</size>
         <input_file_ref idref="fl-6"/>
      </object_component>
      <object_component id="oc-236">
         <name>.debug_info</name>
         <load_address>0x1067d</load_address>
         <run_address>0x1067d</run_address>
         <size>0xf0</size>
         <input_file_ref idref="fl-7"/>
      </object_component>
      <object_component id="oc-a6">
         <name>.debug_info</name>
         <load_address>0x1076d</load_address>
         <run_address>0x1076d</run_address>
         <size>0x262</size>
         <input_file_ref idref="fl-7"/>
      </object_component>
      <object_component id="oc-26e">
         <name>.debug_info</name>
         <load_address>0x109cf</load_address>
         <run_address>0x109cf</run_address>
         <size>0x92d</size>
         <input_file_ref idref="fl-8"/>
      </object_component>
      <object_component id="oc-15d">
         <name>.debug_info</name>
         <load_address>0x112fc</load_address>
         <run_address>0x112fc</run_address>
         <size>0x111</size>
         <input_file_ref idref="fl-8"/>
      </object_component>
      <object_component id="oc-160">
         <name>.debug_info</name>
         <load_address>0x1140d</load_address>
         <run_address>0x1140d</run_address>
         <size>0x11d</size>
         <input_file_ref idref="fl-8"/>
      </object_component>
      <object_component id="oc-277">
         <name>.debug_info</name>
         <load_address>0x1152a</load_address>
         <run_address>0x1152a</run_address>
         <size>0xf2</size>
         <input_file_ref idref="fl-8"/>
      </object_component>
      <object_component id="oc-ef">
         <name>.debug_info</name>
         <load_address>0x1161c</load_address>
         <run_address>0x1161c</run_address>
         <size>0x1520</size>
         <input_file_ref idref="fl-8"/>
      </object_component>
      <object_component id="oc-457">
         <name>.debug_info</name>
         <load_address>0x12b3c</load_address>
         <run_address>0x12b3c</run_address>
         <size>0x37e2</size>
         <input_file_ref idref="fl-8"/>
      </object_component>
      <object_component id="oc-5b9">
         <name>.debug_info</name>
         <load_address>0x1631e</load_address>
         <run_address>0x1631e</run_address>
         <size>0x873</size>
         <input_file_ref idref="fl-9"/>
      </object_component>
      <object_component id="oc-44c">
         <name>.debug_info</name>
         <load_address>0x16b91</load_address>
         <run_address>0x16b91</run_address>
         <size>0x105</size>
         <input_file_ref idref="fl-9"/>
      </object_component>
      <object_component id="oc-265">
         <name>.debug_info</name>
         <load_address>0x16c96</load_address>
         <run_address>0x16c96</run_address>
         <size>0x59f</size>
         <input_file_ref idref="fl-9"/>
      </object_component>
      <object_component id="oc-27b">
         <name>.debug_info</name>
         <load_address>0x17235</load_address>
         <run_address>0x17235</run_address>
         <size>0x432</size>
         <input_file_ref idref="fl-10"/>
      </object_component>
      <object_component id="oc-f7">
         <name>.debug_info</name>
         <load_address>0x17667</load_address>
         <run_address>0x17667</run_address>
         <size>0x1ee</size>
         <input_file_ref idref="fl-10"/>
      </object_component>
      <object_component id="oc-103">
         <name>.debug_info</name>
         <load_address>0x17855</load_address>
         <run_address>0x17855</run_address>
         <size>0x202</size>
         <input_file_ref idref="fl-10"/>
      </object_component>
      <object_component id="oc-109">
         <name>.debug_info</name>
         <load_address>0x17a57</load_address>
         <run_address>0x17a57</run_address>
         <size>0x1cf</size>
         <input_file_ref idref="fl-10"/>
      </object_component>
      <object_component id="oc-fd">
         <name>.debug_info</name>
         <load_address>0x17c26</load_address>
         <run_address>0x17c26</run_address>
         <size>0x1f5</size>
         <input_file_ref idref="fl-10"/>
      </object_component>
[...]
         <object_component_ref idref="oc-b8"/>
      </symbol>
      <symbol id="sm-86f">
         <name>GPIO_getInputPinValue</name>
         <value>0x6ee1</value>
         <object_component_ref idref="oc-1a2"/>
      </symbol>
      <symbol id="sm-870">
         <name>GPIO_setAsPeripheralModuleFunctionInputPin</name>
         <value>0x5f7d</value>
         <object_component_ref idref="oc-112"/>
      </symbol>
      <symbol id="sm-914">
         <name>I2C_masterSendMultiByteStop</name>
         <value>0x6da1</value>
         <object_component_ref idref="oc-2ca"/>
      </symbol>
      <symbol id="sm-915">
         <name>I2C_masterSendMultiByteFinish</name>
         <value>0x6565</value>
         <object_component_ref idref="oc-2e8"/>
      </symbol>
      <symbol id="sm-916">
         <name>I2C_masterSendMultiByteNext</name>
         <value>0x6e79</value>
         <object_component_ref idref="oc-2e2"/>
      </symbol>
      <symbol id="sm-917">
         <name>I2C_masterSendMultiByteStart</name>
         <value>0x65d1</value>
         <object_component_ref idref="oc-2be"/>
      </symbol>
      <symbol id="sm-918">
         <name>I2C_masterReceiveMultiByteNext</name>
         <value>0x72fd</value>
         <object_component_ref idref="oc-2d6"/>
      </symbol>
      <symbol id="sm-919">
         <name>I2C_getInterruptStatus</name>
         <value>0x71ed</value>
         <object_component_ref idref="oc-2c4"/>
      </symbol>
      <symbol id="sm-91a">
         <name>I2C_setMode</name>
         <value>0x70fb</value>
         <object_component_ref idref="oc-2ac"/>
      </symbol>
      <symbol id="sm-91b">
         <name>I2C_isBusBusy</name>
         <value>0x7205</value>
         <object_component_ref idref="oc-2b8"/>
      </symbol>
      <symbol id="sm-91c">
         <name>I2C_masterReceiveMultiByteFinish</name>
         <value>0x6c39</value>
         <object_component_ref idref="oc-2dc"/>
      </symbol>
      <symbol id="sm-91d">
         <name>I2C_enableModule</name>
         <value>0x72d1</value>
         <object_component_ref idref="oc-2a6"/>
      </symbol>
      <symbol id="sm-91e">
         <name>I2C_masterReceiveStart</name>
         <value>0x71b9</value>
         <object_component_ref idref="oc-2d0"/>
      </symbol>
      <symbol id="sm-91f">
         <name>I2C_clearInterruptFlag</name>
         <value>0x72a5</value>
         <object_component_ref idref="oc-2b2"/>
      </symbol>
      <symbol id="sm-920">
         <name>I2C_setSlaveAddress</name>
         <value>0x7311</value>
         <object_component_ref idref="oc-2ee"/>
      </symbol>
      <symbol id="sm-921">
         <name>I2C_initMaster</name>
         <value>0x6769</value>
         <object_component_ref idref="oc-29a"/>
      </symbol>
      <symbol id="sm-922">
         <name>I2C_disableModule</name>
         <value>0x72bb</value>
         <object_component_ref idref="oc-2a0"/>
      </symbol>
      <symbol id="sm-936">
         <name>Interrupt_disableMaster</name>
         <value>0x737d</value>
         <object_component_ref idref="oc-3ad"/>
      </symbol>
      <symbol id="sm-937">
         <name>Interrupt_enableMaster</name>
         <value>0x738d</value>
         <object_component_ref idref="oc-3c5"/>
      </symbol>
      <symbol id="sm-976">
         <name>EUSCI_B_SPI_enable</name>
         <value>0x7263</value>
         <object_component_ref idref="oc-5b0"/>
      </symbol>
      <symbol id="sm-977">
         <name>SPI_enableModule</name>
         <value>0x7117</value>
         <object_component_ref idref="oc-445"/>
      </symbol>
      <symbol id="sm-978">
         <name>EUSCI_A_SPI_enable</name>
         <value>0x724d</value>
         <object_component_ref idref="oc-5aa"/>
      </symbol>
      <symbol id="sm-979">
         <name>SPI_initMaster</name>
         <value>0x5c73</value>
         <object_component_ref idref="oc-43f"/>
      </symbol>
      <symbol id="sm-999">
         <name>SysCtl_getFlashSize</name>
         <value>0x73f5</value>
         <object_component_ref idref="oc-3b3"/>
      </symbol>
      <symbol id="sm-99a">
         <name>SysCtl_getTLVInfo</name>
         <value>0x621d</value>
         <object_component_ref idref="oc-3b9"/>
      </symbol>
      <symbol id="sm-9ce">
         <name>Timer_A_setCompareValue</name>
         <value>0x7091</value>
         <object_component_ref idref="oc-19c"/>
      </symbol>
      <symbol id="sm-9cf">
         <name>Timer_A_generatePWM</name>
         <value>0x6481</value>
         <object_component_ref idref="oc-be"/>
      </symbol>
      <symbol id="sm-9db">
         <name>WDT_A_holdTimer</name>
         <value>0x70b9</value>
         <object_component_ref idref="oc-dc"/>
      </symbol>
      <symbol id="sm-9f5">
         <name>CPU_cpsie</name>
         <value>0x73d1</value>
         <object_component_ref idref="oc-529"/>
      </symbol>
      <symbol id="sm-9f6">
         <name>CPU_cpsid</name>
         <value>0x73c5</value>
         <object_component_ref idref="oc-506"/>
      </symbol>
      <symbol id="sm-9f7">
         <name>CPU_primask</name>
         <value>0x7401</value>
         <object_component_ref idref="oc-3a7"/>
      </symbol>
      <symbol id="sm-a8d">
         <name>pow</name>
         <value>0x1bb5</value>
         <object_component_ref idref="oc-307"/>
      </symbol>
      <symbol id="sm-a8e">
         <name>powl</name>
         <value>0x1bb5</value>
         <object_component_ref idref="oc-307"/>
      </symbol>
      <symbol id="sm-ab0">
         <name>sqrtl</name>
         <value>0x44ed</value>
         <object_component_ref idref="oc-47b"/>
      </symbol>
      <symbol id="sm-ab1">
         <name>sqrt</name>
         <value>0x44ed</value>
         <object_component_ref idref="oc-47b"/>
      </symbol>
      <symbol id="sm-ad8">
         <name>scalbn</name>
         <value>0x5355</value>
         <object_component_ref idref="oc-494"/>
      </symbol>
      <symbol id="sm-ad9">
         <name>scalbnl</name>
         <value>0x5355</value>
         <object_component_ref idref="oc-494"/>
      </symbol>
      <symbol id="sm-ada">
         <name>ldexpl</name>
         <value>0x5355</value>
         <object_component_ref idref="oc-494"/>
      </symbol>
      <symbol id="sm-adb">
         <name>ldexp</name>
         <value>0x5355</value>
         <object_component_ref idref="oc-494"/>
      </symbol>
      <symbol id="sm-b0a">
         <name>snprintf</name>
         <value>0x6a51</value>
         <object_component_ref idref="oc-177"/>
      </symbol>
      <symbol id="sm-b21">
         <name>__aeabi_dsub</name>
         <value>0x4075</value>
         <object_component_ref idref="oc-302"/>
      </symbol>
      <symbol id="sm-b22">
         <name>__aeabi_dadd</name>
         <value>0x407f</value>
         <object_component_ref idref="oc-302"/>
      </symbol>
      <symbol id="sm-b44">
         <name>__aeabi_cdcmpeq</name>
         <value>0x608d</value>
         <object_component_ref idref="oc-48a"/>
      </symbol>
      <symbol id="sm-b45">
         <name>__aeabi_cdcmple</name>
         <value>0x608d</value>
         <object_component_ref idref="oc-48a"/>
      </symbol>
      <symbol id="sm-b46">
         <name>__aeabi_cdrcmple</name>
         <value>0x6113</value>
         <object_component_ref idref="oc-48f"/>
      </symbol>
      <symbol id="sm-b5a">
         <name>__aeabi_ddiv</name>
         <value>0x4b39</value>
         <object_component_ref idref="oc-30d"/>
      </symbol>
      <symbol id="sm-b65">
         <name>__aeabi_dmul</name>
         <value>0x5465</value>
         <object_component_ref idref="oc-2fd"/>
      </symbol>
      <symbol id="sm-b6f">
         <name>__aeabi_i2d</name>
         <value>0x6f41</value>
         <object_component_ref idref="oc-2f8"/>
      </symbol>
      <symbol id="sm-b8a">
         <name>memcpy</name>
         <value>0x5dbf</value>
         <object_component_ref idref="oc-37"/>
      </symbol>
      <symbol id="sm-b8b">
         <name>__aeabi_memcpy</name>
         <value>0x5dbf</value>
         <object_component_ref idref="oc-37"/>
      </symbol>
      <symbol id="sm-b8c">
         <name>__aeabi_memcpy8</name>
         <value>0x5dbf</value>
         <object_component_ref idref="oc-37"/>
      </symbol>
      <symbol id="sm-b8d">
         <name>__aeabi_memcpy4</name>
         <value>0x5dbf</value>
         <object_component_ref idref="oc-37"/>
      </symbol>
      <symbol id="sm-b9c">
         <name>__aeabi_memset</name>
         <value>0x629f</value>
         <object_component_ref idref="oc-8d"/>
      </symbol>
      <symbol id="sm-b9d">
         <name>memset</name>
         <value>0x62a5</value>
         <object_component_ref idref="oc-8d"/>
      </symbol>
      <symbol id="sm-b9e">
         <name>__aeabi_memset8</name>
         <value>0x629f</value>
         <object_component_ref idref="oc-8d"/>
      </symbol>
      <symbol id="sm-b9f">
         <name>__aeabi_memset4</name>
         <value>0x629f</value>
         <object_component_ref idref="oc-8d"/>
      </symbol>
      <symbol id="sm-ba0">
         <name>__aeabi_memclr8</name>
         <value>0x629d</value>
         <object_component_ref idref="oc-8d"/>
      </symbol>
      <symbol id="sm-ba1">
         <name>__aeabi_memclr4</name>
         <value>0x629d</value>
         <object_component_ref idref="oc-8d"/>
      </symbol>
      <symbol id="sm-ba2">
         <name>__aeabi_memclr</name>
         <value>0x629d</value>
         <object_component_ref idref="oc-8d"/>
      </symbol>
      <symbol id="sm-bbb">
         <name>__TI_zero_init_nomemset</name>
         <value>0x7133</value>
         <object_component_ref idref="oc-43"/>
      </symbol>
      <symbol id="sm-bd2">
         <name>__TI_decompress_none</name>
         <value>0x739d</value>
         <object_component_ref idref="oc-1d"/>
      </symbol>
      <symbol id="sm-bf5">
         <name>__TI_decompress_lzss</name>
         <value>0x6639</value>
         <object_component_ref idref="oc-17"/>
      </symbol>
      <symbol id="sm-c04">
         <name>strcmp</name>
         <value>0x7235</value>
         <object_component_ref idref="oc-189"/>
      </symbol>
      <symbol id="sm-c17">
         <name>__stack</name>
         <value>0x2000fe00</value>
         <object_component_ref idref="oc-29"/>
      </symbol>
      <symbol id="sm-c18">
         <name>_c_int00_noargs</name>
         <value>0x6ead</value>
         <object_component_ref idref="oc-55"/>
      </symbol>
      <symbol id="sm-c2e">
         <name>__aeabi_errno_addr</name>
         <value>0x740d</value>
         <object_component_ref idref="oc-481"/>
      </symbol>
      <symbol id="sm-c2f">
         <name>errno</name>
         <value>0x200000e0</value>
         <object_component_ref idref="oc-5c5"/>
      </symbol>
      <symbol id="sm-c39">
         <name>copysign</name>
         <value>0x71d3</value>
         <object_component_ref idref="oc-5ce"/>
      </symbol>
      <symbol id="sm-c3a">
         <name>copysignl</name>
         <value>0x71d3</value>
         <object_component_ref idref="oc-5ce"/>
      </symbol>
      <symbol id="sm-d9f">
         <name>__TI_printfi</name>
         <value>0x1165</value>
         <object_component_ref idref="oc-365"/>
      </symbol>
      <symbol id="sm-da9">
         <name>__aeabi_d2iz</name>
         <value>0x6b2d</value>
         <object_component_ref idref="oc-5ef"/>
      </symbol>
      <symbol id="sm-db6">
         <name>__aeabi_uldivmod</name>
         <value>0x5e5b</value>
         <object_component_ref idref="oc-5e9"/>
      </symbol>
      <symbol id="sm-dde">
         <name>__TI_auto_init_nobinit_nopinit</name>
         <value>0x6b75</value>
         <object_component_ref idref="oc-203"/>
      </symbol>
      <symbol id="sm-de8">
         <name>_system_pre_init</name>
         <value>0x7415</value>
         <object_component_ref idref="oc-93"/>
      </symbol>
      <symbol id="sm-df4">
         <name>C$$EXIT</name>
         <value>0x7419</value>
         <object_component_ref idref="oc-1f7"/>
      </symbol>
      <symbol id="sm-df5">
         <name>abort</name>
         <value>0x7419</value>
         <object_component_ref idref="oc-1f7"/>
      </symbol>
      <symbol id="sm-e05">
         <name>__TI_ltoa</name>
         <value>0x6875</value>
         <object_component_ref idref="oc-5f4"/>
      </symbol>
      <symbol id="sm-e1c">
         <name>atoi</name>
         <value>0x6a05</value>
         <object_component_ref idref="oc-4be"/>
      </symbol>
      <symbol id="sm-e27">
         <name>_ctypes_</name>
         <value>0x7fa8</value>
         <object_component_ref idref="oc-5e4"/>
      </symbol>
      <symbol id="sm-e37">
         <name>memccpy</name>
         <value>0x714f</value>
         <object_component_ref idref="oc-4e2"/>
      </symbol>
      <symbol id="sm-e47">
         <name>strchr</name>
         <value>0x72e7</value>
         <object_component_ref idref="oc-61b"/>
      </symbol>
      <symbol id="sm-e55">
         <name>strlen</name>
         <value>0x7325</value>
         <object_component_ref idref="oc-4b8"/>
      </symbol>
      <symbol id="sm-e6e">
         <name>wcslen</name>
         <value>0x734b</value>
         <object_component_ref idref="oc-4e8"/>
      </symbol>
      <symbol id="sm-e84">
         <name>frexpl</name>
         <value>0x6705</value>
         <object_component_ref idref="oc-615"/>
      </symbol>
      <symbol id="sm-e85">
         <name>frexp</name>
         <value>0x6705</value>
         <object_component_ref idref="oc-615"/>
      </symbol>
      <symbol id="sm-e8f">
         <name>__aeabi_idiv0</name>
         <value>0x1bb3</value>
         <object_component_ref idref="oc-67a"/>
      </symbol>
      <symbol id="sm-e90">
         <name>__aeabi_ldiv0</name>
         <value>0x1bb3</value>
         <object_component_ref idref="oc-67a"/>
      </symbol>
      <symbol id="sm-e91">
         <name>__TI_static_base__</name>
         <value>0x0</value>
      </symbol>
      <symbol id="sm-e94">
         <name>__mpu_init</name>
         <value>0x0</value>
      </symbol>
      <symbol id="sm-e95">
         <name>_system_post_cinit</name>
         <value>0x0</value>
      </symbol>
      <symbol id="sm-e96">
         <name>NMI_Handler</name>
         <value>0x73b7</value>
      </symbol>
      <symbol id="sm-e97">
         <name>HardFault_Handler</name>
         <value>0x73b7</value>
      </symbol>
      <symbol id="sm-e98">
         <name>MemManage_Handler</name>
         <value>0x73b7</value>
      </symbol>
      <symbol id="sm-e99">
         <name>BusFault_Handler</name>
         <value>0x73b7</value>
      </symbol>
      <symbol id="sm-e9a">
         <name>UsageFault_Handler</name>
         <value>0x73b7</value>
      </symbol>
      <symbol id="sm-e9b">
         <name>SVC_Handler</name>
         <value>0x73b7</value>
      </symbol>
      <symbol id="sm-e9c">
         <name>DebugMon_Handler</name>
         <value>0x73b7</value>
      </symbol>
      <symbol id="sm-e9d">
         <name>PendSV_Handler</name>
         <value>0x73b7</value>
      </symbol>
      <symbol id="sm-e9e">
         <name>SysTick_Handler</name>
         <value>0x425</value>
      </symbol>
      <symbol id="sm-e9f">
         <name>PSS_IRQHandler</name>
         <value>0x73b7</value>
      </symbol>
      <symbol id="sm-ea0">
         <name>CS_IRQHandler</name>
         <value>0x73b7</value>
      </symbol>
      <symbol id="sm-ea1">
         <name>PCM_IRQHandler</name>
         <value>0x73b7</value>
      </symbol>
      <symbol id="sm-ea2">
         <name>WDT_A_IRQHandler</name>
         <value>0x73b7</value>
      </symbol>
      <symbol id="sm-ea3">
         <name>FPU_IRQHandler</name>
         <value>0x73b7</value>
      </symbol>
      <symbol id="sm-ea4">
         <name>FLCTL_IRQHandler</name>
         <value>0x73b7</value>
      </symbol>
      <symbol id="sm-ea5">
         <name>COMP_E0_IRQHandler</name>
         <value>0x73b7</value>
      </symbol>
      <symbol id="sm-ea6">
         <name>COMP_E1_IRQHandler</name>
         <value>0x73b7</value>
      </symbol>
      <symbol id="sm-ea7">
         <name>TA0_0_IRQHandler</name>
         <value>0x73b7</value>
      </symbol>
      <symbol id="sm-ea8">
         <name>TA0_N_IRQHandler</name>
         <value>0x73b7</value>
      </symbol>
      <symbol id="sm-ea9">
         <name>TA1_0_IRQHandler</name>
         <value>0x73b7</value>
      </symbol>
      <symbol id="sm-eaa">
         <name>TA1_N_IRQHandler</name>
         <value>0x73b7</value>
      </symbol>
      <symbol id="sm-eab">
         <name>TA2_0_IRQHandler</name>
         <value>0x73b7</value>
      </symbol>
      <symbol id="sm-eac">
         <name>TA2_N_IRQHandler</name>
         <value>0x73b7</value>
      </symbol>
      <symbol id="sm-ead">
         <name>TA3_0_IRQHandler</name>
         <value>0x73b7</value>
      </symbol>
      <symbol id="sm-eae">
         <name>TA3_N_IRQHandler</name>
         <value>0x73b7</value>
      </symbol>
      <symbol id="sm-eaf">
         <name>EUSCIA0_IRQHandler</name>
         <value>0x73b7</value>
      </symbol>
      <symbol id="sm-eb0">
         <name>EUSCIA1_IRQHandler</name>
         <value>0x73b7</value>
      </symbol>
      <symbol id="sm-eb1">
         <name>EUSCIA2_IRQHandler</name>
         <value>0x73b7</value>
      </symbol>
      <symbol id="sm-eb2">
         <name>EUSCIA3_IRQHandler</name>
         <value>0x73b7</value>
      </symbol>
      <symbol id="sm-eb3">
         <name>EUSCIB0_IRQHandler</name>
         <value>0x73b7</value>
      </symbol>
      <symbol id="sm-eb4">
         <name>EUSCIB1_IRQHandler</name>
         <value>0x73b7</value>
      </symbol>
      <symbol id="sm-eb5">
         <name>EUSCIB2_IRQHandler</name>
         <value>0x73b7</value>
      </symbol>
      <symbol id="sm-eb6">
         <name>EUSCIB3_IRQHandler</name>
         <value>0x73b7</value>
      </symbol>
      <symbol id="sm-eb7">
         <name>ADC14_IRQHandler</name>
         <value>0x73b7</value>
      </symbol>
      <symbol id="sm-eb8">
         <name>T32_INT1_IRQHandler</name>
         <value>0x73b7</value>
      </symbol>
      <symbol id="sm-eb9">
         <name>T32_INT2_IRQHandler</name>
         <value>0x73b7</value>
      </symbol>
      <symbol id="sm-eba">
         <name>T32_INTC_IRQHandler</name>
         <value>0x73b7</value>
      </symbol>
      <symbol id="sm-ebb">
         <name>AES256_IRQHandler</name>
         <value>0x73b7</value>
      </symbol>
      <symbol id="sm-ebc">
         <name>RTC_C_IRQHandler</name>
         <value>0x73b7</value>
      </symbol>
      <symbol id="sm-ebd">
         <name>DMA_ERR_IRQHandler</name>
         <value>0x73b7</value>
      </symbol>
      <symbol id="sm-ebe">
         <name>DMA_INT3_IRQHandler</name>
         <value>0x73b7</value>
      </symbol>
      <symbol id="sm-ebf">
         <name>DMA_INT2_IRQHandler</name>
         <value>0x73b7</value>
      </symbol>
      <symbol id="sm-ec0">
         <name>DMA_INT1_IRQHandler</name>
         <value>0x73b7</value>
      </symbol>
      <symbol id="sm-ec1">
         <name>DMA_INT0_IRQHandler</name>
         <value>0x73b7</value>
      </symbol>
      <symbol id="sm-ec2">
         <name>PORT1_IRQHandler</name>
         <value>0x73b7</value>
      </symbol>
      <symbol id="sm-ec3">
         <name>PORT2_IRQHandler</name>
         <value>0x73b7</value>
      </symbol>
      <symbol id="sm-ec4">
         <name>PORT3_IRQHandler</name>
         <value>0x73b7</value>
      </symbol>
      <symbol id="sm-ec5">
         <name>PORT4_IRQHandler</name>
         <value>0x73b7</value>
      </symbol>
      <symbol id="sm-ec6">
         <name>PORT5_IRQHandler</name>
         <value>0x73b7</value>
      </symbol>
      <symbol id="sm-ec7">
         <name>PORT6_IRQHandler</name>
         <value>0x73b7</value>
      </symbol>
   </symbol_table>
   <title>Link successful</title>
</link_info>
