<?xml version="1.0" encoding="ISO-8859-1" ?>
<link_info>
   <banner>TI ARM Linker PC v20.2.7.LTS</banner>
   <copyright>Copyright (c) 1996-2018 Texas Instruments Incorporated</copyright>
   <link_time>0x67e4299d</link_time>
   <link_errors>0x0</link_errors>
   <output_file>TestSchermo2.out</output_file>
   <entry_point>
      <name>_c_int00_noargs</name>
      <address>0x4649</address>
   </entry_point>
   <input_file_list>
      <input_file id="fl-2">
         <path>.\</path>
         <kind>object</kind>
         <file>HAL_I2C.obj</file>
         <name>HAL_I2C.obj</name>
      </input_file>
      <input_file id="fl-3">
         <path>.\</path>
         <kind>object</kind>
         <file>HAL_OPT3001.obj</file>
         <name>HAL_OPT3001.obj</name>
      </input_file>
      <input_file id="fl-4">
         <path>.\</path>
         <kind>object</kind>
         <file>HAL_TMP006.obj</file>
         <name>HAL_TMP006.obj</name>
      </input_file>
      <input_file id="fl-5">
         <path>.\</path>
         <kind>object</kind>
         <file>mainTestSchermo2.obj</file>
         <name>mainTestSchermo2.obj</name>
      </input_file>
      <input_file id="fl-6">
         <path>.\</path>
         <kind>object</kind>
         <file>startup_msp432p401r_ccs.obj</file>
         <name>startup_msp432p401r_ccs.obj</name>
      </input_file>
      <input_file id="fl-7">
         <path>.\</path>
         <kind>object</kind>
         <file>system_msp432p401r.obj</file>
         <name>system_msp432p401r.obj</name>
      </input_file>
      <input_file id="fl-8">
         <path>.\LcdDriver\</path>
         <kind>object</kind>
         <file>Crystalfontz128x128_ST7735.obj</file>
         <name>Crystalfontz128x128_ST7735.obj</name>
      </input_file>
      <input_file id="fl-9">
         <path>.\LcdDriver\</path>
         <kind>object</kind>
         <file>HAL_MSP_EXP432P401R_Crystalfontz128x128_ST7735.obj</file>
         <name>HAL_MSP_EXP432P401R_Crystalfontz128x128_ST7735.obj</name>
      </input_file>
      <input_file id="fl-f">
         <kind>object</kind>
         <file>&lt;internal&gt;</file>
         <name>&lt;internal&gt;</name>
      </input_file>
      <input_file id="fl-10">
         <path>C:\Users\Andrea\workspace_v12\lib\simplelink_msp432p4_sdk_3_40_01_02\source\ti\grlib\lib\ccs\m4\</path>
         <kind>archive</kind>
         <file>grlib.a</file>
         <name>context.obj</name>
      </input_file>
      <input_file id="fl-11">
         <path>C:\Users\Andrea\workspace_v12\lib\simplelink_msp432p4_sdk_3_40_01_02\source\ti\grlib\lib\ccs\m4\</path>
         <kind>archive</kind>
         <file>grlib.a</file>
         <name>display.obj</name>
      </input_file>
      <input_file id="fl-12">
         <path>C:\Users\Andrea\workspace_v12\lib\simplelink_msp432p4_sdk_3_40_01_02\source\ti\grlib\lib\ccs\m4\</path>
         <kind>archive</kind>
         <file>grlib.a</file>
         <name>fontcmss20b.obj</name>
      </input_file>
      <input_file id="fl-13">
         <path>C:\Users\Andrea\workspace_v12\lib\simplelink_msp432p4_sdk_3_40_01_02\source\ti\grlib\lib\ccs\m4\</path>
         <kind>archive</kind>
         <file>grlib.a</file>
         <name>fontfixed6x8.obj</name>
      </input_file>
      <input_file id="fl-14">
         <path>C:\Users\Andrea\workspace_v12\lib\simplelink_msp432p4_sdk_3_40_01_02\source\ti\grlib\lib\ccs\m4\</path>
         <kind>archive</kind>
         <file>grlib.a</file>
         <name>rectangle.obj</name>
      </input_file>
      <input_file id="fl-15">
         <path>C:\Users\Andrea\workspace_v12\lib\simplelink_msp432p4_sdk_3_40_01_02\source\ti\grlib\lib\ccs\m4\</path>
         <kind>archive</kind>
         <file>grlib.a</file>
         <name>string.obj</name>
      </input_file>
      <input_file id="fl-16">
         <path>C:\Users\Andrea\workspace_v12\lib\simplelink_msp432p4_sdk_3_40_01_02\source\ti\grlib\lib\ccs\m4\</path>
         <kind>archive</kind>
         <file>grlib.a</file>
         <name>line.obj</name>
      </input_file>
      <input_file id="fl-17">
         <path>C:\Users\Andrea\workspace_v12\lib\simplelink_msp432p4_sdk_3_40_01_02\source\ti\devices\msp432p4xx\driverlib\ccs\</path>
         <kind>archive</kind>
         <file>msp432p4xx_driverlib.lib</file>
         <name>adc14.o</name>
      </input_file>
      <input_file id="fl-18">
         <path>C:\Users\Andrea\workspace_v12\lib\simplelink_msp432p4_sdk_3_40_01_02\source\ti\devices\msp432p4xx\driverlib\ccs\</path>
         <kind>archive</kind>
         <file>msp432p4xx_driverlib.lib</file>
         <name>cs.o</name>
      </input_file>
      <input_file id="fl-19">
         <path>C:\Users\Andrea\workspace_v12\lib\simplelink_msp432p4_sdk_3_40_01_02\source\ti\devices\msp432p4xx\driverlib\ccs\</path>
         <kind>archive</kind>
         <file>msp432p4xx_driverlib.lib</file>
         <name>gpio.o</name>
      </input_file>
      <input_file id="fl-1a">
         <path>C:\Users\Andrea\workspace_v12\lib\simplelink_msp432p4_sdk_3_40_01_02\source\ti\devices\msp432p4xx\driverlib\ccs\</path>
         <kind>archive</kind>
         <file>msp432p4xx_driverlib.lib</file>
         <name>i2c.o</name>
      </input_file>
      <input_file id="fl-1b">
         <path>C:\Users\Andrea\workspace_v12\lib\simplelink_msp432p4_sdk_3_40_01_02\source\ti\devices\msp432p4xx\driverlib\ccs\</path>
         <kind>archive</kind>
         <file>msp432p4xx_driverlib.lib</file>
         <name>interrupt.o</name>
      </input_file>
      <input_file id="fl-1c">
         <path>C:\Users\Andrea\workspace_v12\lib\simplelink_msp432p4_sdk_3_40_01_02\source\ti\devices\msp432p4xx\driverlib\ccs\</path>
         <kind>archive</kind>
         <file>msp432p4xx_driverlib.lib</file>
         <name>spi.o</name>
      </input_file>
      <input_file id="fl-1d">
         <path>C:\Users\Andrea\workspace_v12\lib\simplelink_msp432p4_sdk_3_40_01_02\source\ti\devices\msp432p4xx\driverlib\ccs\</path>
         <kind>archive</kind>
         <file>msp432p4xx_driverlib.lib</file>
         <name>sysctl_a.o</name>
      </input_file>
      <input_file id="fl-1e">
         <path>C:\Users\Andrea\workspace_v12\lib\simplelink_msp432p4_sdk_3_40_01_02\source\ti\devices\msp432p4xx\driverlib\ccs\</path>
         <kind>archive</kind>
         <file>msp432p4xx_driverlib.lib</file>
         <name>timer_a.o</name>
      </input_file>
      <input_file id="fl-1f">
         <path>C:\Users\Andrea\workspace_v12\lib\simplelink_msp432p4_sdk_3_40_01_02\source\ti\devices\msp432p4xx\driverlib\ccs\</path>
         <kind>archive</kind>
         <file>msp432p4xx_driverlib.lib</file>
         <name>wdt_a.o</name>
      </input_file>
      <input_file id="fl-20">
         <path>C:\Users\Andrea\workspace_v12\lib\simplelink_msp432p4_sdk_3_40_01_02\source\ti\devices\msp432p4xx\driverlib\ccs\</path>
         <kind>archive</kind>
         <file>msp432p4xx_driverlib.lib</file>
         <name>cpu.o</name>
      </input_file>
      <input_file id="fl-d6">
         <path>C:\ti\ccs1280\ccs\tools\compiler\ti-cgt-arm_20.2.7.LTS\lib\</path>
         <kind>archive</kind>
         <file>rtsv7M4_T_le_v4SPD16_eabi.lib</file>
         <name>e_pow.c.obj</name>
      </input_file>
      <input_file id="fl-d7">
         <path>C:\ti\ccs1280\ccs\tools\compiler\ti-cgt-arm_20.2.7.LTS\lib\</path>
         <kind>archive</kind>
         <file>rtsv7M4_T_le_v4SPD16_eabi.lib</file>
         <name>e_sqrt.c.obj</name>
      </input_file>
      <input_file id="fl-d8">
         <path>C:\ti\ccs1280\ccs\tools\compiler\ti-cgt-arm_20.2.7.LTS\lib\</path>
         <kind>archive</kind>
         <file>rtsv7M4_T_le_v4SPD16_eabi.lib</file>
         <name>s_scalbn.c.obj</name>
      </input_file>
      <input_file id="fl-d9">
         <path>C:\ti\ccs1280\ccs\tools\compiler\ti-cgt-arm_20.2.7.LTS\lib\</path>
         <kind>archive</kind>
         <file>rtsv7M4_T_le_v4SPD16_eabi.lib</file>
         <name>snprintf.c.obj</name>
      </input_file>
      <input_file id="fl-da">
         <path>C:\ti\ccs1280\ccs\tools\compiler\ti-cgt-arm_20.2.7.LTS\lib\</path>
         <kind>archive</kind>
         <file>rtsv7M4_T_le_v4SPD16_eabi.lib</file>
         <name>fd_add_t2.asm.obj</name>
      </input_file>
      <input_file id="fl-db">
         <path>C:\ti\ccs1280\ccs\tools\compiler\ti-cgt-arm_20.2.7.LTS\lib\</path>
         <kind>archive</kind>
         <file>rtsv7M4_T_le_v4SPD16_eabi.lib</file>
         <name>fd_cmp_t2.asm.obj</name>
      </input_file>
      <input_file id="fl-dc">
         <path>C:\ti\ccs1280\ccs\tools\compiler\ti-cgt-arm_20.2.7.LTS\lib\</path>
         <kind>archive</kind>
         <file>rtsv7M4_T_le_v4SPD16_eabi.lib</file>
         <name>fd_div_t2.asm.obj</name>
      </input_file>
      <input_file id="fl-dd">
         <path>C:\ti\ccs1280\ccs\tools\compiler\ti-cgt-arm_20.2.7.LTS\lib\</path>
         <kind>archive</kind>
         <file>rtsv7M4_T_le_v4SPD16_eabi.lib</file>
         <name>fd_mul_t2.asm.obj</name>
      </input_file>
      <input_file id="fl-de">
         <path>C:\ti\ccs1280\ccs\tools\compiler\ti-cgt-arm_20.2.7.LTS\lib\</path>
         <kind>archive</kind>
         <file>rtsv7M4_T_le_v4SPD16_eabi.lib</file>
         <name>i_tofd_t2.asm.obj</name>
      </input_file>
      <input_file id="fl-df">
         <path>C:\ti\ccs1280\ccs\tools\compiler\ti-cgt-arm_20.2.7.LTS\lib\</path>
         <kind>archive</kind>
         <file>rtsv7M4_T_le_v4SPD16_eabi.lib</file>
         <name>memcpy_t2.asm.obj</name>
      </input_file>
      <input_file id="fl-e0">
         <path>C:\ti\ccs1280\ccs\tools\compiler\ti-cgt-arm_20.2.7.LTS\lib\</path>
         <kind>archive</kind>
         <file>rtsv7M4_T_le_v4SPD16_eabi.lib</file>
         <name>memset_t2.asm.obj</name>
      </input_file>
      <input_file id="fl-e1">
         <path>C:\ti\ccs1280\ccs\tools\compiler\ti-cgt-arm_20.2.7.LTS\lib\</path>
         <kind>archive</kind>
         <file>rtsv7M4_T_le_v4SPD16_eabi.lib</file>
         <name>copy_zero_init.c.obj</name>
      </input_file>
      <input_file id="fl-e2">
         <path>C:\ti\ccs1280\ccs\tools\compiler\ti-cgt-arm_20.2.7.LTS\lib\</path>
         <kind>archive</kind>
         <file>rtsv7M4_T_le_v4SPD16_eabi.lib</file>
         <name>copy_decompress_none.c.obj</name>
      </input_file>
      <input_file id="fl-e3">
         <path>C:\ti\ccs1280\ccs\tools\compiler\ti-cgt-arm_20.2.7.LTS\lib\</path>
         <kind>archive</kind>
         <file>rtsv7M4_T_le_v4SPD16_eabi.lib</file>
         <name>copy_decompress_lzss.c.obj</name>
      </input_file>
      <input_file id="fl-e4">
         <path>C:\ti\ccs1280\ccs\tools\compiler\ti-cgt-arm_20.2.7.LTS\lib\</path>
         <kind>archive</kind>
         <file>rtsv7M4_T_le_v4SPD16_eabi.lib</file>
         <name>strcmp.c.obj</name>
      </input_file>
      <input_file id="fl-e5">
         <path>C:\ti\ccs1280\ccs\tools\compiler\ti-cgt-arm_20.2.7.LTS\lib\</path>
         <kind>archive</kind>
         <file>rtsv7M4_T_le_v4SPD16_eabi.lib</file>
         <name>boot_cortex_m.c.obj</name>
      </input_file>
      <input_file id="fl-e6">
         <path>C:\ti\ccs1280\ccs\tools\compiler\ti-cgt-arm_20.2.7.LTS\lib\</path>
         <kind>archive</kind>
         <file>rtsv7M4_T_le_v4SPD16_eabi.lib</file>
         <name>errno.c.obj</name>
      </input_file>
      <input_file id="fl-e7">
         <path>C:\ti\ccs1280\ccs\tools\compiler\ti-cgt-arm_20.2.7.LTS\lib\</path>
         <kind>archive</kind>
         <file>rtsv7M4_T_le_v4SPD16_eabi.lib</file>
         <name>s_copysign.c.obj</name>
      </input_file>
      <input_file id="fl-e8">
         <path>C:\ti\ccs1280\ccs\tools\compiler\ti-cgt-arm_20.2.7.LTS\lib\</path>
         <kind>archive</kind>
         <file>rtsv7M4_T_le_v4SPD16_eabi.lib</file>
         <name>_printfi.c.obj</name>
      </input_file>
      <input_file id="fl-e9">
         <path>C:\ti\ccs1280\ccs\tools\compiler\ti-cgt-arm_20.2.7.LTS\lib\</path>
         <kind>archive</kind>
         <file>rtsv7M4_T_le_v4SPD16_eabi.lib</file>
         <name>fd_toi_t2.asm.obj</name>
      </input_file>
      <input_file id="fl-ea">
         <path>C:\ti\ccs1280\ccs\tools\compiler\ti-cgt-arm_20.2.7.LTS\lib\</path>
         <kind>archive</kind>
         <file>rtsv7M4_T_le_v4SPD16_eabi.lib</file>
         <name>ull_div_t2.asm.obj</name>
      </input_file>
      <input_file id="fl-eb">
         <path>C:\ti\ccs1280\ccs\tools\compiler\ti-cgt-arm_20.2.7.LTS\lib\</path>
         <kind>archive</kind>
         <file>rtsv7M4_T_le_v4SPD16_eabi.lib</file>
         <name>autoinit.c.obj</name>
      </input_file>
      <input_file id="fl-ec">
         <path>C:\ti\ccs1280\ccs\tools\compiler\ti-cgt-arm_20.2.7.LTS\lib\</path>
         <kind>archive</kind>
         <file>rtsv7M4_T_le_v4SPD16_eabi.lib</file>
         <name>pre_init.c.obj</name>
      </input_file>
      <input_file id="fl-ed">
         <path>C:\ti\ccs1280\ccs\tools\compiler\ti-cgt-arm_20.2.7.LTS\lib\</path>
         <kind>archive</kind>
         <file>rtsv7M4_T_le_v4SPD16_eabi.lib</file>
         <name>cpy_tbl.c.obj</name>
      </input_file>
      <input_file id="fl-ee">
         <path>C:\ti\ccs1280\ccs\tools\compiler\ti-cgt-arm_20.2.7.LTS\lib\</path>
         <kind>archive</kind>
         <file>rtsv7M4_T_le_v4SPD16_eabi.lib</file>
         <name>exit.c.obj</name>
      </input_file>
      <input_file id="fl-ef">
         <path>C:\ti\ccs1280\ccs\tools\compiler\ti-cgt-arm_20.2.7.LTS\lib\</path>
         <kind>archive</kind>
         <file>rtsv7M4_T_le_v4SPD16_eabi.lib</file>
         <name>_lock.c.obj</name>
      </input_file>
      <input_file id="fl-f0">
         <path>C:\ti\ccs1280\ccs\tools\compiler\ti-cgt-arm_20.2.7.LTS\lib\</path>
         <kind>archive</kind>
         <file>rtsv7M4_T_le_v4SPD16_eabi.lib</file>
         <name>_ltoa.c.obj</name>
      </input_file>
      <input_file id="fl-f1">
         <path>C:\ti\ccs1280\ccs\tools\compiler\ti-cgt-arm_20.2.7.LTS\lib\</path>
         <kind>archive</kind>
         <file>rtsv7M4_T_le_v4SPD16_eabi.lib</file>
         <name>args_main.c.obj</name>
      </input_file>
      <input_file id="fl-f2">
         <path>C:\ti\ccs1280\ccs\tools\compiler\ti-cgt-arm_20.2.7.LTS\lib\</path>
         <kind>archive</kind>
         <file>rtsv7M4_T_le_v4SPD16_eabi.lib</file>
         <name>atoi.c.obj</name>
      </input_file>
      <input_file id="fl-f3">
         <path>C:\ti\ccs1280\ccs\tools\compiler\ti-cgt-arm_20.2.7.LTS\lib\</path>
         <kind>archive</kind>
         <file>rtsv7M4_T_le_v4SPD16_eabi.lib</file>
         <name>ctype.c.obj</name>
      </input_file>
      <input_file id="fl-f4">
         <path>C:\ti\ccs1280\ccs\tools\compiler\ti-cgt-arm_20.2.7.LTS\lib\</path>
         <kind>archive</kind>
         <file>rtsv7M4_T_le_v4SPD16_eabi.lib</file>
         <name>memccpy.c.obj</name>
      </input_file>
      <input_file id="fl-f5">
         <path>C:\ti\ccs1280\ccs\tools\compiler\ti-cgt-arm_20.2.7.LTS\lib\</path>
         <kind>archive</kind>
         <file>rtsv7M4_T_le_v4SPD16_eabi.lib</file>
         <name>strchr.c.obj</name>
      </input_file>
      <input_file id="fl-f6">
         <path>C:\ti\ccs1280\ccs\tools\compiler\ti-cgt-arm_20.2.7.LTS\lib\</path>
         <kind>archive</kind>
         <file>rtsv7M4_T_le_v4SPD16_eabi.lib</file>
         <name>strlen.c.obj</name>
      </input_file>
      <input_file id="fl-f7">
         <path>C:\ti\ccs1280\ccs\tools\compiler\ti-cgt-arm_20.2.7.LTS\lib\</path>
         <kind>archive</kind>
         <file>rtsv7M4_T_le_v4SPD16_eabi.lib</file>
         <name>wcslen.c.obj</name>
      </input_file>
      <input_file id="fl-f8">
         <path>C:\ti\ccs1280\ccs\tools\compiler\ti-cgt-arm_20.2.7.LTS\lib\</path>
         <kind>archive</kind>
         <file>rtsv7M4_T_le_v4SPD16_eabi.lib</file>
         <name>s_frexp.c.obj</name>
      </input_file>
      <input_file id="fl-f9">
         <path>C:\ti\ccs1280\ccs\tools\compiler\ti-cgt-arm_20.2.7.LTS\lib\</path>
         <kind>archive</kind>
         <file>rtsv7M4_T_le_v4SPD16_eabi.lib</file>
         <name>div0.asm.obj</name>
      </input_file>
   </input_file_list>
   <object_component_list>
      <object_component id="oc-26">
         <name>.intvecs:retain</name>
         <load_address>0x0</load_address>
         <run_address>0x0</run_address>
         <size>0xe4</size>
         <input_file_ref idref="fl-6"/>
      </object_component>
      <object_component id="oc-319">
         <name>.text:__TI_printfi</name>
         <load_address>0xe4</load_address>
         <run_address>0xe4</run_address>
         <size>0xa4e</size>
         <input_file_ref idref="fl-e8"/>
      </object_component>
      <object_component id="oc-532">
         <name>.text</name>
         <load_address>0xb32</load_address>
         <run_address>0xb32</run_address>
         <size>0x2</size>
         <input_file_ref idref="fl-f9"/>
      </object_component>
      <object_component id="oc-93">
         <name>.text</name>
         <load_address>0xb34</load_address>
         <run_address>0xb34</run_address>
         <size>0x8d0</size>
         <input_file_ref idref="fl-5"/>
      </object_component>
      <object_component id="oc-f9">
         <name>.text</name>
         <load_address>0x1404</load_address>
         <run_address>0x1404</run_address>
         <size>0x680</size>
         <input_file_ref idref="fl-8"/>
      </object_component>
      <object_component id="oc-166">
         <name>.text:Graphics_drawString</name>
         <load_address>0x1a84</load_address>
         <run_address>0x1a84</run_address>
         <size>0x47e</size>
         <input_file_ref idref="fl-15"/>
      </object_component>
      <object_component id="oc-a5">
         <name>.text</name>
         <load_address>0x1f04</load_address>
         <run_address>0x1f04</run_address>
         <size>0x334</size>
         <input_file_ref idref="fl-7"/>
      </object_component>
      <object_component id="oc-420">
         <name>.text:_pconv_a</name>
         <load_address>0x2238</load_address>
         <run_address>0x2238</run_address>
         <size>0x270</size>
         <input_file_ref idref="fl-e8"/>
      </object_component>
      <object_component id="oc-40e">
         <name>.text:_pconv_g</name>
         <load_address>0x24a8</load_address>
         <run_address>0x24a8</run_address>
         <size>0x1d0</size>
         <input_file_ref idref="fl-e8"/>
      </object_component>
      <object_component id="oc-4c3">
         <name>.text</name>
         <load_address>0x2678</load_address>
         <run_address>0x2678</run_address>
         <size>0x1b6</size>
         <input_file_ref idref="fl-da"/>
      </object_component>
      <object_component id="oc-21d">
         <name>.text:_getIndexForMemRegister</name>
         <load_address>0x2830</load_address>
         <run_address>0x2830</run_address>
         <size>0x160</size>
         <input_file_ref idref="fl-17"/>
      </object_component>
      <object_component id="oc-213">
         <name>.text:privateTimer_AProcessClockSourceDivider</name>
         <load_address>0x2990</load_address>
         <run_address>0x2990</run_address>
         <size>0x144</size>
         <input_file_ref idref="fl-1e"/>
      </object_component>
      <object_component id="oc-ed">
         <name>.text</name>
         <load_address>0x2ad4</load_address>
         <run_address>0x2ad4</run_address>
         <size>0x13c</size>
         <input_file_ref idref="fl-3"/>
      </object_component>
      <object_component id="oc-41a">
         <name>.text:_pconv_e</name>
         <load_address>0x2c10</load_address>
         <run_address>0x2c10</run_address>
         <size>0x13c</size>
         <input_file_ref idref="fl-e8"/>
      </object_component>
      <object_component id="oc-4a9">
         <name>.text</name>
         <load_address>0x2d4c</load_address>
         <run_address>0x2d4c</run_address>
         <size>0x136</size>
         <input_file_ref idref="fl-dc"/>
      </object_component>
      <object_component id="oc-c9">
         <name>.text:CS_initClockSignal</name>
         <load_address>0x2e84</load_address>
         <run_address>0x2e84</run_address>
         <size>0x130</size>
         <input_file_ref idref="fl-18"/>
      </object_component>
      <object_component id="oc-4d5">
         <name>.text:fcvt</name>
         <load_address>0x2fb4</load_address>
         <run_address>0x2fb4</run_address>
         <size>0x124</size>
         <input_file_ref idref="fl-e8"/>
      </object_component>
      <object_component id="oc-147">
         <name>.text</name>
         <load_address>0x30d8</load_address>
         <run_address>0x30d8</run_address>
         <size>0x118</size>
         <input_file_ref idref="fl-2"/>
      </object_component>
      <object_component id="oc-160">
         <name>.text:Graphics_fillRectangle</name>
         <load_address>0x31f0</load_address>
         <run_address>0x31f0</run_address>
         <size>0x112</size>
         <input_file_ref idref="fl-14"/>
      </object_component>
      <object_component id="oc-4e9">
         <name>.text:scalbn</name>
         <load_address>0x3304</load_address>
         <run_address>0x3304</run_address>
         <size>0x110</size>
         <input_file_ref idref="fl-d8"/>
      </object_component>
      <object_component id="oc-4a4">
         <name>.text</name>
         <load_address>0x3414</load_address>
         <run_address>0x3414</run_address>
         <size>0xfc</size>
         <input_file_ref idref="fl-dd"/>
      </object_component>
      <object_component id="oc-2e5">
         <name>.text:Graphics_getStringWidth</name>
         <load_address>0x3510</load_address>
         <run_address>0x3510</run_address>
         <size>0xfa</size>
         <input_file_ref idref="fl-15"/>
      </object_component>
      <object_component id="oc-229">
         <name>.text</name>
         <load_address>0x360c</load_address>
         <run_address>0x360c</run_address>
         <size>0xcc</size>
         <input_file_ref idref="fl-9"/>
      </object_component>
      <object_component id="oc-135">
         <name>.text:ADC14_configureConversionMemory</name>
         <load_address>0x36d8</load_address>
         <run_address>0x36d8</run_address>
         <size>0xb4</size>
         <input_file_ref idref="fl-17"/>
      </object_component>
      <object_component id="oc-12f">
         <name>.text:ADC14_configureMultiSequenceMode</name>
         <load_address>0x378c</load_address>
         <run_address>0x378c</run_address>
         <size>0xb4</size>
         <input_file_ref idref="fl-17"/>
      </object_component>
      <object_component id="oc-403">
         <name>.text:_ltostr</name>
         <load_address>0x3840</load_address>
         <run_address>0x3840</run_address>
         <size>0xb1</size>
         <input_file_ref idref="fl-e8"/>
      </object_component>
      <object_component id="oc-3a9">
         <name>.text:SPI_initMaster</name>
         <load_address>0x38f2</load_address>
         <run_address>0x38f2</run_address>
         <size>0xb0</size>
         <input_file_ref idref="fl-1c"/>
      </object_component>
      <object_component id="oc-302">
         <name>.text:Graphics_drawLineH</name>
         <load_address>0x39a2</load_address>
         <run_address>0x39a2</run_address>
         <size>0x9c</size>
         <input_file_ref idref="fl-16"/>
      </object_component>
      <object_component id="oc-37">
         <name>.text</name>
         <load_address>0x3a3e</load_address>
         <run_address>0x3a3e</run_address>
         <size>0x9c</size>
         <input_file_ref idref="fl-df"/>
      </object_component>
      <object_component id="oc-49d">
         <name>.text</name>
         <load_address>0x3ada</load_address>
         <run_address>0x3ada</run_address>
         <size>0x96</size>
         <input_file_ref idref="fl-ea"/>
      </object_component>
      <object_component id="oc-11d">
         <name>.text:GPIO_setAsPeripheralModuleFunctionInputPin</name>
         <load_address>0x3b70</load_address>
         <run_address>0x3b70</run_address>
         <size>0x88</size>
         <input_file_ref idref="fl-19"/>
      </object_component>
      <object_component id="oc-cf">
         <name>.text:GPIO_setAsPeripheralModuleFunctionOutputPin</name>
         <load_address>0x3bf8</load_address>
         <run_address>0x3bf8</run_address>
         <size>0x88</size>
         <input_file_ref idref="fl-19"/>
      </object_component>
      <object_component id="oc-409">
         <name>.text:__aeabi_cdcmple</name>
         <load_address>0x3c80</load_address>
         <run_address>0x3c80</run_address>
         <size>0x86</size>
         <input_file_ref idref="fl-db"/>
      </object_component>
      <object_component id="oc-4ae">
         <name>.text:__aeabi_cdrcmple</name>
         <load_address>0x3d06</load_address>
         <run_address>0x3d06</run_address>
         <size>0x86</size>
         <input_file_ref idref="fl-db"/>
      </object_component>
      <object_component id="oc-87">
         <name>.text</name>
         <load_address>0x3d8c</load_address>
         <run_address>0x3d8c</run_address>
         <size>0x7a</size>
         <input_file_ref idref="fl-e0"/>
      </object_component>
      <object_component id="oc-d5">
         <name>.text:Timer_A_generatePWM</name>
         <load_address>0x3e08</load_address>
         <run_address>0x3e08</run_address>
         <size>0x74</size>
         <input_file_ref idref="fl-1e"/>
      </object_component>
      <object_component id="oc-4ce">
         <name>.text:_mcpy</name>
         <load_address>0x3e7c</load_address>
         <run_address>0x3e7c</run_address>
         <size>0x6e</size>
         <input_file_ref idref="fl-e8"/>
      </object_component>
      <object_component id="oc-2b6">
         <name>.text:I2C_masterSendMultiByteFinish</name>
         <load_address>0x3eec</load_address>
         <run_address>0x3eec</run_address>
         <size>0x6c</size>
         <input_file_ref idref="fl-1a"/>
      </object_component>
      <object_component id="oc-28c">
         <name>.text:I2C_masterSendMultiByteStart</name>
         <load_address>0x3f58</load_address>
         <run_address>0x3f58</run_address>
         <size>0x68</size>
         <input_file_ref idref="fl-1a"/>
      </object_component>
      <object_component id="oc-17">
         <name>.text:decompress:lzss:__TI_decompress_lzss</name>
         <load_address>0x3fc0</load_address>
         <run_address>0x3fc0</run_address>
         <size>0x68</size>
         <input_file_ref idref="fl-e3"/>
      </object_component>
      <object_component id="oc-4e3">
         <name>.text:frexp</name>
         <load_address>0x4028</load_address>
         <run_address>0x4028</run_address>
         <size>0x64</size>
         <input_file_ref idref="fl-f8"/>
      </object_component>
      <object_component id="oc-268">
         <name>.text:I2C_initMaster</name>
         <load_address>0x408c</load_address>
         <run_address>0x408c</run_address>
         <size>0x62</size>
         <input_file_ref idref="fl-1a"/>
      </object_component>
      <object_component id="oc-414">
         <name>.text:_pconv_f</name>
         <load_address>0x40ee</load_address>
         <run_address>0x40ee</run_address>
         <size>0x56</size>
         <input_file_ref idref="fl-e8"/>
      </object_component>
      <object_component id="oc-129">
         <name>.text:ADC14_initModule</name>
         <load_address>0x4144</load_address>
         <run_address>0x4144</run_address>
         <size>0x54</size>
         <input_file_ref idref="fl-17"/>
      </object_component>
      <object_component id="oc-4b8">
         <name>.text:__TI_ltoa</name>
         <load_address>0x4198</load_address>
         <run_address>0x4198</run_address>
         <size>0x54</size>
         <input_file_ref idref="fl-f0"/>
      </object_component>
      <object_component id="oc-ff">
         <name>.text:Graphics_initContext</name>
         <load_address>0x41ec</load_address>
         <run_address>0x41ec</run_address>
         <size>0x52</size>
         <input_file_ref idref="fl-10"/>
      </object_component>
      <object_component id="oc-4c8">
         <name>.text:_ecpy</name>
         <load_address>0x423e</load_address>
         <run_address>0x423e</run_address>
         <size>0x52</size>
         <input_file_ref idref="fl-e8"/>
      </object_component>
      <object_component id="oc-3fd">
         <name>.text:atoi</name>
         <load_address>0x4290</load_address>
         <run_address>0x4290</run_address>
         <size>0x4c</size>
         <input_file_ref idref="fl-f2"/>
      </object_component>
      <object_component id="oc-176">
         <name>.text:snprintf</name>
         <load_address>0x42dc</load_address>
         <run_address>0x42dc</run_address>
         <size>0x4c</size>
         <input_file_ref idref="fl-d9"/>
      </object_component>
      <object_component id="oc-157">
         <name>.text:Graphics_drawStringCentered</name>
         <load_address>0x4328</load_address>
         <run_address>0x4328</run_address>
         <size>0x48</size>
         <input_file_ref idref="fl-15"/>
      </object_component>
      <object_component id="oc-4b3">
         <name>.text</name>
         <load_address>0x4370</load_address>
         <run_address>0x4370</run_address>
         <size>0x48</size>
         <input_file_ref idref="fl-e9"/>
      </object_component>
      <object_component id="oc-1c7">
         <name>.text:__TI_auto_init_nobinit_nopinit:__TI_auto_init_nobinit_nopinit</name>
         <load_address>0x43b8</load_address>
         <run_address>0x43b8</run_address>
         <size>0x44</size>
         <input_file_ref idref="fl-eb"/>
      </object_component>
      <object_component id="oc-3a3">
         <name>.text:GPIO_setAsOutputPin</name>
         <load_address>0x43fc</load_address>
         <run_address>0x43fc</run_address>
         <size>0x40</size>
         <input_file_ref idref="fl-19"/>
      </object_component>
      <object_component id="oc-2fc">
         <name>.text:Graphics_getNumberOfLeadingZeros</name>
         <load_address>0x443c</load_address>
         <run_address>0x443c</run_address>
         <size>0x40</size>
         <input_file_ref idref="fl-15"/>
      </object_component>
      <object_component id="oc-2aa">
         <name>.text:I2C_masterReceiveMultiByteFinish</name>
         <load_address>0x447c</load_address>
         <run_address>0x447c</run_address>
         <size>0x40</size>
         <input_file_ref idref="fl-1a"/>
      </object_component>
      <object_component id="oc-472">
         <name>.text:is_A_Module</name>
         <load_address>0x44bc</load_address>
         <run_address>0x44bc</run_address>
         <size>0x40</size>
         <input_file_ref idref="fl-1c"/>
      </object_component>
      <object_component id="oc-4db">
         <name>.text:_fcpy</name>
         <load_address>0x44fc</load_address>
         <run_address>0x44fc</run_address>
         <size>0x3e</size>
         <input_file_ref idref="fl-e8"/>
      </object_component>
      <object_component id="oc-298">
         <name>.text:I2C_masterSendMultiByteStop</name>
         <load_address>0x453c</load_address>
         <run_address>0x453c</run_address>
         <size>0x38</size>
         <input_file_ref idref="fl-1a"/>
      </object_component>
      <object_component id="oc-3ea">
         <name>.text:Graphics_drawHorizontalLineOnDisplay</name>
         <load_address>0x4574</load_address>
         <run_address>0x4574</run_address>
         <size>0x36</size>
         <input_file_ref idref="fl-11"/>
      </object_component>
      <object_component id="oc-13b">
         <name>.text:ADC14_enableSampleTimer</name>
         <load_address>0x45ac</load_address>
         <run_address>0x45ac</run_address>
         <size>0x34</size>
         <input_file_ref idref="fl-17"/>
      </object_component>
      <object_component id="oc-c3">
         <name>.text:CS_setDCOCenteredFrequency</name>
         <load_address>0x45e0</load_address>
         <run_address>0x45e0</run_address>
         <size>0x34</size>
         <input_file_ref idref="fl-18"/>
      </object_component>
      <object_component id="oc-2b0">
         <name>.text:I2C_masterSendMultiByteNext</name>
         <load_address>0x4614</load_address>
         <run_address>0x4614</run_address>
         <size>0x34</size>
         <input_file_ref idref="fl-1a"/>
      </object_component>
      <object_component id="oc-55">
         <name>.text:_c_int00_noargs:_c_int00_noargs</name>
         <load_address>0x4648</load_address>
         <run_address>0x4648</run_address>
         <size>0x34</size>
         <input_file_ref idref="fl-e5"/>
      </object_component>
      <object_component id="oc-31f">
         <name>.text:_outs</name>
         <load_address>0x467c</load_address>
         <run_address>0x467c</run_address>
         <size>0x30</size>
         <input_file_ref idref="fl-d9"/>
      </object_component>
      <object_component id="oc-4be">
         <name>.text</name>
         <load_address>0x46ac</load_address>
         <run_address>0x46ac</run_address>
         <size>0x2e</size>
         <input_file_ref idref="fl-de"/>
      </object_component>
      <object_component id="oc-db">
         <name>.text:ADC14_toggleConversionTrigger</name>
         <load_address>0x46dc</load_address>
         <run_address>0x46dc</run_address>
         <size>0x2c</size>
         <input_file_ref idref="fl-17"/>
      </object_component>
      <object_component id="oc-308">
         <name>.text:Graphics_drawPixelOnDisplay</name>
         <load_address>0x4708</load_address>
         <run_address>0x4708</run_address>
         <size>0x2c</size>
         <input_file_ref idref="fl-11"/>
      </object_component>
      <object_component id="oc-141">
         <name>.text:ADC14_enableConversion</name>
         <load_address>0x4734</load_address>
         <run_address>0x4734</run_address>
         <size>0x28</size>
         <input_file_ref idref="fl-17"/>
      </object_component>
      <object_component id="oc-e7">
         <name>.text:ADC14_getResult</name>
         <load_address>0x475c</load_address>
         <run_address>0x475c</run_address>
         <size>0x28</size>
         <input_file_ref idref="fl-17"/>
      </object_component>
      <object_component id="oc-235">
         <name>.text:GPIO_setOutputHighOnPin</name>
         <load_address>0x4784</load_address>
         <run_address>0x4784</run_address>
         <size>0x28</size>
         <input_file_ref idref="fl-19"/>
      </object_component>
      <object_component id="oc-22f">
         <name>.text:GPIO_setOutputLowOnPin</name>
         <load_address>0x47ac</load_address>
         <run_address>0x47ac</run_address>
         <size>0x28</size>
         <input_file_ref idref="fl-19"/>
      </object_component>
      <object_component id="oc-18b">
         <name>.text:Timer_A_setCompareValue</name>
         <load_address>0x47d4</load_address>
         <run_address>0x47d4</run_address>
         <size>0x28</size>
         <input_file_ref idref="fl-1e"/>
      </object_component>
      <object_component id="oc-f3">
         <name>.text:WDT_A_holdTimer</name>
         <load_address>0x47fc</load_address>
         <run_address>0x47fc</run_address>
         <size>0x24</size>
         <input_file_ref idref="fl-1f"/>
      </object_component>
      <object_component id="oc-2ef">
         <name>.text:Graphics_fillRectangleOnDisplay</name>
         <load_address>0x4820</load_address>
         <run_address>0x4820</run_address>
         <size>0x1e</size>
         <input_file_ref idref="fl-11"/>
      </object_component>
      <object_component id="oc-27a">
         <name>.text:I2C_setMode</name>
         <load_address>0x483e</load_address>
         <run_address>0x483e</run_address>
         <size>0x1c</size>
         <input_file_ref idref="fl-1a"/>
      </object_component>
      <object_component id="oc-3af">
         <name>.text:SPI_enableModule</name>
         <load_address>0x485a</load_address>
         <run_address>0x485a</run_address>
         <size>0x1c</size>
         <input_file_ref idref="fl-1c"/>
      </object_component>
      <object_component id="oc-43">
         <name>.text:decompress:ZI:__TI_zero_init_nomemset:__TI_zero_init_nomemset</name>
         <load_address>0x4876</load_address>
         <run_address>0x4876</run_address>
         <size>0x1c</size>
         <input_file_ref idref="fl-e1"/>
      </object_component>
      <object_component id="oc-426">
         <name>.text:memccpy</name>
         <load_address>0x4892</load_address>
         <run_address>0x4892</run_address>
         <size>0x1c</size>
         <input_file_ref idref="fl-f4"/>
      </object_component>
      <object_component id="oc-253">
         <name>.text:Graphics_clearDisplayOnDisplay</name>
         <load_address>0x48ae</load_address>
         <run_address>0x48ae</run_address>
         <size>0x1a</size>
         <input_file_ref idref="fl-11"/>
      </object_component>
      <object_component id="oc-10b">
         <name>.text:Graphics_setBackgroundColor</name>
         <load_address>0x48c8</load_address>
         <run_address>0x48c8</run_address>
         <size>0x1a</size>
         <input_file_ref idref="fl-10"/>
      </object_component>
      <object_component id="oc-111">
         <name>.text:Graphics_setFont</name>
         <load_address>0x48e2</load_address>
         <run_address>0x48e2</run_address>
         <size>0x1a</size>
         <input_file_ref idref="fl-10"/>
      </object_component>
      <object_component id="oc-29e">
         <name>.text:I2C_masterReceiveStart</name>
         <load_address>0x48fc</load_address>
         <run_address>0x48fc</run_address>
         <size>0x1a</size>
         <input_file_ref idref="fl-1a"/>
      </object_component>
      <object_component id="oc-54b">
         <name>.text:copysign</name>
         <load_address>0x4916</load_address>
         <run_address>0x4916</run_address>
         <size>0x1a</size>
         <input_file_ref idref="fl-e7"/>
      </object_component>
      <object_component id="oc-292">
         <name>.text:I2C_getInterruptStatus</name>
         <load_address>0x4930</load_address>
         <run_address>0x4930</run_address>
         <size>0x18</size>
         <input_file_ref idref="fl-1a"/>
      </object_component>
      <object_component id="oc-286">
         <name>.text:I2C_isBusBusy</name>
         <load_address>0x4948</load_address>
         <run_address>0x4948</run_address>
         <size>0x18</size>
         <input_file_ref idref="fl-1a"/>
      </object_component>
      <object_component id="oc-325">
         <name>.text:_outc</name>
         <load_address>0x4960</load_address>
         <run_address>0x4960</run_address>
         <size>0x18</size>
         <input_file_ref idref="fl-d9"/>
      </object_component>
      <object_component id="oc-185">
         <name>.text:strcmp</name>
         <load_address>0x4978</load_address>
         <run_address>0x4978</run_address>
         <size>0x18</size>
         <input_file_ref idref="fl-e4"/>
      </object_component>
      <object_component id="oc-47a">
         <name>.text:EUSCI_A_SPI_enable</name>
         <load_address>0x4990</load_address>
         <run_address>0x4990</run_address>
         <size>0x16</size>
         <input_file_ref idref="fl-1c"/>
      </object_component>
      <object_component id="oc-480">
         <name>.text:EUSCI_B_SPI_enable</name>
         <load_address>0x49a6</load_address>
         <run_address>0x49a6</run_address>
         <size>0x16</size>
         <input_file_ref idref="fl-1c"/>
      </object_component>
      <object_component id="oc-105">
         <name>.text:Graphics_setForegroundColor</name>
         <load_address>0x49bc</load_address>
         <run_address>0x49bc</run_address>
         <size>0x16</size>
         <input_file_ref idref="fl-10"/>
      </object_component>
      <object_component id="oc-24a">
         <name>.text:Graphics_translateColorOnDisplay</name>
         <load_address>0x49d2</load_address>
         <run_address>0x49d2</run_address>
         <size>0x16</size>
         <input_file_ref idref="fl-11"/>
      </object_component>
      <object_component id="oc-280">
         <name>.text:I2C_clearInterruptFlag</name>
         <load_address>0x49e8</load_address>
         <run_address>0x49e8</run_address>
         <size>0x16</size>
         <input_file_ref idref="fl-1a"/>
      </object_component>
      <object_component id="oc-26e">
         <name>.text:I2C_disableModule</name>
         <load_address>0x49fe</load_address>
         <run_address>0x49fe</run_address>
         <size>0x16</size>
         <input_file_ref idref="fl-1a"/>
      </object_component>
      <object_component id="oc-274">
         <name>.text:I2C_enableModule</name>
         <load_address>0x4a14</load_address>
         <run_address>0x4a14</run_address>
         <size>0x16</size>
         <input_file_ref idref="fl-1a"/>
      </object_component>
      <object_component id="oc-4ef">
         <name>.text:strchr</name>
         <load_address>0x4a2a</load_address>
         <run_address>0x4a2a</run_address>
         <size>0x16</size>
         <input_file_ref idref="fl-f5"/>
      </object_component>
      <object_component id="oc-2a4">
         <name>.text:I2C_masterReceiveMultiByteNext</name>
         <load_address>0x4a40</load_address>
         <run_address>0x4a40</run_address>
         <size>0x14</size>
         <input_file_ref idref="fl-1a"/>
      </object_component>
      <object_component id="oc-2bc">
         <name>.text:I2C_setSlaveAddress</name>
         <load_address>0x4a54</load_address>
         <run_address>0x4a54</run_address>
         <size>0x14</size>
         <input_file_ref idref="fl-1a"/>
      </object_component>
      <object_component id="oc-3f7">
         <name>.text:strlen</name>
         <load_address>0x4a68</load_address>
         <run_address>0x4a68</run_address>
         <size>0x14</size>
         <input_file_ref idref="fl-f6"/>
      </object_component>
      <object_component id="oc-117">
         <name>.text:Graphics_clearDisplay</name>
         <load_address>0x4a7c</load_address>
         <run_address>0x4a7c</run_address>
         <size>0x12</size>
         <input_file_ref idref="fl-10"/>
      </object_component>
      <object_component id="oc-42c">
         <name>.text:wcslen</name>
         <load_address>0x4a8e</load_address>
         <run_address>0x4a8e</run_address>
         <size>0x12</size>
         <input_file_ref idref="fl-f7"/>
      </object_component>
      <object_component id="oc-e1">
         <name>.text:ADC14_isBusy</name>
         <load_address>0x4aa0</load_address>
         <run_address>0x4aa0</run_address>
         <size>0x10</size>
         <input_file_ref idref="fl-17"/>
      </object_component>
      <object_component id="oc-25c">
         <name>.text:ADCIsConversionRunning</name>
         <load_address>0x4ab0</load_address>
         <run_address>0x4ab0</run_address>
         <size>0x10</size>
         <input_file_ref idref="fl-17"/>
      </object_component>
      <object_component id="oc-1d">
         <name>.text:decompress:none:__TI_decompress_none</name>
         <load_address>0x4ac0</load_address>
         <run_address>0x4ac0</run_address>
         <size>0xe</size>
         <input_file_ref idref="fl-e2"/>
      </object_component>
      <object_component id="oc-67">
         <name>.text</name>
         <load_address>0x4ace</load_address>
         <run_address>0x4ace</run_address>
         <size>0xe</size>
         <input_file_ref idref="fl-6"/>
      </object_component>
      <object_component id="oc-123">
         <name>.text:ADC14_enableModule</name>
         <load_address>0x4adc</load_address>
         <run_address>0x4adc</run_address>
         <size>0xc</size>
         <input_file_ref idref="fl-17"/>
      </object_component>
      <object_component id="oc-432">
         <name>.text:__aeabi_errno_addr</name>
         <load_address>0x4ae8</load_address>
         <run_address>0x4ae8</run_address>
         <size>0x8</size>
         <input_file_ref idref="fl-e6"/>
      </object_component>
      <object_component id="oc-8d">
         <name>.text:_system_pre_init</name>
         <load_address>0x4af0</load_address>
         <run_address>0x4af0</run_address>
         <size>0x4</size>
         <input_file_ref idref="fl-ec"/>
      </object_component>
      <object_component id="oc-1bb">
         <name>.text:abort:abort</name>
         <load_address>0x4af4</load_address>
         <run_address>0x4af4</run_address>
         <size>0x4</size>
         <input_file_ref idref="fl-ee"/>
      </object_component>
      <object_component id="oc-33c">
         <name>.const:.string:g_pucCmss20bData</name>
         <load_address>0x4af8</load_address>
         <run_address>0x4af8</run_address>
         <size>0x890</size>
         <input_file_ref idref="fl-12"/>
      </object_component>
      <object_component id="oc-313">
         <name>.const:.string:g_pucFontFixed6x8Data</name>
         <load_address>0x5388</load_address>
         <run_address>0x5388</run_address>
         <size>0x2f8</size>
         <input_file_ref idref="fl-13"/>
      </object_component>
      <object_component id="oc-498">
         <name>.const:.string:_ctypes_</name>
         <load_address>0x5680</load_address>
         <run_address>0x5680</run_address>
         <size>0x101</size>
         <input_file_ref idref="fl-f3"/>
      </object_component>
      <object_component id="oc-17c">
         <name>.const:g_sFontCmss20b</name>
         <load_address>0x5784</load_address>
         <run_address>0x5784</run_address>
         <size>0xc8</size>
         <input_file_ref idref="fl-12"/>
      </object_component>
      <object_component id="oc-172">
         <name>.const:g_sFontFixed6x8</name>
         <load_address>0x584c</load_address>
         <run_address>0x584c</run_address>
         <size>0xc8</size>
         <input_file_ref idref="fl-13"/>
      </object_component>
      <object_component id="oc-223">
         <name>.const:_ctlRegs</name>
         <load_address>0x5914</load_address>
         <run_address>0x5914</run_address>
         <size>0x80</size>
         <input_file_ref idref="fl-17"/>
      </object_component>
      <object_component id="oc-20a">
         <name>.const:GPIO_PORT_TO_BASE</name>
         <load_address>0x5994</load_address>
         <run_address>0x5994</run_address>
         <size>0x30</size>
         <input_file_ref idref="fl-19"/>
      </object_component>
      <object_component id="oc-16f">
         <name>.const:g_sCrystalfontz128x128_funcs</name>
         <load_address>0x59c4</load_address>
         <run_address>0x59c4</run_address>
         <size>0x20</size>
         <input_file_ref idref="fl-8"/>
      </object_component>
      <object_component id="oc-3b5">
         <name>.const:$P$T0$1</name>
         <load_address>0x59e4</load_address>
         <run_address>0x59e4</run_address>
         <size>0x1c</size>
         <input_file_ref idref="fl-9"/>
      </object_component>
      <object_component id="oc-14d">
         <name>.const:$P$T0$1</name>
         <load_address>0x5a00</load_address>
         <run_address>0x5a00</run_address>
         <size>0x18</size>
         <input_file_ref idref="fl-5"/>
      </object_component>
      <object_component id="oc-2c2">
         <name>.const:i2cConfig</name>
         <load_address>0x5a18</load_address>
         <run_address>0x5a18</run_address>
         <size>0x14</size>
         <input_file_ref idref="fl-2"/>
      </object_component>
      <object_component id="oc-244">
         <name>.const:$P$T0$1</name>
         <load_address>0x5a2c</load_address>
         <run_address>0x5a2c</run_address>
         <size>0x8</size>
         <input_file_ref idref="fl-8"/>
      </object_component>
      <object_component id="oc-191">
         <name>.const:$P$T2$2</name>
         <load_address>0x5a34</load_address>
         <run_address>0x5a34</run_address>
         <size>0x8</size>
         <input_file_ref idref="fl-5"/>
      </object_component>
      <object_component id="oc-194">
         <name>.const:$P$T4$3</name>
         <load_address>0x5a3c</load_address>
         <run_address>0x5a3c</run_address>
         <size>0x8</size>
         <input_file_ref idref="fl-5"/>
      </object_component>
      <object_component id="oc-198">
         <name>.const:$P$T6$4</name>
         <load_address>0x5a44</load_address>
         <run_address>0x5a44</run_address>
         <size>0x8</size>
         <input_file_ref idref="fl-5"/>
      </object_component>
      <object_component id="oc-19b">
         <name>.const:$P$T8$5</name>
         <load_address>0x5a4c</load_address>
         <run_address>0x5a4c</run_address>
         <size>0x8</size>
         <input_file_ref idref="fl-5"/>
      </object_component>
      <object_component id="oc-19e">
         <name>.const:.string:correctPIN</name>
         <load_address>0x5a54</load_address>
         <run_address>0x5a54</run_address>
         <size>0x5</size>
         <input_file_ref idref="fl-5"/>
      </object_component>
      <object_component id="oc-5a9">
         <name>.cinit..data.load</name>
         <load_address>0x5a60</load_address>
         <run_address>0x5a60</run_address>
         <size>0x4a</size>
      </object_component>
      <object_component id="oc-5a7">
         <name>__TI_handler_table</name>
         <load_address>0x5aac</load_address>
         <run_address>0x5aac</run_address>
         <size>0xc</size>
      </object_component>
      <object_component id="oc-5aa">
         <name>.cinit..bss.load</name>
         <load_address>0x5ab8</load_address>
         <run_address>0x5ab8</run_address>
         <size>0x8</size>
      </object_component>
      <object_component id="oc-5a8">
         <name>__TI_cinit_table</name>
         <load_address>0x5ac0</load_address>
         <run_address>0x5ac0</run_address>
         <size>0x10</size>
      </object_component>
      <object_component id="oc-57b">
         <name>.binit</name>
         <load_address>0x0</load_address>
         <run_address>0x0</run_address>
         <size>0x0</size>
      </object_component>
      <object_component id="oc-154">
         <name>.data</name>
         <load_address>0x20000000</load_address>
         <run_address>0x20000000</run_address>
         <size>0x28</size>
         <input_file_ref idref="fl-5"/>
      </object_component>
      <object_component id="oc-17f">
         <name>.data:keyX</name>
         <load_address>0x20000048</load_address>
         <run_address>0x20000048</run_address>
         <size>0xc</size>
         <input_file_ref idref="fl-5"/>
      </object_component>
      <object_component id="oc-182">
         <name>.data:keyY</name>
         <load_address>0x20000038</load_address>
         <run_address>0x20000038</run_address>
         <size>0x10</size>
         <input_file_ref idref="fl-5"/>
      </object_component>
      <object_component id="oc-15d">
         <name>.data:keys</name>
         <load_address>0x20000054</load_address>
         <run_address>0x20000054</run_address>
         <size>0xc</size>
         <input_file_ref idref="fl-5"/>
      </object_component>
      <object_component id="oc-1f9">
         <name>.data</name>
         <load_address>0x20000064</load_address>
         <run_address>0x20000064</run_address>
         <size>0x4</size>
         <input_file_ref idref="fl-7"/>
      </object_component>
      <object_component id="oc-16c">
         <name>.data:g_sCrystalfontz128x128</name>
         <load_address>0x20000028</load_address>
         <run_address>0x20000028</run_address>
         <size>0x10</size>
         <input_file_ref idref="fl-8"/>
      </object_component>
      <object_component id="oc-4ff">
         <name>.data</name>
         <load_address>0x20000060</load_address>
         <run_address>0x20000060</run_address>
         <size>0x4</size>
         <input_file_ref idref="fl-e6"/>
      </object_component>
      <object_component id="oc-175">
         <name>.common:g_sContext</name>
         <uninitialized>true</uninitialized>
         <run_address>0x20000068</run_address>
         <size>0x1c</size>
      </object_component>
      <object_component id="oc-150">
         <name>.common:xValue</name>
         <uninitialized>true</uninitialized>
         <run_address>0x20000092</run_address>
         <size>0x2</size>
      </object_component>
      <object_component id="oc-153">
         <name>.common:yValue</name>
         <uninitialized>true</uninitialized>
         <run_address>0x20000094</run_address>
         <size>0x2</size>
      </object_component>
      <object_component id="oc-197">
         <name>.common:enteredPIN</name>
         <uninitialized>true</uninitialized>
         <run_address>0x20000084</run_address>
         <size>0x8</size>
      </object_component>
      <object_component id="oc-243">
         <name>.common:Lcd_Orientation</name>
         <uninitialized>true</uninitialized>
         <run_address>0x20000098</run_address>
         <size>0x1</size>
      </object_component>
      <object_component id="oc-23b">
         <name>.common:Lcd_ScreenWidth</name>
         <uninitialized>true</uninitialized>
         <run_address>0x2000008e</run_address>
         <size>0x2</size>
      </object_component>
      <object_component id="oc-23e">
         <name>.common:Lcd_ScreenHeigth</name>
         <uninitialized>true</uninitialized>
         <run_address>0x2000008c</run_address>
         <size>0x2</size>
      </object_component>
      <object_component id="oc-23f">
         <name>.common:Lcd_PenSolid</name>
         <uninitialized>true</uninitialized>
         <run_address>0x20000099</run_address>
         <size>0x1</size>
      </object_component>
      <object_component id="oc-240">
         <name>.common:Lcd_FontSolid</name>
         <uninitialized>true</uninitialized>
         <run_address>0x20000097</run_address>
         <size>0x1</size>
      </object_component>
      <object_component id="oc-241">
         <name>.common:Lcd_FlagRead</name>
         <uninitialized>true</uninitialized>
         <run_address>0x20000096</run_address>
         <size>0x1</size>
      </object_component>
      <object_component id="oc-242">
         <name>.common:Lcd_TouchTrim</name>
         <uninitialized>true</uninitialized>
         <run_address>0x20000090</run_address>
         <size>0x2</size>
      </object_component>
      <object_component id="oc-29">
         <name>.stack</name>
         <uninitialized>true</uninitialized>
         <run_address>0x2000fe00</run_address>
         <size>0x4</size>
         <input_file_ref idref="fl-e5"/>
      </object_component>
      <object_component id="oc-5ac">
         <name>.stack</name>
         <uninitialized>true</uninitialized>
         <run_address>0x2000fe00</run_address>
         <size>0x0</size>
      </object_component>
      <object_component id="oc-202">
         <name>.debug_info</name>
         <load_address>0x0</load_address>
         <run_address>0x0</run_address>
         <size>0x99c</size>
         <input_file_ref idref="fl-2"/>
      </object_component>
      <object_component id="oc-2c3">
         <name>.debug_info</name>
         <load_address>0x99c</load_address>
         <run_address>0x99c</run_address>
         <size>0xd5</size>
         <input_file_ref idref="fl-2"/>
      </object_component>
      <object_component id="oc-148">
         <name>.debug_info</name>
         <load_address>0xa71</load_address>
         <run_address>0xa71</run_address>
         <size>0x618</size>
         <input_file_ref idref="fl-2"/>
      </object_component>
      <object_component id="oc-377">
         <name>.debug_info</name>
         <load_address>0x1089</load_address>
         <run_address>0x1089</run_address>
         <size>0x9a</size>
         <input_file_ref idref="fl-2"/>
      </object_component>
      <object_component id="oc-ae">
         <name>.debug_info</name>
         <load_address>0x1123</load_address>
         <run_address>0x1123</run_address>
         <size>0x26b</size>
         <input_file_ref idref="fl-2"/>
      </object_component>
      <object_component id="oc-2cf">
         <name>.debug_info</name>
         <load_address>0x138e</load_address>
         <run_address>0x138e</run_address>
         <size>0x1055</size>
         <input_file_ref idref="fl-2"/>
      </object_component>
      <object_component id="oc-37c">
         <name>.debug_info</name>
         <load_address>0x23e3</load_address>
         <run_address>0x23e3</run_address>
         <size>0x37e2</size>
         <input_file_ref idref="fl-2"/>
      </object_component>
      <object_component id="oc-1a7">
         <name>.debug_info</name>
         <load_address>0x5bc5</load_address>
         <run_address>0x5bc5</run_address>
         <size>0x341</size>
         <input_file_ref idref="fl-2"/>
      </object_component>
      <object_component id="oc-1a2">
         <name>.debug_info</name>
         <load_address>0x5f06</load_address>
         <run_address>0x5f06</run_address>
         <size>0x8b</size>
         <input_file_ref idref="fl-2"/>
      </object_component>
      <object_component id="oc-1fd">
         <name>.debug_info</name>
         <load_address>0x5f91</load_address>
         <run_address>0x5f91</run_address>
         <size>0x2a4</size>
         <input_file_ref idref="fl-2"/>
      </object_component>
      <object_component id="oc-2d9">
         <name>.debug_info</name>
         <load_address>0x6235</load_address>
         <run_address>0x6235</run_address>
         <size>0xef</size>
         <input_file_ref idref="fl-2"/>
      </object_component>
      <object_component id="oc-1ac">
         <name>.debug_info</name>
         <load_address>0x6324</load_address>
         <run_address>0x6324</run_address>
         <size>0xbb</size>
         <input_file_ref idref="fl-2"/>
      </object_component>
      <object_component id="oc-3b9">
         <name>.debug_info</name>
         <load_address>0x63df</load_address>
         <run_address>0x63df</run_address>
         <size>0x131</size>
         <input_file_ref idref="fl-2"/>
      </object_component>
      <object_component id="oc-ee">
         <name>.debug_info</name>
         <load_address>0x6510</load_address>
         <run_address>0x6510</run_address>
         <size>0x4f2</size>
         <input_file_ref idref="fl-3"/>
      </object_component>
      <object_component id="oc-32">
         <name>.debug_info</name>
         <load_address>0x6a02</load_address>
         <run_address>0x6a02</run_address>
         <size>0x84</size>
         <input_file_ref idref="fl-3"/>
      </object_component>
      <object_component id="oc-151">
         <name>.debug_info</name>
         <load_address>0x6a86</load_address>
         <run_address>0x6a86</run_address>
         <size>0x1108</size>
         <input_file_ref idref="fl-5"/>
      </object_component>
      <object_component id="oc-155">
         <name>.debug_info</name>
         <load_address>0x7b8e</load_address>
         <run_address>0x7b8e</run_address>
         <size>0x24f</size>
         <input_file_ref idref="fl-5"/>
      </object_component>
      <object_component id="oc-19f">
         <name>.debug_info</name>
         <load_address>0x7ddd</load_address>
         <run_address>0x7ddd</run_address>
         <size>0xdf</size>
         <input_file_ref idref="fl-5"/>
      </object_component>
      <object_component id="oc-180">
         <name>.debug_info</name>
         <load_address>0x7ebc</load_address>
         <run_address>0x7ebc</run_address>
         <size>0xd4</size>
         <input_file_ref idref="fl-5"/>
      </object_component>
      <object_component id="oc-183">
         <name>.debug_info</name>
         <load_address>0x7f90</load_address>
         <run_address>0x7f90</run_address>
         <size>0xd4</size>
         <input_file_ref idref="fl-5"/>
      </object_component>
      <object_component id="oc-15e">
         <name>.debug_info</name>
         <load_address>0x8064</load_address>
         <run_address>0x8064</run_address>
         <size>0xd4</size>
         <input_file_ref idref="fl-5"/>
      </object_component>
      <object_component id="oc-14e">
         <name>.debug_info</name>
         <load_address>0x8138</load_address>
         <run_address>0x8138</run_address>
         <size>0xd9</size>
         <input_file_ref idref="fl-5"/>
      </object_component>
      <object_component id="oc-192">
         <name>.debug_info</name>
         <load_address>0x8211</load_address>
         <run_address>0x8211</run_address>
         <size>0xda</size>
         <input_file_ref idref="fl-5"/>
      </object_component>
      <object_component id="oc-195">
         <name>.debug_info</name>
         <load_address>0x82eb</load_address>
         <run_address>0x82eb</run_address>
         <size>0xda</size>
         <input_file_ref idref="fl-5"/>
      </object_component>
      <object_component id="oc-199">
         <name>.debug_info</name>
         <load_address>0x83c5</load_address>
         <run_address>0x83c5</run_address>
         <size>0xda</size>
         <input_file_ref idref="fl-5"/>
      </object_component>
      <object_component id="oc-19c">
         <name>.debug_info</name>
         <load_address>0x849f</load_address>
         <run_address>0x849f</run_address>
         <size>0xda</size>
         <input_file_ref idref="fl-5"/>
      </object_component>
      <object_component id="oc-95">
         <name>.debug_info</name>
         <load_address>0x8579</load_address>
         <run_address>0x8579</run_address>
         <size>0x18d2</size>
         <input_file_ref idref="fl-5"/>
      </object_component>
      <object_component id="oc-1b1">
         <name>.debug_info</name>
         <load_address>0x9e4b</load_address>
         <run_address>0x9e4b</run_address>
         <size>0x95</size>
         <input_file_ref idref="fl-5"/>
      </object_component>
      <object_component id="oc-2ca">
         <name>.debug_info</name>
         <load_address>0x9ee0</load_address>
         <run_address>0x9ee0</run_address>
         <size>0x37e2</size>
         <input_file_ref idref="fl-5"/>
      </object_component>
      <object_component id="oc-1b6">
         <name>.debug_info</name>
         <load_address>0xd6c2</load_address>
         <run_address>0xd6c2</run_address>
         <size>0x439</size>
         <input_file_ref idref="fl-5"/>
      </object_component>
      <object_component id="oc-2de">
         <name>.debug_info</name>
         <load_address>0xdafb</load_address>
         <run_address>0xdafb</run_address>
         <size>0xcc</size>
         <input_file_ref idref="fl-5"/>
      </object_component>
      <object_component id="oc-337">
         <name>.debug_info</name>
         <load_address>0xdbc7</load_address>
         <run_address>0xdbc7</run_address>
         <size>0x2c</size>
         <input_file_ref idref="fl-5"/>
      </object_component>
      <object_component id="oc-2d4">
         <name>.debug_info</name>
         <load_address>0xdbf3</load_address>
         <run_address>0xdbf3</run_address>
         <size>0x35</size>
         <input_file_ref idref="fl-5"/>
      </object_component>
      <object_component id="oc-6f">
         <name>.debug_info</name>
         <load_address>0xdc28</load_address>
         <run_address>0xdc28</run_address>
         <size>0x2c7</size>
         <input_file_ref idref="fl-6"/>
      </object_component>
      <object_component id="oc-27">
         <name>.debug_info</name>
         <load_address>0xdeef</load_address>
         <run_address>0xdeef</run_address>
         <size>0xf3</size>
         <input_file_ref idref="fl-6"/>
      </object_component>
      <object_component id="oc-68">
         <name>.debug_info</name>
         <load_address>0xdfe2</load_address>
         <run_address>0xdfe2</run_address>
         <size>0x1ba</size>
         <input_file_ref idref="fl-6"/>
      </object_component>
      <object_component id="oc-1fa">
         <name>.debug_info</name>
         <load_address>0xe19c</load_address>
         <run_address>0xe19c</run_address>
         <size>0xec</size>
         <input_file_ref idref="fl-7"/>
      </object_component>
      <object_component id="oc-a7">
         <name>.debug_info</name>
         <load_address>0xe288</load_address>
         <run_address>0xe288</run_address>
         <size>0x25e</size>
         <input_file_ref idref="fl-7"/>
      </object_component>
      <object_component id="oc-23c">
         <name>.debug_info</name>
         <load_address>0xe4e6</load_address>
         <run_address>0xe4e6</run_address>
         <size>0x929</size>
         <input_file_ref idref="fl-8"/>
      </object_component>
      <object_component id="oc-16d">
         <name>.debug_info</name>
         <load_address>0xee0f</load_address>
         <run_address>0xee0f</run_address>
         <size>0x10d</size>
         <input_file_ref idref="fl-8"/>
      </object_component>
      <object_component id="oc-170">
         <name>.debug_info</name>
         <load_address>0xef1c</load_address>
         <run_address>0xef1c</run_address>
         <size>0x119</size>
         <input_file_ref idref="fl-8"/>
      </object_component>
      <object_component id="oc-245">
         <name>.debug_info</name>
         <load_address>0xf035</load_address>
         <run_address>0xf035</run_address>
         <size>0xee</size>
         <input_file_ref idref="fl-8"/>
      </object_component>
      <object_component id="oc-fa">
         <name>.debug_info</name>
         <load_address>0xf123</load_address>
         <run_address>0xf123</run_address>
         <size>0x151c</size>
         <input_file_ref idref="fl-8"/>
      </object_component>
      <object_component id="oc-3c2">
         <name>.debug_info</name>
         <load_address>0x1063f</load_address>
         <run_address>0x1063f</run_address>
         <size>0x37e2</size>
         <input_file_ref idref="fl-8"/>
      </object_component>
      <object_component id="oc-489">
         <name>.debug_info</name>
         <load_address>0x13e21</load_address>
         <run_address>0x13e21</run_address>
         <size>0x86f</size>
         <input_file_ref idref="fl-9"/>
      </object_component>
      <object_component id="oc-3b6">
         <name>.debug_info</name>
         <load_address>0x14690</load_address>
         <run_address>0x14690</run_address>
         <size>0x101</size>
         <input_file_ref idref="fl-9"/>
      </object_component>
      <object_component id="oc-22c">
         <name>.debug_info</name>
         <load_address>0x14791</load_address>
         <run_address>0x14791</run_address>
         <size>0x59b</size>
         <input_file_ref idref="fl-9"/>
      </object_component>
      <object_component id="oc-249">
         <name>.debug_info</name>
         <load_address>0x14d2c</load_address>
         <run_address>0x14d2c</run_address>
         <size>0x432</size>
         <input_file_ref idref="fl-10"/>
      </object_component>
      <object_component id="oc-103">
         <name>.debug_info</name>
         <load_address>0x1515e</load_address>
         <run_address>0x1515e</run_address>
         <size>0x1ee</size>
         <input_file_ref idref="fl-10"/>
      </object_component>
      <object_component id="oc-10f">
         <name>.debug_info</name>
         <load_address>0x1534c</load_address>
         <run_address>0x1534c</run_address>
         <size>0x202</size>
         <input_file_ref idref="fl-10"/>
      </object_component>
      <object_component id="oc-115">
         <name>.debug_info</name>
         <load_address>0x1554e</load_address>
         <run_address>0x1554e</run_address>
         <size>0x1cf</size>
         <input_file_ref idref="fl-10"/>
      </object_component>
      <object_component id="oc-109">
         <name>.debug_info</name>
         <load_address>0x1571d</load_address>
         <run_address>0x1571d</run_address>
         <size>0x1f5</size>
         <input_file_ref idref="fl-10"/>
      </object_component>
      <object_component id="oc-11b">
         <name>.debug_info</name>
         <load_address>0x15912</load_address>
         <run_address>0x15912</run_address>
         <size>0x1c2</size>
         <input_file_ref idref="fl-10"/>
      </object_component>
      <object_component id="oc-39b">
         <name>.debug_info</name>
         <load_address>0x15ad4</load_address>
         <run_address>0x15ad4</run_address>
         <size>0x26b</size>
         <input_file_ref idref="fl-10"/>
      </object_component>
      <object_component id="oc-2f7">
         <name>.debug_info</name>
         <load_address>0x15d3f</load_address>
         <run_address>0x15d3f</run_address>
         <size>0x439</size>
         <input_file_ref idref="fl-10"/>
      </object_component>
      <object_component id="oc-381">
         <name>.debug_info</name>
         <load_address>0x16178</load_address>
         <run_address>0x16178</run_address>
         <size>0x297</size>
         <input_file_ref idref="fl-10"/>
      </object_component>
      <object_component id="oc-20e">
         <name>.debug_info</name>
         <load_address>0x1640f</load_address>
         <run_address>0x1640f</run_address>
         <size>0xef</size>
         <input_file_ref idref="fl-10"/>
      </object_component>
      <object_component id="oc-204">
         <name>.debug_info</name>
         <load_address>0x164fe</load_address>
         <run_address>0x164fe</run_address>
         <size>0xbb</size>
         <input_file_ref idref="fl-10"/>
      </object_component>
      <object_component id="oc-3cc">
         <name>.debug_info</name>
         <load_address>0x165b9</load_address>
         <run_address>0x165b9</run_address>
         <size>0x2cc</size>
         <input_file_ref idref="fl-11"/>
      </object_component>
      <object_component id="oc-30c">
         <name>.debug_info</name>
         <load_address>0x16885</load_address>
         <run_address>0x16885</run_address>
         <size>0x202</size>
         <input_file_ref idref="fl-11"/>
      </object_component>
      <object_component id="oc-3ee">
         <name>.debug_info</name>
         <load_address>0x16a87</load_address>
         <run_address>0x16a87</run_address>
         <size>0x220</size>
         <input_file_ref idref="fl-11"/>
      </object_component>
      <object_component id="oc-2f3">
         <name>.debug_info</name>
         <load_address>0x16ca7</load_address>
         <run_address>0x16ca7</run_address>
         <size>0x1ff</size>
         <input_file_ref idref="fl-11"/>
      </object_component>
      <object_component id="oc-24e">
         <name>.debug_info</name>
         <load_address>0x16ea6</load_address>
         <run_address>0x16ea6</run_address>
         <size>0x1e2</size>
         <input_file_ref idref="fl-11"/>
      </object_component>
      <object_component id="oc-255">
         <name>.debug_info</name>
         <load_address>0x17088</load_address>
         <run_address>0x17088</run_address>
         <size>0x1da</size>
         <input_file_ref idref="fl-11"/>
      </object_component>
      <object_component id="oc-341">
         <name>.debug_info</name>
         <load_address>0x17262</load_address>
         <run_address>0x17262</run_address>
         <size>0x27a</size>
         <input_file_ref idref="fl-12"/>
      </object_component>
      <object_component id="oc-33d">
         <name>.debug_info</name>
         <load_address>0x174dc</load_address>
         <run_address>0x174dc</run_address>
         <size>0x12e</size>
         <input_file_ref idref="fl-12"/>
      </object_component>
      <object_component id="oc-17d">
         <name>.debug_info</name>
         <load_address>0x1760a</load_address>
         <run_address>0x1760a</run_address>
         <size>0x12b</size>
         <input_file_ref idref="fl-12"/>
      </object_component>
      <object_component id="oc-318">
         <name>.debug_info</name>
         <load_address>0x17735</load_address>
         <run_address>0x17735</run_address>
         <size>0x27b</size>
         <input_file_ref idref="fl-13"/>
      </object_component>
      <object_component id="oc-314">
         <name>.debug_info</name>
         <load_address>0x179b0</load_address>
         <run_address>0x179b0</run_address>
         <size>0x139</size>
         <input_file_ref idref="fl-13"/>
      </object_component>
      <object_component id="oc-173">
         <name>.debug_info</name>
         <load_address>0x17ae9</load_address>
         <run_address>0x17ae9</run_address>
         <size>0x12e</size>
         <input_file_ref idref="fl-13"/>
      </object_component>
      <object_component id="oc-2f6">
         <name>.debug_info</name>
         <load_address>0x17c17</load_address>
         <run_address>0x17c17</run_address>
         <size>0x3c6</size>
         <input_file_ref idref="fl-14"/>
      </object_component>
      <object_component id="oc-164">
         <name>.debug_info</name>
         <load_address>0x17fdd</load_address>
         <run_address>0x17fdd</run_address>
         <size>0x1fd</size>
         <input_file_ref idref="fl-14"/>
      </object_component>
      <object_component id="oc-2ec">
         <name>.debug_info</name>
         <load_address>0x181da</load_address>
         <run_address>0x181da</run_address>
         <size>0x38b</size>
         <input_file_ref idref="fl-15"/>
      </object_component>
      <object_component id="oc-2fd">
         <name>.debug_info</name>
         <load_address>0x18565</load_address>
         <run_address>0x18565</run_address>
         <size>0x1c4</size>
         <input_file_ref idref="fl-15"/>
      </object_component>
      <object_component id="oc-2e6">
         <name>.debug_info</name>
         <load_address>0x18729</load_address>
         <run_address>0x18729</run_address>
         <size>0x28d</size>
         <input_file_ref idref="fl-15"/>
      </object_component>
      <object_component id="oc-167">
         <name>.debug_info</name>
         <load_address>0x189b6</load_address>
         <run_address>0x189b6</run_address>
         <size>0x429</size>
         <input_file_ref idref="fl-15"/>
      </object_component>
      <object_component id="oc-158">
         <name>.debug_info</name>
         <load_address>0x18ddf</load_address>
         <run_address>0x18ddf</run_address>
         <size>0x26d</size>
         <input_file_ref idref="fl-15"/>
      </object_component>
      <object_component id="oc-3f1">
         <name>.debug_info</name>
         <load_address>0x1904c</load_address>
         <run_address>0x1904c</run_address>
         <size>0x40c</size>
         <input_file_ref idref="fl-16"/>
      </object_component>
      <object_component id="oc-306">
         <name>.debug_info</name>
         <load_address>0x19458</load_address>
         <run_address>0x19458</run_address>
         <size>0x215</size>
         <input_file_ref idref="fl-16"/>
      </object_component>
      <object_component id="oc-265">
         <name>.debug_info</name>
         <load_address>0x1966d</load_address>
         <run_address>0x1966d</run_address>
         <size>0x706</size>
         <input_file_ref idref="fl-17"/>
      </object_component>
      <object_component id="oc-224">
         <name>.debug_info</name>
         <load_address>0x19d73</load_address>
         <run_address>0x19d73</run_address>
         <size>0x124</size>
         <input_file_ref idref="fl-17"/>
      </object_component>
      <object_component id="oc-21e">
         <name>.debug_info</name>
         <load_address>0x19e97</load_address>
         <run_address>0x19e97</run_address>
         <size>0x1d9</size>
         <input_file_ref idref="fl-17"/>
      </object_component>
      <object_component id="oc-25d">
         <name>.debug_info</name>
         <load_address>0x1a070</load_address>
         <run_address>0x1a070</run_address>
         <size>0x1b8</size>
         <input_file_ref idref="fl-17"/>
      </object_component>
      <object_component id="oc-124">
         <name>.debug_info</name>
         <load_address>0x1a228</load_address>
         <run_address>0x1a228</run_address>
         <size>0x1ad</size>
         <input_file_ref idref="fl-17"/>
      </object_component>
      <object_component id="oc-13c">
         <name>.debug_info</name>
         <load_address>0x1a3d5</load_address>
         <run_address>0x1a3d5</run_address>
         <size>0x233</size>
         <input_file_ref idref="fl-17"/>
      </object_component>
      <object_component id="oc-12b">
         <name>.debug_info</name>
         <load_address>0x1a608</load_address>
         <run_address>0x1a608</run_address>
         <size>0x2fa</size>
         <input_file_ref idref="fl-17"/>
      </object_component>
      <object_component id="oc-131">
         <name>.debug_info</name>
         <load_address>0x1a902</load_address>
         <run_address>0x1a902</run_address>
         <size>0x308</size>
         <input_file_ref idref="fl-17"/>
      </object_component>
      <object_component id="oc-142">
         <name>.debug_info</name>
         <load_address>0x1ac0a</load_address>
         <run_address>0x1ac0a</run_address>
         <size>0x1d9</size>
         <input_file_ref idref="fl-17"/>
      </object_component>
      <object_component id="oc-dc">
         <name>.debug_info</name>
         <load_address>0x1ade3</load_address>
         <run_address>0x1ade3</run_address>
         <size>0x1ca</size>
         <input_file_ref idref="fl-17"/>
      </object_component>
      <object_component id="oc-e2">
         <name>.debug_info</name>
         <load_address>0x1afad</load_address>
         <run_address>0x1afad</run_address>
         <size>0x1a8</size>
         <input_file_ref idref="fl-17"/>
      </object_component>
      <object_component id="oc-136">
         <name>.debug_info</name>
         <load_address>0x1b155</load_address>
         <run_address>0x1b155</run_address>
         <size>0x38b</size>
         <input_file_ref idref="fl-17"/>
[...]
      <symbol id="sm-4d6">
         <name>ADC14_enableModule</name>
         <value>0x4add</value>
         <object_component_ref idref="oc-123"/>
      </symbol>
      <symbol id="sm-4d7">
         <name>ADC14_getResult</name>
         <value>0x475d</value>
         <object_component_ref idref="oc-e7"/>
      </symbol>
      <symbol id="sm-506">
         <name>CS_setDCOCenteredFrequency</name>
         <value>0x45e1</value>
         <object_component_ref idref="oc-c3"/>
      </symbol>
      <symbol id="sm-507">
         <name>CS_initClockSignal</name>
         <value>0x2e85</value>
         <object_component_ref idref="oc-c9"/>
      </symbol>
      <symbol id="sm-54f">
         <name>GPIO_setOutputHighOnPin</name>
         <value>0x4785</value>
         <object_component_ref idref="oc-235"/>
      </symbol>
      <symbol id="sm-550">
         <name>GPIO_setAsOutputPin</name>
         <value>0x43fd</value>
         <object_component_ref idref="oc-3a3"/>
      </symbol>
      <symbol id="sm-551">
         <name>GPIO_setOutputLowOnPin</name>
         <value>0x47ad</value>
         <object_component_ref idref="oc-22f"/>
      </symbol>
      <symbol id="sm-552">
         <name>GPIO_setAsPeripheralModuleFunctionOutputPin</name>
         <value>0x3bf9</value>
         <object_component_ref idref="oc-cf"/>
      </symbol>
      <symbol id="sm-553">
         <name>GPIO_setAsPeripheralModuleFunctionInputPin</name>
         <value>0x3b71</value>
         <object_component_ref idref="oc-11d"/>
      </symbol>
      <symbol id="sm-5f7">
         <name>I2C_masterSendMultiByteStop</name>
         <value>0x453d</value>
         <object_component_ref idref="oc-298"/>
      </symbol>
      <symbol id="sm-5f8">
         <name>I2C_masterSendMultiByteFinish</name>
         <value>0x3eed</value>
         <object_component_ref idref="oc-2b6"/>
      </symbol>
      <symbol id="sm-5f9">
         <name>I2C_masterSendMultiByteNext</name>
         <value>0x4615</value>
         <object_component_ref idref="oc-2b0"/>
      </symbol>
      <symbol id="sm-5fa">
         <name>I2C_masterSendMultiByteStart</name>
         <value>0x3f59</value>
         <object_component_ref idref="oc-28c"/>
      </symbol>
      <symbol id="sm-5fb">
         <name>I2C_masterReceiveMultiByteNext</name>
         <value>0x4a41</value>
         <object_component_ref idref="oc-2a4"/>
      </symbol>
      <symbol id="sm-5fc">
         <name>I2C_getInterruptStatus</name>
         <value>0x4931</value>
         <object_component_ref idref="oc-292"/>
      </symbol>
      <symbol id="sm-5fd">
         <name>I2C_setMode</name>
         <value>0x483f</value>
         <object_component_ref idref="oc-27a"/>
      </symbol>
      <symbol id="sm-5fe">
         <name>I2C_isBusBusy</name>
         <value>0x4949</value>
         <object_component_ref idref="oc-286"/>
      </symbol>
      <symbol id="sm-5ff">
         <name>I2C_masterReceiveMultiByteFinish</name>
         <value>0x447d</value>
         <object_component_ref idref="oc-2aa"/>
      </symbol>
      <symbol id="sm-600">
         <name>I2C_enableModule</name>
         <value>0x4a15</value>
         <object_component_ref idref="oc-274"/>
      </symbol>
      <symbol id="sm-601">
         <name>I2C_masterReceiveStart</name>
         <value>0x48fd</value>
         <object_component_ref idref="oc-29e"/>
      </symbol>
      <symbol id="sm-602">
         <name>I2C_clearInterruptFlag</name>
         <value>0x49e9</value>
         <object_component_ref idref="oc-280"/>
      </symbol>
      <symbol id="sm-603">
         <name>I2C_setSlaveAddress</name>
         <value>0x4a55</value>
         <object_component_ref idref="oc-2bc"/>
      </symbol>
      <symbol id="sm-604">
         <name>I2C_initMaster</name>
         <value>0x408d</value>
         <object_component_ref idref="oc-268"/>
      </symbol>
      <symbol id="sm-605">
         <name>I2C_disableModule</name>
         <value>0x49ff</value>
         <object_component_ref idref="oc-26e"/>
      </symbol>
      <symbol id="sm-645">
         <name>EUSCI_B_SPI_enable</name>
         <value>0x49a7</value>
         <object_component_ref idref="oc-480"/>
      </symbol>
      <symbol id="sm-646">
         <name>SPI_enableModule</name>
         <value>0x485b</value>
         <object_component_ref idref="oc-3af"/>
      </symbol>
      <symbol id="sm-647">
         <name>EUSCI_A_SPI_enable</name>
         <value>0x4991</value>
         <object_component_ref idref="oc-47a"/>
      </symbol>
      <symbol id="sm-648">
         <name>SPI_initMaster</name>
         <value>0x38f3</value>
         <object_component_ref idref="oc-3a9"/>
      </symbol>
      <symbol id="sm-67c">
         <name>Timer_A_setCompareValue</name>
         <value>0x47d5</value>
         <object_component_ref idref="oc-18b"/>
      </symbol>
      <symbol id="sm-67d">
         <name>Timer_A_generatePWM</name>
         <value>0x3e09</value>
         <object_component_ref idref="oc-d5"/>
      </symbol>
      <symbol id="sm-689">
         <name>WDT_A_holdTimer</name>
         <value>0x47fd</value>
         <object_component_ref idref="oc-f3"/>
      </symbol>
      <symbol id="sm-6b3">
         <name>scalbn</name>
         <value>0x3305</value>
         <object_component_ref idref="oc-4e9"/>
      </symbol>
      <symbol id="sm-6b4">
         <name>scalbnl</name>
         <value>0x3305</value>
         <object_component_ref idref="oc-4e9"/>
      </symbol>
      <symbol id="sm-6b5">
         <name>ldexpl</name>
         <value>0x3305</value>
         <object_component_ref idref="oc-4e9"/>
      </symbol>
      <symbol id="sm-6b6">
         <name>ldexp</name>
         <value>0x3305</value>
         <object_component_ref idref="oc-4e9"/>
      </symbol>
      <symbol id="sm-6e5">
         <name>snprintf</name>
         <value>0x42dd</value>
         <object_component_ref idref="oc-176"/>
      </symbol>
      <symbol id="sm-6fc">
         <name>__aeabi_dsub</name>
         <value>0x2679</value>
         <object_component_ref idref="oc-4c3"/>
      </symbol>
      <symbol id="sm-6fd">
         <name>__aeabi_dadd</name>
         <value>0x2683</value>
         <object_component_ref idref="oc-4c3"/>
      </symbol>
      <symbol id="sm-71f">
         <name>__aeabi_cdcmpeq</name>
         <value>0x3c81</value>
         <object_component_ref idref="oc-409"/>
      </symbol>
      <symbol id="sm-720">
         <name>__aeabi_cdcmple</name>
         <value>0x3c81</value>
         <object_component_ref idref="oc-409"/>
      </symbol>
      <symbol id="sm-721">
         <name>__aeabi_cdrcmple</name>
         <value>0x3d07</value>
         <object_component_ref idref="oc-4ae"/>
      </symbol>
      <symbol id="sm-735">
         <name>__aeabi_ddiv</name>
         <value>0x2d4d</value>
         <object_component_ref idref="oc-4a9"/>
      </symbol>
      <symbol id="sm-740">
         <name>__aeabi_dmul</name>
         <value>0x3415</value>
         <object_component_ref idref="oc-4a4"/>
      </symbol>
      <symbol id="sm-74a">
         <name>__aeabi_i2d</name>
         <value>0x46ad</value>
         <object_component_ref idref="oc-4be"/>
      </symbol>
      <symbol id="sm-765">
         <name>memcpy</name>
         <value>0x3a3f</value>
         <object_component_ref idref="oc-37"/>
      </symbol>
      <symbol id="sm-766">
         <name>__aeabi_memcpy</name>
         <value>0x3a3f</value>
         <object_component_ref idref="oc-37"/>
      </symbol>
      <symbol id="sm-767">
         <name>__aeabi_memcpy8</name>
         <value>0x3a3f</value>
         <object_component_ref idref="oc-37"/>
      </symbol>
      <symbol id="sm-768">
         <name>__aeabi_memcpy4</name>
         <value>0x3a3f</value>
         <object_component_ref idref="oc-37"/>
      </symbol>
      <symbol id="sm-777">
         <name>__aeabi_memset</name>
         <value>0x3d8f</value>
         <object_component_ref idref="oc-87"/>
      </symbol>
      <symbol id="sm-778">
         <name>memset</name>
         <value>0x3d95</value>
         <object_component_ref idref="oc-87"/>
      </symbol>
      <symbol id="sm-779">
         <name>__aeabi_memset8</name>
         <value>0x3d8f</value>
         <object_component_ref idref="oc-87"/>
      </symbol>
      <symbol id="sm-77a">
         <name>__aeabi_memset4</name>
         <value>0x3d8f</value>
         <object_component_ref idref="oc-87"/>
      </symbol>
      <symbol id="sm-77b">
         <name>__aeabi_memclr8</name>
         <value>0x3d8d</value>
         <object_component_ref idref="oc-87"/>
      </symbol>
      <symbol id="sm-77c">
         <name>__aeabi_memclr4</name>
         <value>0x3d8d</value>
         <object_component_ref idref="oc-87"/>
      </symbol>
      <symbol id="sm-77d">
         <name>__aeabi_memclr</name>
         <value>0x3d8d</value>
         <object_component_ref idref="oc-87"/>
      </symbol>
      <symbol id="sm-796">
         <name>__TI_zero_init_nomemset</name>
         <value>0x4877</value>
         <object_component_ref idref="oc-43"/>
      </symbol>
      <symbol id="sm-7ad">
         <name>__TI_decompress_none</name>
         <value>0x4ac1</value>
         <object_component_ref idref="oc-1d"/>
      </symbol>
      <symbol id="sm-7d0">
         <name>__TI_decompress_lzss</name>
         <value>0x3fc1</value>
         <object_component_ref idref="oc-17"/>
      </symbol>
      <symbol id="sm-7df">
         <name>strcmp</name>
         <value>0x4979</value>
         <object_component_ref idref="oc-185"/>
      </symbol>
      <symbol id="sm-7f2">
         <name>__stack</name>
         <value>0x2000fe00</value>
         <object_component_ref idref="oc-29"/>
      </symbol>
      <symbol id="sm-7f3">
         <name>_c_int00_noargs</name>
         <value>0x4649</value>
         <object_component_ref idref="oc-55"/>
      </symbol>
      <symbol id="sm-809">
         <name>__aeabi_errno_addr</name>
         <value>0x4ae9</value>
         <object_component_ref idref="oc-432"/>
      </symbol>
      <symbol id="sm-80a">
         <name>errno</name>
         <value>0x20000060</value>
         <object_component_ref idref="oc-4ff"/>
      </symbol>
      <symbol id="sm-814">
         <name>copysign</name>
         <value>0x4917</value>
         <object_component_ref idref="oc-54b"/>
      </symbol>
      <symbol id="sm-815">
         <name>copysignl</name>
         <value>0x4917</value>
         <object_component_ref idref="oc-54b"/>
      </symbol>
      <symbol id="sm-97a">
         <name>__TI_printfi</name>
         <value>0xe5</value>
         <object_component_ref idref="oc-319"/>
      </symbol>
      <symbol id="sm-984">
         <name>__aeabi_d2iz</name>
         <value>0x4371</value>
         <object_component_ref idref="oc-4b3"/>
      </symbol>
      <symbol id="sm-991">
         <name>__aeabi_uldivmod</name>
         <value>0x3adb</value>
         <object_component_ref idref="oc-49d"/>
      </symbol>
      <symbol id="sm-9b9">
         <name>__TI_auto_init_nobinit_nopinit</name>
         <value>0x43b9</value>
         <object_component_ref idref="oc-1c7"/>
      </symbol>
      <symbol id="sm-9c3">
         <name>_system_pre_init</name>
         <value>0x4af1</value>
         <object_component_ref idref="oc-8d"/>
      </symbol>
      <symbol id="sm-9cf">
         <name>C$$EXIT</name>
         <value>0x4af5</value>
         <object_component_ref idref="oc-1bb"/>
      </symbol>
      <symbol id="sm-9d0">
         <name>abort</name>
         <value>0x4af5</value>
         <object_component_ref idref="oc-1bb"/>
      </symbol>
      <symbol id="sm-9e0">
         <name>__TI_ltoa</name>
         <value>0x4199</value>
         <object_component_ref idref="oc-4b8"/>
      </symbol>
      <symbol id="sm-9f7">
         <name>atoi</name>
         <value>0x4291</value>
         <object_component_ref idref="oc-3fd"/>
      </symbol>
      <symbol id="sm-a02">
         <name>_ctypes_</name>
         <value>0x5680</value>
         <object_component_ref idref="oc-498"/>
      </symbol>
      <symbol id="sm-a12">
         <name>memccpy</name>
         <value>0x4893</value>
         <object_component_ref idref="oc-426"/>
      </symbol>
      <symbol id="sm-a22">
         <name>strchr</name>
         <value>0x4a2b</value>
         <object_component_ref idref="oc-4ef"/>
      </symbol>
      <symbol id="sm-a30">
         <name>strlen</name>
         <value>0x4a69</value>
         <object_component_ref idref="oc-3f7"/>
      </symbol>
      <symbol id="sm-a49">
         <name>wcslen</name>
         <value>0x4a8f</value>
         <object_component_ref idref="oc-42c"/>
      </symbol>
      <symbol id="sm-a5f">
         <name>frexpl</name>
         <value>0x4029</value>
         <object_component_ref idref="oc-4e3"/>
      </symbol>
      <symbol id="sm-a60">
         <name>frexp</name>
         <value>0x4029</value>
         <object_component_ref idref="oc-4e3"/>
      </symbol>
      <symbol id="sm-a6a">
         <name>__aeabi_idiv0</name>
         <value>0xb33</value>
         <object_component_ref idref="oc-532"/>
      </symbol>
      <symbol id="sm-a6b">
         <name>__aeabi_ldiv0</name>
         <value>0xb33</value>
         <object_component_ref idref="oc-532"/>
      </symbol>
      <symbol id="sm-a6c">
         <name>__TI_static_base__</name>
         <value>0x0</value>
      </symbol>
      <symbol id="sm-a6f">
         <name>__mpu_init</name>
         <value>0x0</value>
      </symbol>
      <symbol id="sm-a70">
         <name>_system_post_cinit</name>
         <value>0x0</value>
      </symbol>
      <symbol id="sm-a71">
         <name>NMI_Handler</name>
         <value>0x4adb</value>
      </symbol>
      <symbol id="sm-a72">
         <name>HardFault_Handler</name>
         <value>0x4adb</value>
      </symbol>
      <symbol id="sm-a73">
         <name>MemManage_Handler</name>
         <value>0x4adb</value>
      </symbol>
      <symbol id="sm-a74">
         <name>BusFault_Handler</name>
         <value>0x4adb</value>
      </symbol>
      <symbol id="sm-a75">
         <name>UsageFault_Handler</name>
         <value>0x4adb</value>
      </symbol>
      <symbol id="sm-a76">
         <name>SVC_Handler</name>
         <value>0x4adb</value>
      </symbol>
      <symbol id="sm-a77">
         <name>DebugMon_Handler</name>
         <value>0x4adb</value>
      </symbol>
      <symbol id="sm-a78">
         <name>PendSV_Handler</name>
         <value>0x4adb</value>
      </symbol>
      <symbol id="sm-a79">
         <name>SysTick_Handler</name>
         <value>0x4adb</value>
      </symbol>
      <symbol id="sm-a7a">
         <name>PSS_IRQHandler</name>
         <value>0x4adb</value>
      </symbol>
      <symbol id="sm-a7b">
         <name>CS_IRQHandler</name>
         <value>0x4adb</value>
      </symbol>
      <symbol id="sm-a7c">
         <name>PCM_IRQHandler</name>
         <value>0x4adb</value>
      </symbol>
      <symbol id="sm-a7d">
         <name>WDT_A_IRQHandler</name>
         <value>0x4adb</value>
      </symbol>
      <symbol id="sm-a7e">
         <name>FPU_IRQHandler</name>
         <value>0x4adb</value>
      </symbol>
      <symbol id="sm-a7f">
         <name>FLCTL_IRQHandler</name>
         <value>0x4adb</value>
      </symbol>
      <symbol id="sm-a80">
         <name>COMP_E0_IRQHandler</name>
         <value>0x4adb</value>
      </symbol>
      <symbol id="sm-a81">
         <name>COMP_E1_IRQHandler</name>
         <value>0x4adb</value>
      </symbol>
      <symbol id="sm-a82">
         <name>TA0_0_IRQHandler</name>
         <value>0x4adb</value>
      </symbol>
      <symbol id="sm-a83">
         <name>TA0_N_IRQHandler</name>
         <value>0x4adb</value>
      </symbol>
      <symbol id="sm-a84">
         <name>TA1_0_IRQHandler</name>
         <value>0x4adb</value>
      </symbol>
      <symbol id="sm-a85">
         <name>TA1_N_IRQHandler</name>
         <value>0x4adb</value>
      </symbol>
      <symbol id="sm-a86">
         <name>TA2_0_IRQHandler</name>
         <value>0x4adb</value>
      </symbol>
      <symbol id="sm-a87">
         <name>TA2_N_IRQHandler</name>
         <value>0x4adb</value>
      </symbol>
      <symbol id="sm-a88">
         <name>TA3_0_IRQHandler</name>
         <value>0x4adb</value>
      </symbol>
      <symbol id="sm-a89">
         <name>TA3_N_IRQHandler</name>
         <value>0x4adb</value>
      </symbol>
      <symbol id="sm-a8a">
         <name>EUSCIA0_IRQHandler</name>
         <value>0x4adb</value>
      </symbol>
      <symbol id="sm-a8b">
         <name>EUSCIA1_IRQHandler</name>
         <value>0x4adb</value>
      </symbol>
      <symbol id="sm-a8c">
         <name>EUSCIA2_IRQHandler</name>
         <value>0x4adb</value>
      </symbol>
      <symbol id="sm-a8d">
         <name>EUSCIA3_IRQHandler</name>
         <value>0x4adb</value>
      </symbol>
      <symbol id="sm-a8e">
         <name>EUSCIB0_IRQHandler</name>
         <value>0x4adb</value>
      </symbol>
      <symbol id="sm-a8f">
         <name>EUSCIB1_IRQHandler</name>
         <value>0x4adb</value>
      </symbol>
      <symbol id="sm-a90">
         <name>EUSCIB2_IRQHandler</name>
         <value>0x4adb</value>
      </symbol>
      <symbol id="sm-a91">
         <name>EUSCIB3_IRQHandler</name>
         <value>0x4adb</value>
      </symbol>
      <symbol id="sm-a92">
         <name>ADC14_IRQHandler</name>
         <value>0x4adb</value>
      </symbol>
      <symbol id="sm-a93">
         <name>T32_INT1_IRQHandler</name>
         <value>0x4adb</value>
      </symbol>
      <symbol id="sm-a94">
         <name>T32_INT2_IRQHandler</name>
         <value>0x4adb</value>
      </symbol>
      <symbol id="sm-a95">
         <name>T32_INTC_IRQHandler</name>
         <value>0x4adb</value>
      </symbol>
      <symbol id="sm-a96">
         <name>AES256_IRQHandler</name>
         <value>0x4adb</value>
      </symbol>
      <symbol id="sm-a97">
         <name>RTC_C_IRQHandler</name>
         <value>0x4adb</value>
      </symbol>
      <symbol id="sm-a98">
         <name>DMA_ERR_IRQHandler</name>
         <value>0x4adb</value>
      </symbol>
      <symbol id="sm-a99">
         <name>DMA_INT3_IRQHandler</name>
         <value>0x4adb</value>
      </symbol>
      <symbol id="sm-a9a">
         <name>DMA_INT2_IRQHandler</name>
         <value>0x4adb</value>
      </symbol>
      <symbol id="sm-a9b">
         <name>DMA_INT1_IRQHandler</name>
         <value>0x4adb</value>
      </symbol>
      <symbol id="sm-a9c">
         <name>DMA_INT0_IRQHandler</name>
         <value>0x4adb</value>
      </symbol>
      <symbol id="sm-a9d">
         <name>PORT1_IRQHandler</name>
         <value>0x4adb</value>
      </symbol>
      <symbol id="sm-a9e">
         <name>PORT2_IRQHandler</name>
         <value>0x4adb</value>
      </symbol>
      <symbol id="sm-a9f">
         <name>PORT3_IRQHandler</name>
         <value>0x4adb</value>
      </symbol>
      <symbol id="sm-aa0">
         <name>PORT4_IRQHandler</name>
         <value>0x4adb</value>
      </symbol>
      <symbol id="sm-aa1">
         <name>PORT5_IRQHandler</name>
         <value>0x4adb</value>
      </symbol>
      <symbol id="sm-aa2">
         <name>PORT6_IRQHandler</name>
         <value>0x4adb</value>
      </symbol>
   </symbol_table>
   <title>Link successful</title>
</link_info>
